                                   MODFLOW 6
                U.S. GEOLOGICAL SURVEY MODULAR HYDROLOGIC MODEL
                          GROUNDWATER FLOW MODEL (GWF)
                            VERSION 6.6.3 09/29/2025

   MODFLOW 6 compiled Oct 07 2025 23:07:48 with Intel(R) Fortran Intel(R) 64
   Compiler Classic for applications running on Intel(R) 64, Version 2021.7.0
                             Build 20220726_000000

This software has been approved for release by the U.S. Geological 
Survey (USGS). Although the software has been subjected to rigorous 
review, the USGS reserves the right to update the software as needed 
pursuant to further analysis and review. No warranty, expressed or 
implied, is made by the USGS or the U.S. Government as to the 
functionality of the software and related material nor shall the 
fact of release constitute any such warranty. Furthermore, the 
software is released on condition that neither the USGS nor the U.S. 
Government shall be held liable for any damages resulting from its 
authorized or unauthorized use. Also refer to the USGS Water 
Resources Software User Rights Notice for complete use, copyright, 
and distribution information.


As a work of the United States Government, this USGS product is 
in the public domain within the United States. You can copy, 
modify, distribute, and perform the work, even for commercial 
purposes, all without asking permission. Additionally, USGS 
waives copyright and related rights in the work worldwide 
through CC0 1.0 Universal Public Domain Dedication 
(https://creativecommons.org/publicdomain/zero/1.0/).

The following GNU Lesser General Public License (LGPL) libraries
are used in this USGS product:

    SPARSKIT version 2.0
      ilut, luson, and qsplit 
      (https://www-users.cse.umn.edu/~saad/software/SPARSKIT/)

    RCM - Reverse Cuthill McKee Ordering
      (https://people.math.sc.edu/Burkardt/f_src/rcm/rcm.html)

    BLAS - Basic Linear Algebra Subprograms Level 1
      (https://people.math.sc.edu/Burkardt/f_src/blas1_d/blas1_d.html)

    SPARSEKIT - Sparse Matrix Utility Package
      amux, dperm, dvperm, rperm, and cperm
      (https://people.sc.fsu.edu/~jburkardt/f77_src/sparsekit/sparsekit.html)

The following BSD-3 License libraries are used in this USGS product:

    Modern Fortran DAG Library
      Copyright (c) 2018, Jacob Williams
      All rights reserved.
      (https://github.com/jacobwilliams/daglib)

MODFLOW 6 compiler options: /O2 /heap-arrays:0 /fpe:0 /traceback /nologo /fpp
/c /module:win64\mod_mf6\ /object:win64\obj_mf6\

System command used to initiate simulation:
C:\Python\Personal\kfm-ms\codes\binaries\MODFLOW6\windows\mf6.exe

MODFLOW was compiled using uniform precision.

Real Variables
  KIND: 8
  TINY (smallest non-zero value):    2.225074-308
  HUGE (largest value):    1.797693+308
  PRECISION: 15
  SIZE IN BITS: 64

Integer Variables
  KIND: 4
  HUGE (largest value): 2147483647
  SIZE IN BITS: 32

Long Integer Variables
  KIND: 8
  HUGE (largest value): 9223372036854775807
  SIZE IN BITS: 64

Logical Variables
  KIND: 4
  SIZE IN BITS: 32
 
 NAMEFILE OPTIONS:
    FLOWS WILL BE SAVED TO BUDGET FILE SPECIFIED IN OUTPUT CONTROL
 END NAMEFILE OPTIONS:

 DIS -- STRUCTURED GRID DISCRETIZATION PACKAGE, VERSION 2 : 3/27/2014 - INPUT READ FROM MEMPATH: __INPUT__/PHANTOM_15/DIS                          


 NPF -- NODE PROPERTY FLOW PACKAGE, VERSION 1, 3/30/2015 INPUT READ FROM MEMPATH: __INPUT__/PHANTOM_15/NPF                          


 IC -- Initial Conditions Package, Version 8, 3/28/2015 input read from mempath: __INPUT__/PHANTOM_15/IC                           


 Setting Discretization Options
    XORIGIN = .000000000000000
    YORIGIN = .000000000000000
 End Setting Discretization Options

 Setting Discretization Dimensions
    NLAY = 1
    NROW = 50
    NCOL = 50
 End Setting Discretization Dimensions

 Setting Discretization Griddata
    DELR set from input file
    DELC set from input file
    TOP set from input file
    BOTM set from input file
    IDOMAIN set from input file
 End Setting Discretization Griddata


 The specified IDOMAIN results in a reduced number of cells.
 Number of user nodes: 2500
 Number of nodes in solution: 2400


 Setting NPF Options
 End Setting NPF Options

 Setting NPF Griddata
    ICELLTYPE set from input file
    K set from input file
    K33 not provided.  Setting K33 = K.
    K22 not provided.  Setting K22 = K.
 End Setting NPF Griddata


 WEL -- WEL PACKAGE, VERSION 8, 2/22/2014 INPUT READ FROM MEMPATH: __INPUT__/PHANTOM_15/WEL                          

 PROCESSING WEL BASE OPTIONS
 END OF WEL BASE OPTIONS

 PROCESSING WEL OPTIONS
 END OF WEL OPTIONS

 PROCESSING WEL BASE DIMENSIONS
    MAXBOUND =       1
 END OF WEL BASE DIMENSIONS

 RIV -- RIV PACKAGE, VERSION 8, 2/22/2014 INPUT READ FROM MEMPATH: __INPUT__/PHANTOM_15/RIV                          

 PROCESSING RIV BASE OPTIONS
 END OF RIV BASE OPTIONS

 PROCESSING RIV OPTIONS
 END OF RIV OPTIONS

 PROCESSING RIV BASE DIMENSIONS
    MAXBOUND =      48
 END OF RIV BASE DIMENSIONS

 CHD -- CHD PACKAGE, VERSION 8, 2/22/2014 INPUT READ FROM MEMPATH: __INPUT__/PHANTOM_15/CHD                          

 PROCESSING CHD BASE OPTIONS
 END OF CHD BASE OPTIONS

 PROCESSING CHD BASE DIMENSIONS
    MAXBOUND =      48
 END OF CHD BASE DIMENSIONS
    STRT set from input file

 STO -- STORAGE PACKAGE, VERSION 1, 5/19/2014 INPUT READ FROM MEMPATH: __INPUT__/PHANTOM_15/STO                          


 PROCESSING STORAGE OPTIONS
 END OF STORAGE OPTIONS
    BINARY GRID INFORMATION WILL BE WRITTEN TO:
      UNIT NUMBER: 1017
      FILE NAME: phantom_15.dis.grb

 OPENED phantom_15.dis.grb
 FILE TYPE:DATA(BINARY)   UNIT 1017   STATUS:REPLACE             
 FORMAT:UNFORMATTED            ACCESS:STREAM              
 ACTION:READWRITE           

      THE LAST TIME STEP WILL BE PRINTED
      THE LAST TIME STEP WILL BE PRINTED
 # File generated by Flopy version 3.10.0 on 05/18/2026 at 14:43:24.

 PROCESSING OC OPTIONS

    HEAD INFORMATION WILL BE WRITTEN TO:
      UNIT NUMBER: 1018
      FILE NAME: phantom_15.hds

 OPENED phantom_15.hds
 FILE TYPE:DATA(BINARY)   UNIT 1018   STATUS:REPLACE             
 FORMAT:UNFORMATTED            ACCESS:STREAM              
 ACTION:READWRITE           

 END OF OC OPTIONS

start timestep kper="1" kstp="1" mode="normal"


 BEGIN READING OUTPUT CONTROL FOR STRESS PERIOD 1
      ALL TIME STEPS WILL BE SAVED

 END READING OUTPUT CONTROL FOR STRESS PERIOD 1


 PROCESSING STORAGE PERIOD DATA
 END PROCESSING STORAGE PERIOD DATA


 STRESS PERIOD 1 IS TRANSIENT


 HEAD WILL BE SAVED ON UNIT 1018 AT END OF TIME STEP    1, STRESS PERIOD    1


  VOLUME BUDGET FOR ENTIRE MODEL AT END OF TIME STEP    1, STRESS PERIOD   1
  ---------------------------------------------------------------------------------------------------

     CUMULATIVE VOLUME      L**3       RATES FOR THIS TIME STEP      L**3/T          PACKAGE NAME    
     ------------------                 ------------------------                     ----------------

           IN:                                      IN:
           ---                                      ---
              STO-SS =           1.6027                STO-SS =           0.2290     STORAGE                          
                 WEL =           0.0000                   WEL =           0.0000     WEL                              
                 RIV =           0.0000                   RIV =           0.0000     RIV                              
                 CHD =           7.6820                   CHD =           1.0974     CHD                              

            TOTAL IN =           9.2848              TOTAL IN =           1.3264

          OUT:                                     OUT:
          ----                                     ----
              STO-SS =       6.3782E-03                STO-SS =       9.1118E-04     STORAGE                          
                 WEL =           7.0000                   WEL =           1.0000     WEL                              
                 RIV =           2.2806                   RIV =           0.3258     RIV                              
                 CHD =           0.0000                   CHD =           0.0000     CHD                              

           TOTAL OUT =           9.2870             TOTAL OUT =           1.3267

            IN - OUT =      -2.2228E-03              IN - OUT =      -3.1754E-04

 PERCENT DISCREPANCY =          -0.02     PERCENT DISCREPANCY =          -0.02




         TIME SUMMARY AT END OF TIME STEP    1 IN STRESS PERIOD    1
                          TIME STEP LENGTH =    7.00000    
                        STRESS PERIOD TIME =    7.00000    
                     TOTAL SIMULATION TIME =    7.00000    

end timestep


start timestep kper="2" kstp="1" mode="normal"


 END OF FILE DETECTED IN OUTPUT CONTROL.
 CURRENT OUTPUT CONTROL SETTINGS WILL BE 
 REPEATED UNTIL THE END OF THE SIMULATION.

 OUTPUT CONTROL FOR STRESS PERIOD 2 IS REPEATED USING SETTINGS FROM A PREVIOUS STRESS PERIOD.

 HEAD WILL BE SAVED ON UNIT 1018 AT END OF TIME STEP    1, STRESS PERIOD    2


  VOLUME BUDGET FOR ENTIRE MODEL AT END OF TIME STEP    1, STRESS PERIOD   2
  ---------------------------------------------------------------------------------------------------

     CUMULATIVE VOLUME      L**3       RATES FOR THIS TIME STEP      L**3/T          PACKAGE NAME    
     ------------------                 ------------------------                     ----------------

           IN:                                      IN:
           ---                                      ---
              STO-SS =           2.0100                STO-SS =       5.8179E-02     STORAGE                          
                 WEL =           0.0000                   WEL =           0.0000     WEL                              
                 RIV =           0.0000                   RIV =           0.0000     RIV                              
                 CHD =          16.1274                   CHD =           1.2065     CHD                              

            TOTAL IN =          18.1374              TOTAL IN =           1.2647

          OUT:                                     OUT:
          ----                                     ----
              STO-SS =       6.3782E-03                STO-SS =           0.0000     STORAGE                          
                 WEL =          14.0000                   WEL =           1.0000     WEL                              
                 RIV =           4.1607                   RIV =           0.2686     RIV                              
                 CHD =           0.0000                   CHD =           0.0000     CHD                              

           TOTAL OUT =          18.1670             TOTAL OUT =           1.2686

            IN - OUT =      -2.9598E-02              IN - OUT =      -3.9108E-03

 PERCENT DISCREPANCY =          -0.16     PERCENT DISCREPANCY =          -0.31




         TIME SUMMARY AT END OF TIME STEP    1 IN STRESS PERIOD    2
                          TIME STEP LENGTH =    7.00000    
                        STRESS PERIOD TIME =    7.00000    
                     TOTAL SIMULATION TIME =    14.0000    

end timestep


start timestep kper="3" kstp="1" mode="normal"


 OUTPUT CONTROL FOR STRESS PERIOD 3 IS REPEATED USING SETTINGS FROM A PREVIOUS STRESS PERIOD.

 HEAD WILL BE SAVED ON UNIT 1018 AT END OF TIME STEP    1, STRESS PERIOD    3


  VOLUME BUDGET FOR ENTIRE MODEL AT END OF TIME STEP    1, STRESS PERIOD   3
  ---------------------------------------------------------------------------------------------------

     CUMULATIVE VOLUME      L**3       RATES FOR THIS TIME STEP      L**3/T          PACKAGE NAME    
     ------------------                 ------------------------                     ----------------

           IN:                                      IN:
           ---                                      ---
              STO-SS =           2.1177                STO-SS =       1.5388E-02     STORAGE                          
                 WEL =           0.0000                   WEL =           0.0000     WEL                              
                 RIV =           0.0000                   RIV =           0.0000     RIV                              
                 CHD =          24.7434                   CHD =           1.2309     CHD                              

            TOTAL IN =          26.8611              TOTAL IN =           1.2462

          OUT:                                     OUT:
          ----                                     ----
              STO-SS =       6.3782E-03                STO-SS =           0.0000     STORAGE                          
                 WEL =          21.0000                   WEL =           1.0000     WEL                              
                 RIV =           5.9128                   RIV =           0.2503     RIV                              
                 CHD =           0.0000                   CHD =           0.0000     CHD                              

           TOTAL OUT =          26.9192             TOTAL OUT =           1.2503

            IN - OUT =      -5.8061E-02              IN - OUT =      -4.0661E-03

 PERCENT DISCREPANCY =          -0.22     PERCENT DISCREPANCY =          -0.33




         TIME SUMMARY AT END OF TIME STEP    1 IN STRESS PERIOD    3
                          TIME STEP LENGTH =    7.00000    
                        STRESS PERIOD TIME =    7.00000    
                     TOTAL SIMULATION TIME =    21.0000    

end timestep


start timestep kper="4" kstp="1" mode="normal"


 OUTPUT CONTROL FOR STRESS PERIOD 4 IS REPEATED USING SETTINGS FROM A PREVIOUS STRESS PERIOD.

 HEAD WILL BE SAVED ON UNIT 1018 AT END OF TIME STEP    1, STRESS PERIOD    4


  VOLUME BUDGET FOR ENTIRE MODEL AT END OF TIME STEP    1, STRESS PERIOD   4
  ---------------------------------------------------------------------------------------------------

     CUMULATIVE VOLUME      L**3       RATES FOR THIS TIME STEP      L**3/T          PACKAGE NAME    
     ------------------                 ------------------------                     ----------------

           IN:                                      IN:
           ---                                      ---
              STO-SS =           2.1517                STO-SS =       4.8607E-03     STORAGE                          
                 WEL =           0.0000                   WEL =           0.0000     WEL                              
                 RIV =           0.0000                   RIV =           0.0000     RIV                              
                 CHD =          33.4007                   CHD =           1.2368     CHD                              

            TOTAL IN =          35.5524              TOTAL IN =           1.2416

          OUT:                                     OUT:
          ----                                     ----
              STO-SS =       6.3782E-03                STO-SS =           0.0000     STORAGE                          
                 WEL =          28.0000                   WEL =           1.0000     WEL                              
                 RIV =           7.6124                   RIV =           0.2428     RIV                              
                 CHD =           0.0000                   CHD =           0.0000     CHD                              

           TOTAL OUT =          35.6188             TOTAL OUT =           1.2428

            IN - OUT =      -6.6371E-02              IN - OUT =      -1.1872E-03

 PERCENT DISCREPANCY =          -0.19     PERCENT DISCREPANCY =          -0.10




         TIME SUMMARY AT END OF TIME STEP    1 IN STRESS PERIOD    4
                          TIME STEP LENGTH =    7.00000    
                        STRESS PERIOD TIME =    7.00000    
                     TOTAL SIMULATION TIME =    28.0000    

end timestep


start timestep kper="5" kstp="1" mode="normal"


 OUTPUT CONTROL FOR STRESS PERIOD 5 IS REPEATED USING SETTINGS FROM A PREVIOUS STRESS PERIOD.

 HEAD WILL BE SAVED ON UNIT 1018 AT END OF TIME STEP    1, STRESS PERIOD    5


  VOLUME BUDGET FOR ENTIRE MODEL AT END OF TIME STEP    1, STRESS PERIOD   5
  ---------------------------------------------------------------------------------------------------

     CUMULATIVE VOLUME      L**3       RATES FOR THIS TIME STEP      L**3/T          PACKAGE NAME    
     ------------------                 ------------------------                     ----------------

           IN:                                      IN:
           ---                                      ---
              STO-SS =           2.1597                STO-SS =       1.1438E-03     STORAGE                          
                 WEL =           0.0000                   WEL =           0.0000     WEL                              
                 RIV =           0.0000                   RIV =           0.0000     RIV                              
                 CHD =          42.0723                   CHD =           1.2388     CHD                              

            TOTAL IN =          44.2321              TOTAL IN =           1.2400

          OUT:                                     OUT:
          ----                                     ----
              STO-SS =       6.3782E-03                STO-SS =           0.0000     STORAGE                          
                 WEL =          35.0000                   WEL =           1.0000     WEL                              
                 RIV =           9.3035                   RIV =           0.2416     RIV                              
                 CHD =           0.0000                   CHD =           0.0000     CHD                              

           TOTAL OUT =          44.3098             TOTAL OUT =           1.2416

            IN - OUT =      -7.7752E-02              IN - OUT =      -1.6259E-03

 PERCENT DISCREPANCY =          -0.18     PERCENT DISCREPANCY =          -0.13




         TIME SUMMARY AT END OF TIME STEP    1 IN STRESS PERIOD    5
                          TIME STEP LENGTH =    7.00000    
                        STRESS PERIOD TIME =    7.00000    
                     TOTAL SIMULATION TIME =    35.0000    

end timestep


start timestep kper="6" kstp="1" mode="normal"


 OUTPUT CONTROL FOR STRESS PERIOD 6 IS REPEATED USING SETTINGS FROM A PREVIOUS STRESS PERIOD.

 HEAD WILL BE SAVED ON UNIT 1018 AT END OF TIME STEP    1, STRESS PERIOD    6


  VOLUME BUDGET FOR ENTIRE MODEL AT END OF TIME STEP    1, STRESS PERIOD   6
  ---------------------------------------------------------------------------------------------------

     CUMULATIVE VOLUME      L**3       RATES FOR THIS TIME STEP      L**3/T          PACKAGE NAME    
     ------------------                 ------------------------                     ----------------

           IN:                                      IN:
           ---                                      ---
              STO-SS =           2.1604                STO-SS =       9.7291E-05     STORAGE                          
                 WEL =           0.0000                   WEL =           0.0000     WEL                              
                 RIV =           0.0000                   RIV =           0.0000     RIV                              
                 CHD =          50.7444                   CHD =           1.2389     CHD                              

            TOTAL IN =          52.9049              TOTAL IN =           1.2390

          OUT:                                     OUT:
          ----                                     ----
              STO-SS =       6.3794E-03                STO-SS =       1.6523E-07     STORAGE                          
                 WEL =          42.0000                   WEL =           1.0000     WEL                              
                 RIV =          10.9928                   RIV =           0.2413     RIV                              
                 CHD =           0.0000                   CHD =           0.0000     CHD                              

           TOTAL OUT =          52.9992             TOTAL OUT =           1.2413

            IN - OUT =      -9.4376E-02              IN - OUT =      -2.3748E-03

 PERCENT DISCREPANCY =          -0.18     PERCENT DISCREPANCY =          -0.19




         TIME SUMMARY AT END OF TIME STEP    1 IN STRESS PERIOD    6
                          TIME STEP LENGTH =    7.00000    
                        STRESS PERIOD TIME =    7.00000    
                     TOTAL SIMULATION TIME =    42.0000    

end timestep


start timestep kper="7" kstp="1" mode="normal"


 OUTPUT CONTROL FOR STRESS PERIOD 7 IS REPEATED USING SETTINGS FROM A PREVIOUS STRESS PERIOD.

 HEAD WILL BE SAVED ON UNIT 1018 AT END OF TIME STEP    1, STRESS PERIOD    7


  VOLUME BUDGET FOR ENTIRE MODEL AT END OF TIME STEP    1, STRESS PERIOD   7
  ---------------------------------------------------------------------------------------------------

     CUMULATIVE VOLUME      L**3       RATES FOR THIS TIME STEP      L**3/T          PACKAGE NAME    
     ------------------                 ------------------------                     ----------------

           IN:                                      IN:
           ---                                      ---
              STO-SS =           2.1634                STO-SS =       4.2507E-04     STORAGE                          
                 WEL =           0.0000                   WEL =           0.0000     WEL                              
                 RIV =           0.0000                   RIV =           0.0000     RIV                              
                 CHD =          59.4195                   CHD =           1.2393     CHD                              

            TOTAL IN =          61.5829              TOTAL IN =           1.2397

          OUT:                                     OUT:
          ----                                     ----
              STO-SS =       6.3795E-03                STO-SS =       2.2586E-08     STORAGE                          
                 WEL =          49.0000                   WEL =           1.0000     WEL                              
                 RIV =          12.6767                   RIV =           0.2406     RIV                              
                 CHD =           0.0000                   CHD =           0.0000     CHD                              

           TOTAL OUT =          61.6831             TOTAL OUT =           1.2406

            IN - OUT =          -0.1002              IN - OUT =      -8.3045E-04

 PERCENT DISCREPANCY =          -0.16     PERCENT DISCREPANCY =          -0.07




         TIME SUMMARY AT END OF TIME STEP    1 IN STRESS PERIOD    7
                          TIME STEP LENGTH =    7.00000    
                        STRESS PERIOD TIME =    7.00000    
                     TOTAL SIMULATION TIME =    49.0000    

end timestep


start timestep kper="8" kstp="1" mode="normal"


 OUTPUT CONTROL FOR STRESS PERIOD 8 IS REPEATED USING SETTINGS FROM A PREVIOUS STRESS PERIOD.

 HEAD WILL BE SAVED ON UNIT 1018 AT END OF TIME STEP    1, STRESS PERIOD    8


  VOLUME BUDGET FOR ENTIRE MODEL AT END OF TIME STEP    1, STRESS PERIOD   8
  ---------------------------------------------------------------------------------------------------

     CUMULATIVE VOLUME      L**3       RATES FOR THIS TIME STEP      L**3/T          PACKAGE NAME    
     ------------------                 ------------------------                     ----------------

           IN:                                      IN:
           ---                                      ---
              STO-SS =           2.1638                STO-SS =       5.8361E-05     STORAGE                          
                 WEL =           0.0000                   WEL =           0.0000     WEL                              
                 RIV =           0.0000                   RIV =           0.0000     RIV                              
                 CHD =          68.0956                   CHD =           1.2394     CHD                              

            TOTAL IN =          70.2595              TOTAL IN =           1.2395

          OUT:                                     OUT:
          ----                                     ----
              STO-SS =       6.3797E-03                STO-SS =       1.6686E-08     STORAGE                          
                 WEL =          56.0000                   WEL =           1.0000     WEL                              
                 RIV =          14.3603                   RIV =           0.2405     RIV                              
                 CHD =           0.0000                   CHD =           0.0000     CHD                              

           TOTAL OUT =          70.3667             TOTAL OUT =           1.2405

            IN - OUT =          -0.1073              IN - OUT =      -1.0091E-03

 PERCENT DISCREPANCY =          -0.15     PERCENT DISCREPANCY =          -0.08




         TIME SUMMARY AT END OF TIME STEP    1 IN STRESS PERIOD    8
                          TIME STEP LENGTH =    7.00000    
                        STRESS PERIOD TIME =    7.00000    
                     TOTAL SIMULATION TIME =    56.0000    

end timestep


start timestep kper="9" kstp="1" mode="normal"


 OUTPUT CONTROL FOR STRESS PERIOD 9 IS REPEATED USING SETTINGS FROM A PREVIOUS STRESS PERIOD.

 HEAD WILL BE SAVED ON UNIT 1018 AT END OF TIME STEP    1, STRESS PERIOD    9


  VOLUME BUDGET FOR ENTIRE MODEL AT END OF TIME STEP    1, STRESS PERIOD   9
  ---------------------------------------------------------------------------------------------------

     CUMULATIVE VOLUME      L**3       RATES FOR THIS TIME STEP      L**3/T          PACKAGE NAME    
     ------------------                 ------------------------                     ----------------

           IN:                                      IN:
           ---                                      ---
              STO-SS =           2.1651                STO-SS =       1.8158E-04     STORAGE                          
                 WEL =           0.0000                   WEL =           0.0000     WEL                              
                 RIV =           0.0000                   RIV =           0.0000     RIV                              
                 CHD =          76.7739                   CHD =           1.2397     CHD                              

            TOTAL IN =          78.9390              TOTAL IN =           1.2399

          OUT:                                     OUT:
          ----                                     ----
              STO-SS =       6.3797E-03                STO-SS =           0.0000     STORAGE                          
                 WEL =          63.0000                   WEL =           1.0000     WEL                              
                 RIV =          16.0423                   RIV =           0.2403     RIV                              
                 CHD =           0.0000                   CHD =           0.0000     CHD                              

           TOTAL OUT =          79.0487             TOTAL OUT =           1.2403

            IN - OUT =          -0.1097              IN - OUT =      -3.4772E-04

 PERCENT DISCREPANCY =          -0.14     PERCENT DISCREPANCY =          -0.03




         TIME SUMMARY AT END OF TIME STEP    1 IN STRESS PERIOD    9
                          TIME STEP LENGTH =    7.00000    
                        STRESS PERIOD TIME =    7.00000    
                     TOTAL SIMULATION TIME =    63.0000    

end timestep


start timestep kper="10" kstp="1" mode="normal"


 OUTPUT CONTROL FOR STRESS PERIOD 10 IS REPEATED USING SETTINGS FROM A PREVIOUS STRESS PERIOD.

 HEAD WILL BE SAVED ON UNIT 1018 AT END OF TIME STEP    1, STRESS PERIOD   10


  VOLUME BUDGET FOR ENTIRE MODEL AT END OF TIME STEP    1, STRESS PERIOD  10
  ---------------------------------------------------------------------------------------------------

     CUMULATIVE VOLUME      L**3       RATES FOR THIS TIME STEP      L**3/T          PACKAGE NAME    
     ------------------                 ------------------------                     ----------------

           IN:                                      IN:
           ---                                      ---
              STO-SS =           2.1652                STO-SS =       1.8939E-05     STORAGE                          
                 WEL =           0.0000                   WEL =           0.0000     WEL                              
                 RIV =           0.0000                   RIV =           0.0000     RIV                              
                 CHD =          85.4523                   CHD =           1.2398     CHD                              

            TOTAL IN =          87.6175              TOTAL IN =           1.2398

          OUT:                                     OUT:
          ----                                     ----
              STO-SS =       6.3798E-03                STO-SS =       1.7253E-08     STORAGE                          
                 WEL =          70.0000                   WEL =           1.0000     WEL                              
                 RIV =          17.7240                   RIV =           0.2402     RIV                              
                 CHD =           0.0000                   CHD =           0.0000     CHD                              

           TOTAL OUT =          87.7304             TOTAL OUT =           1.2402

            IN - OUT =          -0.1129              IN - OUT =      -4.6340E-04

 PERCENT DISCREPANCY =          -0.13     PERCENT DISCREPANCY =          -0.04




         TIME SUMMARY AT END OF TIME STEP    1 IN STRESS PERIOD   10
                          TIME STEP LENGTH =    7.00000    
                        STRESS PERIOD TIME =    7.00000    
                     TOTAL SIMULATION TIME =    70.0000    

end timestep

