                                   MODFLOW 6
                U.S. GEOLOGICAL SURVEY MODULAR HYDROLOGIC MODEL
                          GROUNDWATER FLOW MODEL (GWF)
                            VERSION 6.6.3 09/29/2025

   MODFLOW 6 compiled Oct 07 2025 23:07:48 with Intel(R) Fortran Intel(R) 64
   Compiler Classic for applications running on Intel(R) 64, Version 2021.7.0
                             Build 20220726_000000

This software has been approved for release by the U.S. Geological 
Survey (USGS). Although the software has been subjected to rigorous 
review, the USGS reserves the right to update the software as needed 
pursuant to further analysis and review. No warranty, expressed or 
implied, is made by the USGS or the U.S. Government as to the 
functionality of the software and related material nor shall the 
fact of release constitute any such warranty. Furthermore, the 
software is released on condition that neither the USGS nor the U.S. 
Government shall be held liable for any damages resulting from its 
authorized or unauthorized use. Also refer to the USGS Water 
Resources Software User Rights Notice for complete use, copyright, 
and distribution information.


As a work of the United States Government, this USGS product is 
in the public domain within the United States. You can copy, 
modify, distribute, and perform the work, even for commercial 
purposes, all without asking permission. Additionally, USGS 
waives copyright and related rights in the work worldwide 
through CC0 1.0 Universal Public Domain Dedication 
(https://creativecommons.org/publicdomain/zero/1.0/).

The following GNU Lesser General Public License (LGPL) libraries
are used in this USGS product:

    SPARSKIT version 2.0
      ilut, luson, and qsplit 
      (https://www-users.cse.umn.edu/~saad/software/SPARSKIT/)

    RCM - Reverse Cuthill McKee Ordering
      (https://people.math.sc.edu/Burkardt/f_src/rcm/rcm.html)

    BLAS - Basic Linear Algebra Subprograms Level 1
      (https://people.math.sc.edu/Burkardt/f_src/blas1_d/blas1_d.html)

    SPARSEKIT - Sparse Matrix Utility Package
      amux, dperm, dvperm, rperm, and cperm
      (https://people.sc.fsu.edu/~jburkardt/f77_src/sparsekit/sparsekit.html)

The following BSD-3 License libraries are used in this USGS product:

    Modern Fortran DAG Library
      Copyright (c) 2018, Jacob Williams
      All rights reserved.
      (https://github.com/jacobwilliams/daglib)

MODFLOW 6 compiler options: /O2 /heap-arrays:0 /fpe:0 /traceback /nologo /fpp
/c /module:win64\mod_mf6\ /object:win64\obj_mf6\

System command used to initiate simulation:
C:\Python\Personal\kfm-ms\codes\binaries\MODFLOW6\windows\mf6.exe

MODFLOW was compiled using uniform precision.

Real Variables
  KIND: 8
  TINY (smallest non-zero value):    2.225074-308
  HUGE (largest value):    1.797693+308
  PRECISION: 15
  SIZE IN BITS: 64

Integer Variables
  KIND: 4
  HUGE (largest value): 2147483647
  SIZE IN BITS: 32

Long Integer Variables
  KIND: 8
  HUGE (largest value): 9223372036854775807
  SIZE IN BITS: 64

Logical Variables
  KIND: 4
  SIZE IN BITS: 32
 
 NAMEFILE OPTIONS:
    FLOWS WILL BE SAVED TO BUDGET FILE SPECIFIED IN OUTPUT CONTROL
 END NAMEFILE OPTIONS:

 DIS -- STRUCTURED GRID DISCRETIZATION PACKAGE, VERSION 2 : 3/27/2014 - INPUT READ FROM MEMPATH: __INPUT__/PHANTOM_56/DIS                          


 NPF -- NODE PROPERTY FLOW PACKAGE, VERSION 1, 3/30/2015 INPUT READ FROM MEMPATH: __INPUT__/PHANTOM_56/NPF                          


 IC -- Initial Conditions Package, Version 8, 3/28/2015 input read from mempath: __INPUT__/PHANTOM_56/IC                           


 Setting Discretization Options
    XORIGIN = .000000000000000
    YORIGIN = .000000000000000
 End Setting Discretization Options

 Setting Discretization Dimensions
    NLAY = 1
    NROW = 50
    NCOL = 50
 End Setting Discretization Dimensions

 Setting Discretization Griddata
    DELR set from input file
    DELC set from input file
    TOP set from input file
    BOTM set from input file
    IDOMAIN set from input file
 End Setting Discretization Griddata


 The specified IDOMAIN results in a reduced number of cells.
 Number of user nodes: 2500
 Number of nodes in solution: 2400


 Setting NPF Options
 End Setting NPF Options

 Setting NPF Griddata
    ICELLTYPE set from input file
    K set from input file
    K33 not provided.  Setting K33 = K.
    K22 not provided.  Setting K22 = K.
 End Setting NPF Griddata


 WEL -- WEL PACKAGE, VERSION 8, 2/22/2014 INPUT READ FROM MEMPATH: __INPUT__/PHANTOM_56/WEL                          

 PROCESSING WEL BASE OPTIONS
 END OF WEL BASE OPTIONS

 PROCESSING WEL OPTIONS
 END OF WEL OPTIONS

 PROCESSING WEL BASE DIMENSIONS
    MAXBOUND =       1
 END OF WEL BASE DIMENSIONS

 CHD -- CHD PACKAGE, VERSION 8, 2/22/2014 INPUT READ FROM MEMPATH: __INPUT__/PHANTOM_56/CHD_LEFT                     

 PROCESSING CHD BASE OPTIONS
 END OF CHD BASE OPTIONS

 PROCESSING CHD BASE DIMENSIONS
    MAXBOUND =      48
 END OF CHD BASE DIMENSIONS

 CHD -- CHD PACKAGE, VERSION 8, 2/22/2014 INPUT READ FROM MEMPATH: __INPUT__/PHANTOM_56/CHD_RIGHT                    

 PROCESSING CHD BASE OPTIONS
 END OF CHD BASE OPTIONS

 PROCESSING CHD BASE DIMENSIONS
    MAXBOUND =      48
 END OF CHD BASE DIMENSIONS
    STRT set from input file

 STO -- STORAGE PACKAGE, VERSION 1, 5/19/2014 INPUT READ FROM MEMPATH: __INPUT__/PHANTOM_56/STO                          


 PROCESSING STORAGE OPTIONS
 END OF STORAGE OPTIONS
    BINARY GRID INFORMATION WILL BE WRITTEN TO:
      UNIT NUMBER: 1017
      FILE NAME: phantom_56.dis.grb

 OPENED phantom_56.dis.grb
 FILE TYPE:DATA(BINARY)   UNIT 1017   STATUS:REPLACE             
 FORMAT:UNFORMATTED            ACCESS:STREAM              
 ACTION:READWRITE           

      THE LAST TIME STEP WILL BE PRINTED
      THE LAST TIME STEP WILL BE PRINTED
 # File generated by Flopy version 3.10.0 on 05/18/2026 at 15:19:14.

 PROCESSING OC OPTIONS

    HEAD INFORMATION WILL BE WRITTEN TO:
      UNIT NUMBER: 1018
      FILE NAME: phantom_56.hds

 OPENED phantom_56.hds
 FILE TYPE:DATA(BINARY)   UNIT 1018   STATUS:REPLACE             
 FORMAT:UNFORMATTED            ACCESS:STREAM              
 ACTION:READWRITE           

 END OF OC OPTIONS

start timestep kper="1" kstp="1" mode="normal"


 BEGIN READING OUTPUT CONTROL FOR STRESS PERIOD 1
      ALL TIME STEPS WILL BE SAVED

 END READING OUTPUT CONTROL FOR STRESS PERIOD 1


 PROCESSING STORAGE PERIOD DATA
 END PROCESSING STORAGE PERIOD DATA


 STRESS PERIOD 1 IS TRANSIENT


 HEAD WILL BE SAVED ON UNIT 1018 AT END OF TIME STEP    1, STRESS PERIOD    1


  VOLUME BUDGET FOR ENTIRE MODEL AT END OF TIME STEP    1, STRESS PERIOD   1
  ---------------------------------------------------------------------------------------------------

     CUMULATIVE VOLUME      L**3       RATES FOR THIS TIME STEP      L**3/T          PACKAGE NAME    
     ------------------                 ------------------------                     ----------------

           IN:                                      IN:
           ---                                      ---
              STO-SS =           0.8411                STO-SS =           0.1202     STORAGE                          
                 WEL =           0.0000                   WEL =           0.0000     WEL                              
                 CHD =           3.8526                   CHD =           0.5504     CHD_LEFT                         
                 CHD =           3.2479                   CHD =           0.4640     CHD_RIGHT                        

            TOTAL IN =           7.9416              TOTAL IN =           1.1345

          OUT:                                     OUT:
          ----                                     ----
              STO-SS =           0.0000                STO-SS =           0.0000     STORAGE                          
                 WEL =           7.0000                   WEL =           1.0000     WEL                              
                 CHD =           0.0000                   CHD =           0.0000     CHD_LEFT                         
                 CHD =           0.9542                   CHD =           0.1363     CHD_RIGHT                        

           TOTAL OUT =           7.9542             TOTAL OUT =           1.1363

            IN - OUT =      -1.2624E-02              IN - OUT =      -1.8035E-03

 PERCENT DISCREPANCY =          -0.16     PERCENT DISCREPANCY =          -0.16




         TIME SUMMARY AT END OF TIME STEP    1 IN STRESS PERIOD    1
                          TIME STEP LENGTH =    7.00000    
                        STRESS PERIOD TIME =    7.00000    
                     TOTAL SIMULATION TIME =    7.00000    

end timestep


start timestep kper="2" kstp="1" mode="normal"


 END OF FILE DETECTED IN OUTPUT CONTROL.
 CURRENT OUTPUT CONTROL SETTINGS WILL BE 
 REPEATED UNTIL THE END OF THE SIMULATION.

 OUTPUT CONTROL FOR STRESS PERIOD 2 IS REPEATED USING SETTINGS FROM A PREVIOUS STRESS PERIOD.

 HEAD WILL BE SAVED ON UNIT 1018 AT END OF TIME STEP    1, STRESS PERIOD    2


  VOLUME BUDGET FOR ENTIRE MODEL AT END OF TIME STEP    1, STRESS PERIOD   2
  ---------------------------------------------------------------------------------------------------

     CUMULATIVE VOLUME      L**3       RATES FOR THIS TIME STEP      L**3/T          PACKAGE NAME    
     ------------------                 ------------------------                     ----------------

           IN:                                      IN:
           ---                                      ---
              STO-SS =           1.0283                STO-SS =       2.6749E-02     STORAGE                          
                 WEL =           0.0000                   WEL =           0.0000     WEL                              
                 CHD =           7.8953                   CHD =           0.5775     CHD_LEFT                         
                 CHD =           6.7663                   CHD =           0.5026     CHD_RIGHT                        

            TOTAL IN =          15.6899              TOTAL IN =           1.1069

          OUT:                                     OUT:
          ----                                     ----
              STO-SS =           0.0000                STO-SS =           0.0000     STORAGE                          
                 WEL =          14.0000                   WEL =           1.0000     WEL                              
                 CHD =           0.0000                   CHD =           0.0000     CHD_LEFT                         
                 CHD =           1.7260                   CHD =           0.1103     CHD_RIGHT                        

           TOTAL OUT =          15.7260             TOTAL OUT =           1.1103

            IN - OUT =      -3.6123E-02              IN - OUT =      -3.3569E-03

 PERCENT DISCREPANCY =          -0.23     PERCENT DISCREPANCY =          -0.30




         TIME SUMMARY AT END OF TIME STEP    1 IN STRESS PERIOD    2
                          TIME STEP LENGTH =    7.00000    
                        STRESS PERIOD TIME =    7.00000    
                     TOTAL SIMULATION TIME =    14.0000    

end timestep


start timestep kper="3" kstp="1" mode="normal"


 OUTPUT CONTROL FOR STRESS PERIOD 3 IS REPEATED USING SETTINGS FROM A PREVIOUS STRESS PERIOD.

 HEAD WILL BE SAVED ON UNIT 1018 AT END OF TIME STEP    1, STRESS PERIOD    3


  VOLUME BUDGET FOR ENTIRE MODEL AT END OF TIME STEP    1, STRESS PERIOD   3
  ---------------------------------------------------------------------------------------------------

     CUMULATIVE VOLUME      L**3       RATES FOR THIS TIME STEP      L**3/T          PACKAGE NAME    
     ------------------                 ------------------------                     ----------------

           IN:                                      IN:
           ---                                      ---
              STO-SS =           1.0808                STO-SS =       7.4947E-03     STORAGE                          
                 WEL =           0.0000                   WEL =           0.0000     WEL                              
                 CHD =          12.0086                   CHD =           0.5876     CHD_LEFT                         
                 CHD =          10.3276                   CHD =           0.5088     CHD_RIGHT                        

            TOTAL IN =          23.4169              TOTAL IN =           1.1039

          OUT:                                     OUT:
          ----                                     ----
              STO-SS =           0.0000                STO-SS =           0.0000     STORAGE                          
                 WEL =          21.0000                   WEL =           1.0000     WEL                              
                 CHD =           0.0000                   CHD =           0.0000     CHD_LEFT                         
                 CHD =           2.4559                   CHD =           0.1043     CHD_RIGHT                        

           TOTAL OUT =          23.4559             TOTAL OUT =           1.1043

            IN - OUT =      -3.8934E-02              IN - OUT =      -4.0158E-04

 PERCENT DISCREPANCY =          -0.17     PERCENT DISCREPANCY =          -0.04




         TIME SUMMARY AT END OF TIME STEP    1 IN STRESS PERIOD    3
                          TIME STEP LENGTH =    7.00000    
                        STRESS PERIOD TIME =    7.00000    
                     TOTAL SIMULATION TIME =    21.0000    

end timestep


start timestep kper="4" kstp="1" mode="normal"


 OUTPUT CONTROL FOR STRESS PERIOD 4 IS REPEATED USING SETTINGS FROM A PREVIOUS STRESS PERIOD.

 HEAD WILL BE SAVED ON UNIT 1018 AT END OF TIME STEP    1, STRESS PERIOD    4


  VOLUME BUDGET FOR ENTIRE MODEL AT END OF TIME STEP    1, STRESS PERIOD   4
  ---------------------------------------------------------------------------------------------------

     CUMULATIVE VOLUME      L**3       RATES FOR THIS TIME STEP      L**3/T          PACKAGE NAME    
     ------------------                 ------------------------                     ----------------

           IN:                                      IN:
           ---                                      ---
              STO-SS =           1.0934                STO-SS =       1.8052E-03     STORAGE                          
                 WEL =           0.0000                   WEL =           0.0000     WEL                              
                 CHD =          16.1405                   CHD =           0.5903     CHD_LEFT                         
                 CHD =          13.8952                   CHD =           0.5097     CHD_RIGHT                        

            TOTAL IN =          31.1291              TOTAL IN =           1.1017

          OUT:                                     OUT:
          ----                                     ----
              STO-SS =           0.0000                STO-SS =           0.0000     STORAGE                          
                 WEL =          28.0000                   WEL =           1.0000     WEL                              
                 CHD =           0.0000                   CHD =           0.0000     CHD_LEFT                         
                 CHD =           3.1773                   CHD =           0.1031     CHD_RIGHT                        

           TOTAL OUT =          31.1773             TOTAL OUT =           1.1031

            IN - OUT =      -4.8116E-02              IN - OUT =      -1.3117E-03

 PERCENT DISCREPANCY =          -0.15     PERCENT DISCREPANCY =          -0.12




         TIME SUMMARY AT END OF TIME STEP    1 IN STRESS PERIOD    4
                          TIME STEP LENGTH =    7.00000    
                        STRESS PERIOD TIME =    7.00000    
                     TOTAL SIMULATION TIME =    28.0000    

end timestep


start timestep kper="5" kstp="1" mode="normal"


 OUTPUT CONTROL FOR STRESS PERIOD 5 IS REPEATED USING SETTINGS FROM A PREVIOUS STRESS PERIOD.

 HEAD WILL BE SAVED ON UNIT 1018 AT END OF TIME STEP    1, STRESS PERIOD    5


  VOLUME BUDGET FOR ENTIRE MODEL AT END OF TIME STEP    1, STRESS PERIOD   5
  ---------------------------------------------------------------------------------------------------

     CUMULATIVE VOLUME      L**3       RATES FOR THIS TIME STEP      L**3/T          PACKAGE NAME    
     ------------------                 ------------------------                     ----------------

           IN:                                      IN:
           ---                                      ---
              STO-SS =           1.0940                STO-SS =       8.9890E-05     STORAGE                          
                 WEL =           0.0000                   WEL =           0.0000     WEL                              
                 CHD =          20.2744                   CHD =           0.5906     CHD_LEFT                         
                 CHD =          17.4637                   CHD =           0.5098     CHD_RIGHT                        

            TOTAL IN =          38.8322              TOTAL IN =           1.1004

          OUT:                                     OUT:
          ----                                     ----
              STO-SS =       3.8724E-06                STO-SS =       5.5319E-07     STORAGE                          
                 WEL =          35.0000                   WEL =           1.0000     WEL                              
                 CHD =           0.0000                   CHD =           0.0000     CHD_LEFT                         
                 CHD =           3.8982                   CHD =           0.1030     CHD_RIGHT                        

           TOTAL OUT =          38.8982             TOTAL OUT =           1.1030

            IN - OUT =      -6.6024E-02              IN - OUT =      -2.5583E-03

 PERCENT DISCREPANCY =          -0.17     PERCENT DISCREPANCY =          -0.23




         TIME SUMMARY AT END OF TIME STEP    1 IN STRESS PERIOD    5
                          TIME STEP LENGTH =    7.00000    
                        STRESS PERIOD TIME =    7.00000    
                     TOTAL SIMULATION TIME =    35.0000    

end timestep


start timestep kper="6" kstp="1" mode="normal"


 OUTPUT CONTROL FOR STRESS PERIOD 6 IS REPEATED USING SETTINGS FROM A PREVIOUS STRESS PERIOD.

 HEAD WILL BE SAVED ON UNIT 1018 AT END OF TIME STEP    1, STRESS PERIOD    6


  VOLUME BUDGET FOR ENTIRE MODEL AT END OF TIME STEP    1, STRESS PERIOD   6
  ---------------------------------------------------------------------------------------------------

     CUMULATIVE VOLUME      L**3       RATES FOR THIS TIME STEP      L**3/T          PACKAGE NAME    
     ------------------                 ------------------------                     ----------------

           IN:                                      IN:
           ---                                      ---
              STO-SS =           1.0961                STO-SS =       2.8883E-04     STORAGE                          
                 WEL =           0.0000                   WEL =           0.0000     WEL                              
                 CHD =          24.4122                   CHD =           0.5911     CHD_LEFT                         
                 CHD =          21.0345                   CHD =           0.5101     CHD_RIGHT                        

            TOTAL IN =          46.5428              TOTAL IN =           1.1015

          OUT:                                     OUT:
          ----                                     ----
              STO-SS =       4.1392E-06                STO-SS =       3.8120E-08     STORAGE                          
                 WEL =          42.0000                   WEL =           1.0000     WEL                              
                 CHD =           0.0000                   CHD =           0.0000     CHD_LEFT                         
                 CHD =           4.6175                   CHD =           0.1028     CHD_RIGHT                        

           TOTAL OUT =          46.6175             TOTAL OUT =           1.1028

            IN - OUT =      -7.4700E-02              IN - OUT =      -1.2395E-03

 PERCENT DISCREPANCY =          -0.16     PERCENT DISCREPANCY =          -0.11




         TIME SUMMARY AT END OF TIME STEP    1 IN STRESS PERIOD    6
                          TIME STEP LENGTH =    7.00000    
                        STRESS PERIOD TIME =    7.00000    
                     TOTAL SIMULATION TIME =    42.0000    

end timestep


start timestep kper="7" kstp="1" mode="normal"


 OUTPUT CONTROL FOR STRESS PERIOD 7 IS REPEATED USING SETTINGS FROM A PREVIOUS STRESS PERIOD.

 HEAD WILL BE SAVED ON UNIT 1018 AT END OF TIME STEP    1, STRESS PERIOD    7


  VOLUME BUDGET FOR ENTIRE MODEL AT END OF TIME STEP    1, STRESS PERIOD   7
  ---------------------------------------------------------------------------------------------------

     CUMULATIVE VOLUME      L**3       RATES FOR THIS TIME STEP      L**3/T          PACKAGE NAME    
     ------------------                 ------------------------                     ----------------

           IN:                                      IN:
           ---                                      ---
              STO-SS =           1.0969                STO-SS =       1.1627E-04     STORAGE                          
                 WEL =           0.0000                   WEL =           0.0000     WEL                              
                 CHD =          28.5501                   CHD =           0.5911     CHD_LEFT                         
                 CHD =          24.6058                   CHD =           0.5102     CHD_RIGHT                        

            TOTAL IN =          54.2528              TOTAL IN =           1.1014

          OUT:                                     OUT:
          ----                                     ----
              STO-SS =       4.6350E-06                STO-SS =       7.0830E-08     STORAGE                          
                 WEL =          49.0000                   WEL =           1.0000     WEL                              
                 CHD =           0.0000                   CHD =           0.0000     CHD_LEFT                         
                 CHD =           5.3360                   CHD =           0.1026     CHD_RIGHT                        

           TOTAL OUT =          54.3360             TOTAL OUT =           1.1026

            IN - OUT =      -8.3230E-02              IN - OUT =      -1.2185E-03

 PERCENT DISCREPANCY =          -0.15     PERCENT DISCREPANCY =          -0.11




         TIME SUMMARY AT END OF TIME STEP    1 IN STRESS PERIOD    7
                          TIME STEP LENGTH =    7.00000    
                        STRESS PERIOD TIME =    7.00000    
                     TOTAL SIMULATION TIME =    49.0000    

end timestep


start timestep kper="8" kstp="1" mode="normal"


 OUTPUT CONTROL FOR STRESS PERIOD 8 IS REPEATED USING SETTINGS FROM A PREVIOUS STRESS PERIOD.

 HEAD WILL BE SAVED ON UNIT 1018 AT END OF TIME STEP    1, STRESS PERIOD    8


  VOLUME BUDGET FOR ENTIRE MODEL AT END OF TIME STEP    1, STRESS PERIOD   8
  ---------------------------------------------------------------------------------------------------

     CUMULATIVE VOLUME      L**3       RATES FOR THIS TIME STEP      L**3/T          PACKAGE NAME    
     ------------------                 ------------------------                     ----------------

           IN:                                      IN:
           ---                                      ---
              STO-SS =           1.0976                STO-SS =       1.0960E-04     STORAGE                          
                 WEL =           0.0000                   WEL =           0.0000     WEL                              
                 CHD =          32.6895                   CHD =           0.5913     CHD_LEFT                         
                 CHD =          28.1776                   CHD =           0.5103     CHD_RIGHT                        

            TOTAL IN =          61.9648              TOTAL IN =           1.1017

          OUT:                                     OUT:
          ----                                     ----
              STO-SS =       4.8973E-06                STO-SS =       3.7466E-08     STORAGE                          
                 WEL =          56.0000                   WEL =           1.0000     WEL                              
                 CHD =           0.0000                   CHD =           0.0000     CHD_LEFT                         
                 CHD =           6.0541                   CHD =           0.1026     CHD_RIGHT                        

           TOTAL OUT =          62.0541             TOTAL OUT =           1.1026

            IN - OUT =      -8.9306E-02              IN - OUT =      -8.6800E-04

 PERCENT DISCREPANCY =          -0.14     PERCENT DISCREPANCY =          -0.08




         TIME SUMMARY AT END OF TIME STEP    1 IN STRESS PERIOD    8
                          TIME STEP LENGTH =    7.00000    
                        STRESS PERIOD TIME =    7.00000    
                     TOTAL SIMULATION TIME =    56.0000    

end timestep


start timestep kper="9" kstp="1" mode="normal"


 OUTPUT CONTROL FOR STRESS PERIOD 9 IS REPEATED USING SETTINGS FROM A PREVIOUS STRESS PERIOD.

 HEAD WILL BE SAVED ON UNIT 1018 AT END OF TIME STEP    1, STRESS PERIOD    9


  VOLUME BUDGET FOR ENTIRE MODEL AT END OF TIME STEP    1, STRESS PERIOD   9
  ---------------------------------------------------------------------------------------------------

     CUMULATIVE VOLUME      L**3       RATES FOR THIS TIME STEP      L**3/T          PACKAGE NAME    
     ------------------                 ------------------------                     ----------------

           IN:                                      IN:
           ---                                      ---
              STO-SS =           1.0982                STO-SS =       8.1638E-05     STORAGE                          
                 WEL =           0.0000                   WEL =           0.0000     WEL                              
                 CHD =          36.8296                   CHD =           0.5914     CHD_LEFT                         
                 CHD =          31.7497                   CHD =           0.5103     CHD_RIGHT                        

            TOTAL IN =          69.6776              TOTAL IN =           1.1018

          OUT:                                     OUT:
          ----                                     ----
              STO-SS =       4.9022E-06                STO-SS =       7.0416E-10     STORAGE                          
                 WEL =          63.0000                   WEL =           1.0000     WEL                              
                 CHD =           0.0000                   CHD =           0.0000     CHD_LEFT                         
                 CHD =           6.7716                   CHD =           0.1025     CHD_RIGHT                        

           TOTAL OUT =          69.7716             TOTAL OUT =           1.1025

            IN - OUT =      -9.4045E-02              IN - OUT =      -6.7702E-04

 PERCENT DISCREPANCY =          -0.13     PERCENT DISCREPANCY =          -0.06




         TIME SUMMARY AT END OF TIME STEP    1 IN STRESS PERIOD    9
                          TIME STEP LENGTH =    7.00000    
                        STRESS PERIOD TIME =    7.00000    
                     TOTAL SIMULATION TIME =    63.0000    

end timestep


start timestep kper="10" kstp="1" mode="normal"


 OUTPUT CONTROL FOR STRESS PERIOD 10 IS REPEATED USING SETTINGS FROM A PREVIOUS STRESS PERIOD.

 HEAD WILL BE SAVED ON UNIT 1018 AT END OF TIME STEP    1, STRESS PERIOD   10


  VOLUME BUDGET FOR ENTIRE MODEL AT END OF TIME STEP    1, STRESS PERIOD  10
  ---------------------------------------------------------------------------------------------------

     CUMULATIVE VOLUME      L**3       RATES FOR THIS TIME STEP      L**3/T          PACKAGE NAME    
     ------------------                 ------------------------                     ----------------

           IN:                                      IN:
           ---                                      ---
              STO-SS =           1.0985                STO-SS =       4.5979E-05     STORAGE                          
                 WEL =           0.0000                   WEL =           0.0000     WEL                              
                 CHD =          40.9703                   CHD =           0.5915     CHD_LEFT                         
                 CHD =          35.3221                   CHD =           0.5103     CHD_RIGHT                        

            TOTAL IN =          77.3910              TOTAL IN =           1.1019

          OUT:                                     OUT:
          ----                                     ----
              STO-SS =       5.0227E-06                STO-SS =       1.7209E-08     STORAGE                          
                 WEL =          70.0000                   WEL =           1.0000     WEL                              
                 CHD =           0.0000                   CHD =           0.0000     CHD_LEFT                         
                 CHD =           7.4890                   CHD =           0.1025     CHD_RIGHT                        

           TOTAL OUT =          77.4890             TOTAL OUT =           1.1025

            IN - OUT =      -9.8010E-02              IN - OUT =      -5.6648E-04

 PERCENT DISCREPANCY =          -0.13     PERCENT DISCREPANCY =          -0.05




         TIME SUMMARY AT END OF TIME STEP    1 IN STRESS PERIOD   10
                          TIME STEP LENGTH =    7.00000    
                        STRESS PERIOD TIME =    7.00000    
                     TOTAL SIMULATION TIME =    70.0000    

end timestep

