                                   MODFLOW 6
                U.S. GEOLOGICAL SURVEY MODULAR HYDROLOGIC MODEL
                          GROUNDWATER FLOW MODEL (GWF)
                            VERSION 6.6.3 09/29/2025

   MODFLOW 6 compiled Oct 07 2025 23:07:48 with Intel(R) Fortran Intel(R) 64
   Compiler Classic for applications running on Intel(R) 64, Version 2021.7.0
                             Build 20220726_000000

This software has been approved for release by the U.S. Geological 
Survey (USGS). Although the software has been subjected to rigorous 
review, the USGS reserves the right to update the software as needed 
pursuant to further analysis and review. No warranty, expressed or 
implied, is made by the USGS or the U.S. Government as to the 
functionality of the software and related material nor shall the 
fact of release constitute any such warranty. Furthermore, the 
software is released on condition that neither the USGS nor the U.S. 
Government shall be held liable for any damages resulting from its 
authorized or unauthorized use. Also refer to the USGS Water 
Resources Software User Rights Notice for complete use, copyright, 
and distribution information.


As a work of the United States Government, this USGS product is 
in the public domain within the United States. You can copy, 
modify, distribute, and perform the work, even for commercial 
purposes, all without asking permission. Additionally, USGS 
waives copyright and related rights in the work worldwide 
through CC0 1.0 Universal Public Domain Dedication 
(https://creativecommons.org/publicdomain/zero/1.0/).

The following GNU Lesser General Public License (LGPL) libraries
are used in this USGS product:

    SPARSKIT version 2.0
      ilut, luson, and qsplit 
      (https://www-users.cse.umn.edu/~saad/software/SPARSKIT/)

    RCM - Reverse Cuthill McKee Ordering
      (https://people.math.sc.edu/Burkardt/f_src/rcm/rcm.html)

    BLAS - Basic Linear Algebra Subprograms Level 1
      (https://people.math.sc.edu/Burkardt/f_src/blas1_d/blas1_d.html)

    SPARSEKIT - Sparse Matrix Utility Package
      amux, dperm, dvperm, rperm, and cperm
      (https://people.sc.fsu.edu/~jburkardt/f77_src/sparsekit/sparsekit.html)

The following BSD-3 License libraries are used in this USGS product:

    Modern Fortran DAG Library
      Copyright (c) 2018, Jacob Williams
      All rights reserved.
      (https://github.com/jacobwilliams/daglib)

MODFLOW 6 compiler options: /O2 /heap-arrays:0 /fpe:0 /traceback /nologo /fpp
/c /module:win64\mod_mf6\ /object:win64\obj_mf6\

System command used to initiate simulation:
C:\Python\Personal\kfm-ms\codes\binaries\MODFLOW6\windows\mf6.exe

MODFLOW was compiled using uniform precision.

Real Variables
  KIND: 8
  TINY (smallest non-zero value):    2.225074-308
  HUGE (largest value):    1.797693+308
  PRECISION: 15
  SIZE IN BITS: 64

Integer Variables
  KIND: 4
  HUGE (largest value): 2147483647
  SIZE IN BITS: 32

Long Integer Variables
  KIND: 8
  HUGE (largest value): 9223372036854775807
  SIZE IN BITS: 64

Logical Variables
  KIND: 4
  SIZE IN BITS: 32
 
 NAMEFILE OPTIONS:
    FLOWS WILL BE SAVED TO BUDGET FILE SPECIFIED IN OUTPUT CONTROL
 END NAMEFILE OPTIONS:

 DIS -- STRUCTURED GRID DISCRETIZATION PACKAGE, VERSION 2 : 3/27/2014 - INPUT READ FROM MEMPATH: __INPUT__/PHANTOM_44/DIS                          


 NPF -- NODE PROPERTY FLOW PACKAGE, VERSION 1, 3/30/2015 INPUT READ FROM MEMPATH: __INPUT__/PHANTOM_44/NPF                          


 IC -- Initial Conditions Package, Version 8, 3/28/2015 input read from mempath: __INPUT__/PHANTOM_44/IC                           


 Setting Discretization Options
    XORIGIN = .000000000000000
    YORIGIN = .000000000000000
 End Setting Discretization Options

 Setting Discretization Dimensions
    NLAY = 1
    NROW = 50
    NCOL = 50
 End Setting Discretization Dimensions

 Setting Discretization Griddata
    DELR set from input file
    DELC set from input file
    TOP set from input file
    BOTM set from input file
    IDOMAIN set from input file
 End Setting Discretization Griddata


 The specified IDOMAIN results in a reduced number of cells.
 Number of user nodes: 2500
 Number of nodes in solution: 2400


 Setting NPF Options
 End Setting NPF Options

 Setting NPF Griddata
    ICELLTYPE set from input file
    K set from input file
    K33 not provided.  Setting K33 = K.
    K22 not provided.  Setting K22 = K.
 End Setting NPF Griddata


 WEL -- WEL PACKAGE, VERSION 8, 2/22/2014 INPUT READ FROM MEMPATH: __INPUT__/PHANTOM_44/WEL                          

 PROCESSING WEL BASE OPTIONS
 END OF WEL BASE OPTIONS

 PROCESSING WEL OPTIONS
 END OF WEL OPTIONS

 PROCESSING WEL BASE DIMENSIONS
    MAXBOUND =       1
 END OF WEL BASE DIMENSIONS

 RIV -- RIV PACKAGE, VERSION 8, 2/22/2014 INPUT READ FROM MEMPATH: __INPUT__/PHANTOM_44/RIV                          

 PROCESSING RIV BASE OPTIONS
 END OF RIV BASE OPTIONS

 PROCESSING RIV OPTIONS
 END OF RIV OPTIONS

 PROCESSING RIV BASE DIMENSIONS
    MAXBOUND =      48
 END OF RIV BASE DIMENSIONS

 CHD -- CHD PACKAGE, VERSION 8, 2/22/2014 INPUT READ FROM MEMPATH: __INPUT__/PHANTOM_44/CHD                          

 PROCESSING CHD BASE OPTIONS
 END OF CHD BASE OPTIONS

 PROCESSING CHD BASE DIMENSIONS
    MAXBOUND =      48
 END OF CHD BASE DIMENSIONS
    STRT set from input file

 STO -- STORAGE PACKAGE, VERSION 1, 5/19/2014 INPUT READ FROM MEMPATH: __INPUT__/PHANTOM_44/STO                          


 PROCESSING STORAGE OPTIONS
 END OF STORAGE OPTIONS
    BINARY GRID INFORMATION WILL BE WRITTEN TO:
      UNIT NUMBER: 1017
      FILE NAME: phantom_44.dis.grb

 OPENED phantom_44.dis.grb
 FILE TYPE:DATA(BINARY)   UNIT 1017   STATUS:REPLACE             
 FORMAT:UNFORMATTED            ACCESS:STREAM              
 ACTION:READWRITE           

      THE LAST TIME STEP WILL BE PRINTED
      THE LAST TIME STEP WILL BE PRINTED
 # File generated by Flopy version 3.10.0 on 05/18/2026 at 14:43:27.

 PROCESSING OC OPTIONS

    HEAD INFORMATION WILL BE WRITTEN TO:
      UNIT NUMBER: 1018
      FILE NAME: phantom_44.hds

 OPENED phantom_44.hds
 FILE TYPE:DATA(BINARY)   UNIT 1018   STATUS:REPLACE             
 FORMAT:UNFORMATTED            ACCESS:STREAM              
 ACTION:READWRITE           

 END OF OC OPTIONS

start timestep kper="1" kstp="1" mode="normal"


 BEGIN READING OUTPUT CONTROL FOR STRESS PERIOD 1
      ALL TIME STEPS WILL BE SAVED

 END READING OUTPUT CONTROL FOR STRESS PERIOD 1


 PROCESSING STORAGE PERIOD DATA
 END PROCESSING STORAGE PERIOD DATA


 STRESS PERIOD 1 IS TRANSIENT


 HEAD WILL BE SAVED ON UNIT 1018 AT END OF TIME STEP    1, STRESS PERIOD    1


  VOLUME BUDGET FOR ENTIRE MODEL AT END OF TIME STEP    1, STRESS PERIOD   1
  ---------------------------------------------------------------------------------------------------

     CUMULATIVE VOLUME      L**3       RATES FOR THIS TIME STEP      L**3/T          PACKAGE NAME    
     ------------------                 ------------------------                     ----------------

           IN:                                      IN:
           ---                                      ---
              STO-SS =           2.1667                STO-SS =           0.3095     STORAGE                          
                 WEL =           0.0000                   WEL =           0.0000     WEL                              
                 RIV =           0.4811                   RIV =       6.8732E-02     RIV                              
                 CHD =           5.5147                   CHD =           0.7878     CHD                              

            TOTAL IN =           8.1625              TOTAL IN =           1.1661

          OUT:                                     OUT:
          ----                                     ----
              STO-SS =       2.5626E-03                STO-SS =       3.6608E-04     STORAGE                          
                 WEL =           7.0000                   WEL =           1.0000     WEL                              
                 RIV =           1.1652                   RIV =           0.1665     RIV                              
                 CHD =           0.0000                   CHD =           0.0000     CHD                              

           TOTAL OUT =           8.1678             TOTAL OUT =           1.1668

            IN - OUT =      -5.2641E-03              IN - OUT =      -7.5202E-04

 PERCENT DISCREPANCY =          -0.06     PERCENT DISCREPANCY =          -0.06




         TIME SUMMARY AT END OF TIME STEP    1 IN STRESS PERIOD    1
                          TIME STEP LENGTH =    7.00000    
                        STRESS PERIOD TIME =    7.00000    
                     TOTAL SIMULATION TIME =    7.00000    

end timestep


start timestep kper="2" kstp="1" mode="normal"


 END OF FILE DETECTED IN OUTPUT CONTROL.
 CURRENT OUTPUT CONTROL SETTINGS WILL BE 
 REPEATED UNTIL THE END OF THE SIMULATION.

 OUTPUT CONTROL FOR STRESS PERIOD 2 IS REPEATED USING SETTINGS FROM A PREVIOUS STRESS PERIOD.

 HEAD WILL BE SAVED ON UNIT 1018 AT END OF TIME STEP    1, STRESS PERIOD    2


  VOLUME BUDGET FOR ENTIRE MODEL AT END OF TIME STEP    1, STRESS PERIOD   2
  ---------------------------------------------------------------------------------------------------

     CUMULATIVE VOLUME      L**3       RATES FOR THIS TIME STEP      L**3/T          PACKAGE NAME    
     ------------------                 ------------------------                     ----------------

           IN:                                      IN:
           ---                                      ---
              STO-SS =           2.7671                STO-SS =       8.5763E-02     STORAGE                          
                 WEL =           0.0000                   WEL =           0.0000     WEL                              
                 RIV =           1.4321                   RIV =           0.1359     RIV                              
                 CHD =          11.7944                   CHD =           0.8971     CHD                              

            TOTAL IN =          15.9937              TOTAL IN =           1.1187

          OUT:                                     OUT:
          ----                                     ----
              STO-SS =       2.5626E-03                STO-SS =           0.0000     STORAGE                          
                 WEL =          14.0000                   WEL =           1.0000     WEL                              
                 RIV =           2.0018                   RIV =           0.1195     RIV                              
                 CHD =           0.0000                   CHD =           0.0000     CHD                              

           TOTAL OUT =          16.0044             TOTAL OUT =           1.1195

            IN - OUT =      -1.0670E-02              IN - OUT =      -7.7231E-04

 PERCENT DISCREPANCY =          -0.07     PERCENT DISCREPANCY =          -0.07




         TIME SUMMARY AT END OF TIME STEP    1 IN STRESS PERIOD    2
                          TIME STEP LENGTH =    7.00000    
                        STRESS PERIOD TIME =    7.00000    
                     TOTAL SIMULATION TIME =    14.0000    

end timestep


start timestep kper="3" kstp="1" mode="normal"


 OUTPUT CONTROL FOR STRESS PERIOD 3 IS REPEATED USING SETTINGS FROM A PREVIOUS STRESS PERIOD.

 HEAD WILL BE SAVED ON UNIT 1018 AT END OF TIME STEP    1, STRESS PERIOD    3


  VOLUME BUDGET FOR ENTIRE MODEL AT END OF TIME STEP    1, STRESS PERIOD   3
  ---------------------------------------------------------------------------------------------------

     CUMULATIVE VOLUME      L**3       RATES FOR THIS TIME STEP      L**3/T          PACKAGE NAME    
     ------------------                 ------------------------                     ----------------

           IN:                                      IN:
           ---                                      ---
              STO-SS =           2.9208                STO-SS =       2.1955E-02     STORAGE                          
                 WEL =           0.0000                   WEL =           0.0000     WEL                              
                 RIV =           2.5094                   RIV =           0.1539     RIV                              
                 CHD =          18.2784                   CHD =           0.9263     CHD                              

            TOTAL IN =          23.7085              TOTAL IN =           1.1021

          OUT:                                     OUT:
          ----                                     ----
              STO-SS =       2.5626E-03                STO-SS =           0.0000     STORAGE                          
                 WEL =          21.0000                   WEL =           1.0000     WEL                              
                 RIV =           2.7518                   RIV =           0.1071     RIV                              
                 CHD =           0.0000                   CHD =           0.0000     CHD                              

           TOTAL OUT =          23.7544             TOTAL OUT =           1.1071

            IN - OUT =      -4.5819E-02              IN - OUT =      -5.0213E-03

 PERCENT DISCREPANCY =          -0.19     PERCENT DISCREPANCY =          -0.45




         TIME SUMMARY AT END OF TIME STEP    1 IN STRESS PERIOD    3
                          TIME STEP LENGTH =    7.00000    
                        STRESS PERIOD TIME =    7.00000    
                     TOTAL SIMULATION TIME =    21.0000    

end timestep


start timestep kper="4" kstp="1" mode="normal"


 OUTPUT CONTROL FOR STRESS PERIOD 4 IS REPEATED USING SETTINGS FROM A PREVIOUS STRESS PERIOD.

 HEAD WILL BE SAVED ON UNIT 1018 AT END OF TIME STEP    1, STRESS PERIOD    4


  VOLUME BUDGET FOR ENTIRE MODEL AT END OF TIME STEP    1, STRESS PERIOD   4
  ---------------------------------------------------------------------------------------------------

     CUMULATIVE VOLUME      L**3       RATES FOR THIS TIME STEP      L**3/T          PACKAGE NAME    
     ------------------                 ------------------------                     ----------------

           IN:                                      IN:
           ---                                      ---
              STO-SS =           2.9692                STO-SS =       6.9179E-03     STORAGE                          
                 WEL =           0.0000                   WEL =           0.0000     WEL                              
                 RIV =           3.6169                   RIV =           0.1582     RIV                              
                 CHD =          24.8329                   CHD =           0.9364     CHD                              

            TOTAL IN =          31.4190              TOTAL IN =           1.1015

          OUT:                                     OUT:
          ----                                     ----
              STO-SS =       2.5626E-03                STO-SS =           0.0000     STORAGE                          
                 WEL =          28.0000                   WEL =           1.0000     WEL                              
                 RIV =           3.4670                   RIV =           0.1022     RIV                              
                 CHD =           0.0000                   CHD =           0.0000     CHD                              

           TOTAL OUT =          31.4696             TOTAL OUT =           1.1022

            IN - OUT =      -5.0563E-02              IN - OUT =      -6.7773E-04

 PERCENT DISCREPANCY =          -0.16     PERCENT DISCREPANCY =          -0.06




         TIME SUMMARY AT END OF TIME STEP    1 IN STRESS PERIOD    4
                          TIME STEP LENGTH =    7.00000    
                        STRESS PERIOD TIME =    7.00000    
                     TOTAL SIMULATION TIME =    28.0000    

end timestep


start timestep kper="5" kstp="1" mode="normal"


 OUTPUT CONTROL FOR STRESS PERIOD 5 IS REPEATED USING SETTINGS FROM A PREVIOUS STRESS PERIOD.

 HEAD WILL BE SAVED ON UNIT 1018 AT END OF TIME STEP    1, STRESS PERIOD    5


  VOLUME BUDGET FOR ENTIRE MODEL AT END OF TIME STEP    1, STRESS PERIOD   5
  ---------------------------------------------------------------------------------------------------

     CUMULATIVE VOLUME      L**3       RATES FOR THIS TIME STEP      L**3/T          PACKAGE NAME    
     ------------------                 ------------------------                     ----------------

           IN:                                      IN:
           ---                                      ---
              STO-SS =           2.9794                STO-SS =       1.4510E-03     STORAGE                          
                 WEL =           0.0000                   WEL =           0.0000     WEL                              
                 RIV =           4.7333                   RIV =           0.1595     RIV                              
                 CHD =          31.4002                   CHD =           0.9382     CHD                              

            TOTAL IN =          39.1129              TOTAL IN =           1.0991

          OUT:                                     OUT:
          ----                                     ----
              STO-SS =       2.5626E-03                STO-SS =           0.0000     STORAGE                          
                 WEL =          35.0000                   WEL =           1.0000     WEL                              
                 RIV =           4.1745                   RIV =           0.1011     RIV                              
                 CHD =           0.0000                   CHD =           0.0000     CHD                              

           TOTAL OUT =          39.1771             TOTAL OUT =           1.1011

            IN - OUT =      -6.4236E-02              IN - OUT =      -1.9532E-03

 PERCENT DISCREPANCY =          -0.16     PERCENT DISCREPANCY =          -0.18




         TIME SUMMARY AT END OF TIME STEP    1 IN STRESS PERIOD    5
                          TIME STEP LENGTH =    7.00000    
                        STRESS PERIOD TIME =    7.00000    
                     TOTAL SIMULATION TIME =    35.0000    

end timestep


start timestep kper="6" kstp="1" mode="normal"


 OUTPUT CONTROL FOR STRESS PERIOD 6 IS REPEATED USING SETTINGS FROM A PREVIOUS STRESS PERIOD.

 HEAD WILL BE SAVED ON UNIT 1018 AT END OF TIME STEP    1, STRESS PERIOD    6


  VOLUME BUDGET FOR ENTIRE MODEL AT END OF TIME STEP    1, STRESS PERIOD   6
  ---------------------------------------------------------------------------------------------------

     CUMULATIVE VOLUME      L**3       RATES FOR THIS TIME STEP      L**3/T          PACKAGE NAME    
     ------------------                 ------------------------                     ----------------

           IN:                                      IN:
           ---                                      ---
              STO-SS =           2.9802                STO-SS =       1.1945E-04     STORAGE                          
                 WEL =           0.0000                   WEL =           0.0000     WEL                              
                 RIV =           5.8498                   RIV =           0.1595     RIV                              
                 CHD =          37.9690                   CHD =           0.9384     CHD                              

            TOTAL IN =          46.7990              TOTAL IN =           1.0980

          OUT:                                     OUT:
          ----                                     ----
              STO-SS =       2.5638E-03                STO-SS =       1.7695E-07     STORAGE                          
                 WEL =          42.0000                   WEL =           1.0000     WEL                              
                 RIV =           4.8813                   RIV =           0.1010     RIV                              
                 CHD =           0.0000                   CHD =           0.0000     CHD                              

           TOTAL OUT =          46.8839             TOTAL OUT =           1.1010

            IN - OUT =      -8.4880E-02              IN - OUT =      -2.9492E-03

 PERCENT DISCREPANCY =          -0.18     PERCENT DISCREPANCY =          -0.27




         TIME SUMMARY AT END OF TIME STEP    1 IN STRESS PERIOD    6
                          TIME STEP LENGTH =    7.00000    
                        STRESS PERIOD TIME =    7.00000    
                     TOTAL SIMULATION TIME =    42.0000    

end timestep


start timestep kper="7" kstp="1" mode="normal"


 OUTPUT CONTROL FOR STRESS PERIOD 7 IS REPEATED USING SETTINGS FROM A PREVIOUS STRESS PERIOD.

 HEAD WILL BE SAVED ON UNIT 1018 AT END OF TIME STEP    1, STRESS PERIOD    7


  VOLUME BUDGET FOR ENTIRE MODEL AT END OF TIME STEP    1, STRESS PERIOD   7
  ---------------------------------------------------------------------------------------------------

     CUMULATIVE VOLUME      L**3       RATES FOR THIS TIME STEP      L**3/T          PACKAGE NAME    
     ------------------                 ------------------------                     ----------------

           IN:                                      IN:
           ---                                      ---
              STO-SS =           2.9839                STO-SS =       5.3548E-04     STORAGE                          
                 WEL =           0.0000                   WEL =           0.0000     WEL                              
                 RIV =           6.9683                   RIV =           0.1598     RIV                              
                 CHD =          44.5441                   CHD =           0.9393     CHD                              

            TOTAL IN =          54.4963              TOTAL IN =           1.0996

          OUT:                                     OUT:
          ----                                     ----
              STO-SS =       2.5638E-03                STO-SS =           0.0000     STORAGE                          
                 WEL =          49.0000                   WEL =           1.0000     WEL                              
                 RIV =           5.5855                   RIV =           0.1006     RIV                              
                 CHD =           0.0000                   CHD =           0.0000     CHD                              

           TOTAL OUT =          54.5880             TOTAL OUT =           1.1006

            IN - OUT =      -9.1768E-02              IN - OUT =      -9.8398E-04

 PERCENT DISCREPANCY =          -0.17     PERCENT DISCREPANCY =          -0.09




         TIME SUMMARY AT END OF TIME STEP    1 IN STRESS PERIOD    7
                          TIME STEP LENGTH =    7.00000    
                        STRESS PERIOD TIME =    7.00000    
                     TOTAL SIMULATION TIME =    49.0000    

end timestep


start timestep kper="8" kstp="1" mode="normal"


 OUTPUT CONTROL FOR STRESS PERIOD 8 IS REPEATED USING SETTINGS FROM A PREVIOUS STRESS PERIOD.

 HEAD WILL BE SAVED ON UNIT 1018 AT END OF TIME STEP    1, STRESS PERIOD    8


  VOLUME BUDGET FOR ENTIRE MODEL AT END OF TIME STEP    1, STRESS PERIOD   8
  ---------------------------------------------------------------------------------------------------

     CUMULATIVE VOLUME      L**3       RATES FOR THIS TIME STEP      L**3/T          PACKAGE NAME    
     ------------------                 ------------------------                     ----------------

           IN:                                      IN:
           ---                                      ---
              STO-SS =           2.9844                STO-SS =       6.7824E-05     STORAGE                          
                 WEL =           0.0000                   WEL =           0.0000     WEL                              
                 RIV =           8.0875                   RIV =           0.1599     RIV                              
                 CHD =          51.1197                   CHD =           0.9394     CHD                              

            TOTAL IN =          62.1916              TOTAL IN =           1.0993

          OUT:                                     OUT:
          ----                                     ----
              STO-SS =       2.5640E-03                STO-SS =       3.3392E-08     STORAGE                          
                 WEL =          56.0000                   WEL =           1.0000     WEL                              
                 RIV =           6.2894                   RIV =           0.1006     RIV                              
                 CHD =           0.0000                   CHD =           0.0000     CHD                              

           TOTAL OUT =          62.2919             TOTAL OUT =           1.1006

            IN - OUT =          -0.1003              IN - OUT =      -1.2203E-03

 PERCENT DISCREPANCY =          -0.16     PERCENT DISCREPANCY =          -0.11




         TIME SUMMARY AT END OF TIME STEP    1 IN STRESS PERIOD    8
                          TIME STEP LENGTH =    7.00000    
                        STRESS PERIOD TIME =    7.00000    
                     TOTAL SIMULATION TIME =    56.0000    

end timestep


start timestep kper="9" kstp="1" mode="normal"


 OUTPUT CONTROL FOR STRESS PERIOD 9 IS REPEATED USING SETTINGS FROM A PREVIOUS STRESS PERIOD.

 HEAD WILL BE SAVED ON UNIT 1018 AT END OF TIME STEP    1, STRESS PERIOD    9


  VOLUME BUDGET FOR ENTIRE MODEL AT END OF TIME STEP    1, STRESS PERIOD   9
  ---------------------------------------------------------------------------------------------------

     CUMULATIVE VOLUME      L**3       RATES FOR THIS TIME STEP      L**3/T          PACKAGE NAME    
     ------------------                 ------------------------                     ----------------

           IN:                                      IN:
           ---                                      ---
              STO-SS =           2.9859                STO-SS =       2.0610E-04     STORAGE                          
                 WEL =           0.0000                   WEL =           0.0000     WEL                              
                 RIV =           9.2078                   RIV =           0.1601     RIV                              
                 CHD =          57.6972                   CHD =           0.9396     CHD                              

            TOTAL IN =          69.8909              TOTAL IN =           1.0999

          OUT:                                     OUT:
          ----                                     ----
              STO-SS =       2.5640E-03                STO-SS =           0.0000     STORAGE                          
                 WEL =          63.0000                   WEL =           1.0000     WEL                              
                 RIV =           6.9921                   RIV =           0.1004     RIV                              
                 CHD =           0.0000                   CHD =           0.0000     CHD                              

           TOTAL OUT =          69.9947             TOTAL OUT =           1.1004

            IN - OUT =          -0.1038              IN - OUT =      -5.0559E-04

 PERCENT DISCREPANCY =          -0.15     PERCENT DISCREPANCY =          -0.05




         TIME SUMMARY AT END OF TIME STEP    1 IN STRESS PERIOD    9
                          TIME STEP LENGTH =    7.00000    
                        STRESS PERIOD TIME =    7.00000    
                     TOTAL SIMULATION TIME =    63.0000    

end timestep


start timestep kper="10" kstp="1" mode="normal"


 OUTPUT CONTROL FOR STRESS PERIOD 10 IS REPEATED USING SETTINGS FROM A PREVIOUS STRESS PERIOD.

 HEAD WILL BE SAVED ON UNIT 1018 AT END OF TIME STEP    1, STRESS PERIOD   10


  VOLUME BUDGET FOR ENTIRE MODEL AT END OF TIME STEP    1, STRESS PERIOD  10
  ---------------------------------------------------------------------------------------------------

     CUMULATIVE VOLUME      L**3       RATES FOR THIS TIME STEP      L**3/T          PACKAGE NAME    
     ------------------                 ------------------------                     ----------------

           IN:                                      IN:
           ---                                      ---
              STO-SS =           2.9861                STO-SS =       2.6495E-05     STORAGE                          
                 WEL =           0.0000                   WEL =           0.0000     WEL                              
                 RIV =          10.3283                   RIV =           0.1601     RIV                              
                 CHD =          64.2749                   CHD =           0.9397     CHD                              

            TOTAL IN =          77.5892              TOTAL IN =           1.0998

          OUT:                                     OUT:
          ----                                     ----
              STO-SS =       2.5641E-03                STO-SS =       1.9532E-09     STORAGE                          
                 WEL =          70.0000                   WEL =           1.0000     WEL                              
                 RIV =           7.6948                   RIV =           0.1004     RIV                              
                 CHD =           0.0000                   CHD =           0.0000     CHD                              

           TOTAL OUT =          77.6974             TOTAL OUT =           1.1004

            IN - OUT =          -0.1081              IN - OUT =      -6.1013E-04

 PERCENT DISCREPANCY =          -0.14     PERCENT DISCREPANCY =          -0.06




         TIME SUMMARY AT END OF TIME STEP    1 IN STRESS PERIOD   10
                          TIME STEP LENGTH =    7.00000    
                        STRESS PERIOD TIME =    7.00000    
                     TOTAL SIMULATION TIME =    70.0000    

end timestep

