                                   MODFLOW 6
                U.S. GEOLOGICAL SURVEY MODULAR HYDROLOGIC MODEL
                          GROUNDWATER FLOW MODEL (GWF)
                            VERSION 6.6.3 09/29/2025

   MODFLOW 6 compiled Oct 07 2025 23:07:48 with Intel(R) Fortran Intel(R) 64
   Compiler Classic for applications running on Intel(R) 64, Version 2021.7.0
                             Build 20220726_000000

This software has been approved for release by the U.S. Geological 
Survey (USGS). Although the software has been subjected to rigorous 
review, the USGS reserves the right to update the software as needed 
pursuant to further analysis and review. No warranty, expressed or 
implied, is made by the USGS or the U.S. Government as to the 
functionality of the software and related material nor shall the 
fact of release constitute any such warranty. Furthermore, the 
software is released on condition that neither the USGS nor the U.S. 
Government shall be held liable for any damages resulting from its 
authorized or unauthorized use. Also refer to the USGS Water 
Resources Software User Rights Notice for complete use, copyright, 
and distribution information.


As a work of the United States Government, this USGS product is 
in the public domain within the United States. You can copy, 
modify, distribute, and perform the work, even for commercial 
purposes, all without asking permission. Additionally, USGS 
waives copyright and related rights in the work worldwide 
through CC0 1.0 Universal Public Domain Dedication 
(https://creativecommons.org/publicdomain/zero/1.0/).

The following GNU Lesser General Public License (LGPL) libraries
are used in this USGS product:

    SPARSKIT version 2.0
      ilut, luson, and qsplit 
      (https://www-users.cse.umn.edu/~saad/software/SPARSKIT/)

    RCM - Reverse Cuthill McKee Ordering
      (https://people.math.sc.edu/Burkardt/f_src/rcm/rcm.html)

    BLAS - Basic Linear Algebra Subprograms Level 1
      (https://people.math.sc.edu/Burkardt/f_src/blas1_d/blas1_d.html)

    SPARSEKIT - Sparse Matrix Utility Package
      amux, dperm, dvperm, rperm, and cperm
      (https://people.sc.fsu.edu/~jburkardt/f77_src/sparsekit/sparsekit.html)

The following BSD-3 License libraries are used in this USGS product:

    Modern Fortran DAG Library
      Copyright (c) 2018, Jacob Williams
      All rights reserved.
      (https://github.com/jacobwilliams/daglib)

MODFLOW 6 compiler options: /O2 /heap-arrays:0 /fpe:0 /traceback /nologo /fpp
/c /module:win64\mod_mf6\ /object:win64\obj_mf6\

System command used to initiate simulation:
C:\Python\Personal\kfm-ms\codes\binaries\MODFLOW6\windows\mf6.exe

MODFLOW was compiled using uniform precision.

Real Variables
  KIND: 8
  TINY (smallest non-zero value):    2.225074-308
  HUGE (largest value):    1.797693+308
  PRECISION: 15
  SIZE IN BITS: 64

Integer Variables
  KIND: 4
  HUGE (largest value): 2147483647
  SIZE IN BITS: 32

Long Integer Variables
  KIND: 8
  HUGE (largest value): 9223372036854775807
  SIZE IN BITS: 64

Logical Variables
  KIND: 4
  SIZE IN BITS: 32
 
 NAMEFILE OPTIONS:
    FLOWS WILL BE SAVED TO BUDGET FILE SPECIFIED IN OUTPUT CONTROL
 END NAMEFILE OPTIONS:

 DIS -- STRUCTURED GRID DISCRETIZATION PACKAGE, VERSION 2 : 3/27/2014 - INPUT READ FROM MEMPATH: __INPUT__/PHANTOM_37/DIS                          


 NPF -- NODE PROPERTY FLOW PACKAGE, VERSION 1, 3/30/2015 INPUT READ FROM MEMPATH: __INPUT__/PHANTOM_37/NPF                          


 IC -- Initial Conditions Package, Version 8, 3/28/2015 input read from mempath: __INPUT__/PHANTOM_37/IC                           


 Setting Discretization Options
    XORIGIN = .000000000000000
    YORIGIN = .000000000000000
 End Setting Discretization Options

 Setting Discretization Dimensions
    NLAY = 1
    NROW = 50
    NCOL = 50
 End Setting Discretization Dimensions

 Setting Discretization Griddata
    DELR set from input file
    DELC set from input file
    TOP set from input file
    BOTM set from input file
    IDOMAIN set from input file
 End Setting Discretization Griddata


 The specified IDOMAIN results in a reduced number of cells.
 Number of user nodes: 2500
 Number of nodes in solution: 2400


 Setting NPF Options
 End Setting NPF Options

 Setting NPF Griddata
    ICELLTYPE set from input file
    K set from input file
    K33 not provided.  Setting K33 = K.
    K22 not provided.  Setting K22 = K.
 End Setting NPF Griddata


 WEL -- WEL PACKAGE, VERSION 8, 2/22/2014 INPUT READ FROM MEMPATH: __INPUT__/PHANTOM_37/WEL                          

 PROCESSING WEL BASE OPTIONS
 END OF WEL BASE OPTIONS

 PROCESSING WEL OPTIONS
 END OF WEL OPTIONS

 PROCESSING WEL BASE DIMENSIONS
    MAXBOUND =       1
 END OF WEL BASE DIMENSIONS

 CHD -- CHD PACKAGE, VERSION 8, 2/22/2014 INPUT READ FROM MEMPATH: __INPUT__/PHANTOM_37/CHD_LEFT                     

 PROCESSING CHD BASE OPTIONS
 END OF CHD BASE OPTIONS

 PROCESSING CHD BASE DIMENSIONS
    MAXBOUND =      48
 END OF CHD BASE DIMENSIONS

 CHD -- CHD PACKAGE, VERSION 8, 2/22/2014 INPUT READ FROM MEMPATH: __INPUT__/PHANTOM_37/CHD_RIGHT                    

 PROCESSING CHD BASE OPTIONS
 END OF CHD BASE OPTIONS

 PROCESSING CHD BASE DIMENSIONS
    MAXBOUND =      48
 END OF CHD BASE DIMENSIONS
    STRT set from input file

 STO -- STORAGE PACKAGE, VERSION 1, 5/19/2014 INPUT READ FROM MEMPATH: __INPUT__/PHANTOM_37/STO                          


 PROCESSING STORAGE OPTIONS
 END OF STORAGE OPTIONS
    BINARY GRID INFORMATION WILL BE WRITTEN TO:
      UNIT NUMBER: 1017
      FILE NAME: phantom_37.dis.grb

 OPENED phantom_37.dis.grb
 FILE TYPE:DATA(BINARY)   UNIT 1017   STATUS:REPLACE             
 FORMAT:UNFORMATTED            ACCESS:STREAM              
 ACTION:READWRITE           

      THE LAST TIME STEP WILL BE PRINTED
      THE LAST TIME STEP WILL BE PRINTED
 # File generated by Flopy version 3.10.0 on 05/18/2026 at 15:20:47.

 PROCESSING OC OPTIONS

    HEAD INFORMATION WILL BE WRITTEN TO:
      UNIT NUMBER: 1018
      FILE NAME: phantom_37.hds

 OPENED phantom_37.hds
 FILE TYPE:DATA(BINARY)   UNIT 1018   STATUS:REPLACE             
 FORMAT:UNFORMATTED            ACCESS:STREAM              
 ACTION:READWRITE           

 END OF OC OPTIONS

start timestep kper="1" kstp="1" mode="normal"


 BEGIN READING OUTPUT CONTROL FOR STRESS PERIOD 1
      ALL TIME STEPS WILL BE SAVED

 END READING OUTPUT CONTROL FOR STRESS PERIOD 1


 PROCESSING STORAGE PERIOD DATA
 END PROCESSING STORAGE PERIOD DATA


 STRESS PERIOD 1 IS TRANSIENT


 HEAD WILL BE SAVED ON UNIT 1018 AT END OF TIME STEP    1, STRESS PERIOD    1


  VOLUME BUDGET FOR ENTIRE MODEL AT END OF TIME STEP    1, STRESS PERIOD   1
  ---------------------------------------------------------------------------------------------------

     CUMULATIVE VOLUME      L**3       RATES FOR THIS TIME STEP      L**3/T          PACKAGE NAME    
     ------------------                 ------------------------                     ----------------

           IN:                                      IN:
           ---                                      ---
              STO-SS =           1.4664                STO-SS =           0.2095     STORAGE                          
                 WEL =           0.0000                   WEL =           0.0000     WEL                              
                 CHD =           4.2972                   CHD =           0.6139     CHD_LEFT                         
                 CHD =           1.8765                   CHD =           0.2681     CHD_RIGHT                        

            TOTAL IN =           7.6401              TOTAL IN =           1.0914

          OUT:                                     OUT:
          ----                                     ----
              STO-SS =           0.0000                STO-SS =           0.0000     STORAGE                          
                 WEL =           7.0000                   WEL =           1.0000     WEL                              
                 CHD =           0.0000                   CHD =           0.0000     CHD_LEFT                         
                 CHD =           0.6472                   CHD =       9.2460E-02     CHD_RIGHT                        

           TOTAL OUT =           7.6472             TOTAL OUT =           1.0925

            IN - OUT =      -7.1042E-03              IN - OUT =      -1.0149E-03

 PERCENT DISCREPANCY =          -0.09     PERCENT DISCREPANCY =          -0.09




         TIME SUMMARY AT END OF TIME STEP    1 IN STRESS PERIOD    1
                          TIME STEP LENGTH =    7.00000    
                        STRESS PERIOD TIME =    7.00000    
                     TOTAL SIMULATION TIME =    7.00000    

end timestep


start timestep kper="2" kstp="1" mode="normal"


 END OF FILE DETECTED IN OUTPUT CONTROL.
 CURRENT OUTPUT CONTROL SETTINGS WILL BE 
 REPEATED UNTIL THE END OF THE SIMULATION.

 OUTPUT CONTROL FOR STRESS PERIOD 2 IS REPEATED USING SETTINGS FROM A PREVIOUS STRESS PERIOD.

 HEAD WILL BE SAVED ON UNIT 1018 AT END OF TIME STEP    1, STRESS PERIOD    2


  VOLUME BUDGET FOR ENTIRE MODEL AT END OF TIME STEP    1, STRESS PERIOD   2
  ---------------------------------------------------------------------------------------------------

     CUMULATIVE VOLUME      L**3       RATES FOR THIS TIME STEP      L**3/T          PACKAGE NAME    
     ------------------                 ------------------------                     ----------------

           IN:                                      IN:
           ---                                      ---
              STO-SS =           1.8230                STO-SS =       5.0944E-02     STORAGE                          
                 WEL =           0.0000                   WEL =           0.0000     WEL                              
                 CHD =           8.9816                   CHD =           0.6692     CHD_LEFT                         
                 CHD =           4.3019                   CHD =           0.3465     CHD_RIGHT                        

            TOTAL IN =          15.1066              TOTAL IN =           1.0666

          OUT:                                     OUT:
          ----                                     ----
              STO-SS =           0.0000                STO-SS =           0.0000     STORAGE                          
                 WEL =          14.0000                   WEL =           1.0000     WEL                              
                 CHD =           0.0000                   CHD =           0.0000     CHD_LEFT                         
                 CHD =           1.1265                   CHD =       6.8468E-02     CHD_RIGHT                        

           TOTAL OUT =          15.1265             TOTAL OUT =           1.0685

            IN - OUT =      -1.9902E-02              IN - OUT =      -1.8283E-03

 PERCENT DISCREPANCY =          -0.13     PERCENT DISCREPANCY =          -0.17




         TIME SUMMARY AT END OF TIME STEP    1 IN STRESS PERIOD    2
                          TIME STEP LENGTH =    7.00000    
                        STRESS PERIOD TIME =    7.00000    
                     TOTAL SIMULATION TIME =    14.0000    

end timestep


start timestep kper="3" kstp="1" mode="normal"


 OUTPUT CONTROL FOR STRESS PERIOD 3 IS REPEATED USING SETTINGS FROM A PREVIOUS STRESS PERIOD.

 HEAD WILL BE SAVED ON UNIT 1018 AT END OF TIME STEP    1, STRESS PERIOD    3


  VOLUME BUDGET FOR ENTIRE MODEL AT END OF TIME STEP    1, STRESS PERIOD   3
  ---------------------------------------------------------------------------------------------------

     CUMULATIVE VOLUME      L**3       RATES FOR THIS TIME STEP      L**3/T          PACKAGE NAME    
     ------------------                 ------------------------                     ----------------

           IN:                                      IN:
           ---                                      ---
              STO-SS =           1.9158                STO-SS =       1.3257E-02     STORAGE                          
                 WEL =           0.0000                   WEL =           0.0000     WEL                              
                 CHD =          13.7857                   CHD =           0.6863     CHD_LEFT                         
                 CHD =           6.8359                   CHD =           0.3620     CHD_RIGHT                        

            TOTAL IN =          22.5375              TOTAL IN =           1.0616

          OUT:                                     OUT:
          ----                                     ----
              STO-SS =           0.0000                STO-SS =           0.0000     STORAGE                          
                 WEL =          21.0000                   WEL =           1.0000     WEL                              
                 CHD =           0.0000                   CHD =           0.0000     CHD_LEFT                         
                 CHD =           1.5636                   CHD =       6.2438E-02     CHD_RIGHT                        

           TOTAL OUT =          22.5636             TOTAL OUT =           1.0624

            IN - OUT =      -2.6040E-02              IN - OUT =      -8.7681E-04

 PERCENT DISCREPANCY =          -0.12     PERCENT DISCREPANCY =          -0.08




         TIME SUMMARY AT END OF TIME STEP    1 IN STRESS PERIOD    3
                          TIME STEP LENGTH =    7.00000    
                        STRESS PERIOD TIME =    7.00000    
                     TOTAL SIMULATION TIME =    21.0000    

end timestep


start timestep kper="4" kstp="1" mode="normal"


 OUTPUT CONTROL FOR STRESS PERIOD 4 IS REPEATED USING SETTINGS FROM A PREVIOUS STRESS PERIOD.

 HEAD WILL BE SAVED ON UNIT 1018 AT END OF TIME STEP    1, STRESS PERIOD    4


  VOLUME BUDGET FOR ENTIRE MODEL AT END OF TIME STEP    1, STRESS PERIOD   4
  ---------------------------------------------------------------------------------------------------

     CUMULATIVE VOLUME      L**3       RATES FOR THIS TIME STEP      L**3/T          PACKAGE NAME    
     ------------------                 ------------------------                     ----------------

           IN:                                      IN:
           ---                                      ---
              STO-SS =           1.9399                STO-SS =       3.4423E-03     STORAGE                          
                 WEL =           0.0000                   WEL =           0.0000     WEL                              
                 CHD =          18.6291                   CHD =           0.6919     CHD_LEFT                         
                 CHD =           9.3894                   CHD =           0.3648     CHD_RIGHT                        

            TOTAL IN =          29.9584              TOTAL IN =           1.0601

          OUT:                                     OUT:
          ----                                     ----
              STO-SS =           0.0000                STO-SS =           0.0000     STORAGE                          
                 WEL =          28.0000                   WEL =           1.0000     WEL                              
                 CHD =           0.0000                   CHD =           0.0000     CHD_LEFT                         
                 CHD =           1.9896                   CHD =       6.0863E-02     CHD_RIGHT                        

           TOTAL OUT =          29.9896             TOTAL OUT =           1.0609

            IN - OUT =      -3.1212E-02              IN - OUT =      -7.3883E-04

 PERCENT DISCREPANCY =          -0.10     PERCENT DISCREPANCY =          -0.07




         TIME SUMMARY AT END OF TIME STEP    1 IN STRESS PERIOD    4
                          TIME STEP LENGTH =    7.00000    
                        STRESS PERIOD TIME =    7.00000    
                     TOTAL SIMULATION TIME =    28.0000    

end timestep


start timestep kper="5" kstp="1" mode="normal"


 OUTPUT CONTROL FOR STRESS PERIOD 5 IS REPEATED USING SETTINGS FROM A PREVIOUS STRESS PERIOD.

 HEAD WILL BE SAVED ON UNIT 1018 AT END OF TIME STEP    1, STRESS PERIOD    5


  VOLUME BUDGET FOR ENTIRE MODEL AT END OF TIME STEP    1, STRESS PERIOD   5
  ---------------------------------------------------------------------------------------------------

     CUMULATIVE VOLUME      L**3       RATES FOR THIS TIME STEP      L**3/T          PACKAGE NAME    
     ------------------                 ------------------------                     ----------------

           IN:                                      IN:
           ---                                      ---
              STO-SS =           1.9457                STO-SS =       8.2547E-04     STORAGE                          
                 WEL =           0.0000                   WEL =           0.0000     WEL                              
                 CHD =          23.4788                   CHD =           0.6928     CHD_LEFT                         
                 CHD =          11.9500                   CHD =           0.3658     CHD_RIGHT                        

            TOTAL IN =          37.3745              TOTAL IN =           1.0594

          OUT:                                     OUT:
          ----                                     ----
              STO-SS =           0.0000                STO-SS =           0.0000     STORAGE                          
                 WEL =          35.0000                   WEL =           1.0000     WEL                              
                 CHD =           0.0000                   CHD =           0.0000     CHD_LEFT                         
                 CHD =           2.4129                   CHD =       6.0467E-02     CHD_RIGHT                        

           TOTAL OUT =          37.4129             TOTAL OUT =           1.0605

            IN - OUT =      -3.8339E-02              IN - OUT =      -1.0181E-03

 PERCENT DISCREPANCY =          -0.10     PERCENT DISCREPANCY =          -0.10




         TIME SUMMARY AT END OF TIME STEP    1 IN STRESS PERIOD    5
                          TIME STEP LENGTH =    7.00000    
                        STRESS PERIOD TIME =    7.00000    
                     TOTAL SIMULATION TIME =    35.0000    

end timestep


start timestep kper="6" kstp="1" mode="normal"


 OUTPUT CONTROL FOR STRESS PERIOD 6 IS REPEATED USING SETTINGS FROM A PREVIOUS STRESS PERIOD.

 HEAD WILL BE SAVED ON UNIT 1018 AT END OF TIME STEP    1, STRESS PERIOD    6


  VOLUME BUDGET FOR ENTIRE MODEL AT END OF TIME STEP    1, STRESS PERIOD   6
  ---------------------------------------------------------------------------------------------------

     CUMULATIVE VOLUME      L**3       RATES FOR THIS TIME STEP      L**3/T          PACKAGE NAME    
     ------------------                 ------------------------                     ----------------

           IN:                                      IN:
           ---                                      ---
              STO-SS =           1.9461                STO-SS =       5.6075E-05     STORAGE                          
                 WEL =           0.0000                   WEL =           0.0000     WEL                              
                 CHD =          28.3294                   CHD =           0.6929     CHD_LEFT                         
                 CHD =          14.5109                   CHD =           0.3658     CHD_RIGHT                        

            TOTAL IN =          44.7865              TOTAL IN =           1.0588

          OUT:                                     OUT:
          ----                                     ----
              STO-SS =       2.5343E-07                STO-SS =       3.6204E-08     STORAGE                          
                 WEL =          42.0000                   WEL =           1.0000     WEL                              
                 CHD =           0.0000                   CHD =           0.0000     CHD_LEFT                         
                 CHD =           2.8359                   CHD =       6.0436E-02     CHD_RIGHT                        

           TOTAL OUT =          44.8359             TOTAL OUT =           1.0604

            IN - OUT =      -4.9475E-02              IN - OUT =      -1.5909E-03

 PERCENT DISCREPANCY =          -0.11     PERCENT DISCREPANCY =          -0.15




         TIME SUMMARY AT END OF TIME STEP    1 IN STRESS PERIOD    6
                          TIME STEP LENGTH =    7.00000    
                        STRESS PERIOD TIME =    7.00000    
                     TOTAL SIMULATION TIME =    42.0000    

end timestep


start timestep kper="7" kstp="1" mode="normal"


 OUTPUT CONTROL FOR STRESS PERIOD 7 IS REPEATED USING SETTINGS FROM A PREVIOUS STRESS PERIOD.

 HEAD WILL BE SAVED ON UNIT 1018 AT END OF TIME STEP    1, STRESS PERIOD    7


  VOLUME BUDGET FOR ENTIRE MODEL AT END OF TIME STEP    1, STRESS PERIOD   7
  ---------------------------------------------------------------------------------------------------

     CUMULATIVE VOLUME      L**3       RATES FOR THIS TIME STEP      L**3/T          PACKAGE NAME    
     ------------------                 ------------------------                     ----------------

           IN:                                      IN:
           ---                                      ---
              STO-SS =           1.9480                STO-SS =       2.6378E-04     STORAGE                          
                 WEL =           0.0000                   WEL =           0.0000     WEL                              
                 CHD =          33.1838                   CHD =           0.6935     CHD_LEFT                         
                 CHD =          17.0729                   CHD =           0.3660     CHD_RIGHT                        

            TOTAL IN =          52.2047              TOTAL IN =           1.0597

          OUT:                                     OUT:
          ----                                     ----
              STO-SS =       2.6798E-07                STO-SS =       2.0795E-09     STORAGE                          
                 WEL =          49.0000                   WEL =           1.0000     WEL                              
                 CHD =           0.0000                   CHD =           0.0000     CHD_LEFT                         
                 CHD =           3.2582                   CHD =       6.0329E-02     CHD_RIGHT                        

           TOTAL OUT =          52.2582             TOTAL OUT =           1.0603

            IN - OUT =      -5.3566E-02              IN - OUT =      -5.8451E-04

 PERCENT DISCREPANCY =          -0.10     PERCENT DISCREPANCY =          -0.06




         TIME SUMMARY AT END OF TIME STEP    1 IN STRESS PERIOD    7
                          TIME STEP LENGTH =    7.00000    
                        STRESS PERIOD TIME =    7.00000    
                     TOTAL SIMULATION TIME =    49.0000    

end timestep


start timestep kper="8" kstp="1" mode="normal"


 OUTPUT CONTROL FOR STRESS PERIOD 8 IS REPEATED USING SETTINGS FROM A PREVIOUS STRESS PERIOD.

 HEAD WILL BE SAVED ON UNIT 1018 AT END OF TIME STEP    1, STRESS PERIOD    8


  VOLUME BUDGET FOR ENTIRE MODEL AT END OF TIME STEP    1, STRESS PERIOD   8
  ---------------------------------------------------------------------------------------------------

     CUMULATIVE VOLUME      L**3       RATES FOR THIS TIME STEP      L**3/T          PACKAGE NAME    
     ------------------                 ------------------------                     ----------------

           IN:                                      IN:
           ---                                      ---
              STO-SS =           1.9483                STO-SS =       5.1519E-05     STORAGE                          
                 WEL =           0.0000                   WEL =           0.0000     WEL                              
                 CHD =          38.0385                   CHD =           0.6935     CHD_LEFT                         
                 CHD =          19.6354                   CHD =           0.3661     CHD_RIGHT                        

            TOTAL IN =          59.6222              TOTAL IN =           1.0596

          OUT:                                     OUT:
          ----                                     ----
              STO-SS =       3.6464E-07                STO-SS =       1.3809E-08     STORAGE                          
                 WEL =          56.0000                   WEL =           1.0000     WEL                              
                 CHD =           0.0000                   CHD =           0.0000     CHD_LEFT                         
                 CHD =           3.6804                   CHD =       6.0306E-02     CHD_RIGHT                        

           TOTAL OUT =          59.6804             TOTAL OUT =           1.0603

            IN - OUT =      -5.8217E-02              IN - OUT =      -6.6433E-04

 PERCENT DISCREPANCY =          -0.10     PERCENT DISCREPANCY =          -0.06




         TIME SUMMARY AT END OF TIME STEP    1 IN STRESS PERIOD    8
                          TIME STEP LENGTH =    7.00000    
                        STRESS PERIOD TIME =    7.00000    
                     TOTAL SIMULATION TIME =    56.0000    

end timestep


start timestep kper="9" kstp="1" mode="normal"


 OUTPUT CONTROL FOR STRESS PERIOD 9 IS REPEATED USING SETTINGS FROM A PREVIOUS STRESS PERIOD.

 HEAD WILL BE SAVED ON UNIT 1018 AT END OF TIME STEP    1, STRESS PERIOD    9


  VOLUME BUDGET FOR ENTIRE MODEL AT END OF TIME STEP    1, STRESS PERIOD   9
  ---------------------------------------------------------------------------------------------------

     CUMULATIVE VOLUME      L**3       RATES FOR THIS TIME STEP      L**3/T          PACKAGE NAME    
     ------------------                 ------------------------                     ----------------

           IN:                                      IN:
           ---                                      ---
              STO-SS =           1.9488                STO-SS =       7.1070E-05     STORAGE                          
                 WEL =           0.0000                   WEL =           0.0000     WEL                              
                 CHD =          42.8939                   CHD =           0.6936     CHD_LEFT                         
                 CHD =          22.1984                   CHD =           0.3662     CHD_RIGHT                        

            TOTAL IN =          67.0411              TOTAL IN =           1.0599

          OUT:                                     OUT:
          ----                                     ----
              STO-SS =       3.9069E-07                STO-SS =       3.7202E-09     STORAGE                          
                 WEL =          63.0000                   WEL =           1.0000     WEL                              
                 CHD =           0.0000                   CHD =           0.0000     CHD_LEFT                         
                 CHD =           4.1023                   CHD =       6.0271E-02     CHD_RIGHT                        

           TOTAL OUT =          67.1023             TOTAL OUT =           1.0603

            IN - OUT =      -6.1145E-02              IN - OUT =      -4.1832E-04

 PERCENT DISCREPANCY =          -0.09     PERCENT DISCREPANCY =          -0.04




         TIME SUMMARY AT END OF TIME STEP    1 IN STRESS PERIOD    9
                          TIME STEP LENGTH =    7.00000    
                        STRESS PERIOD TIME =    7.00000    
                     TOTAL SIMULATION TIME =    63.0000    

end timestep


start timestep kper="10" kstp="1" mode="normal"


 OUTPUT CONTROL FOR STRESS PERIOD 10 IS REPEATED USING SETTINGS FROM A PREVIOUS STRESS PERIOD.

 HEAD WILL BE SAVED ON UNIT 1018 AT END OF TIME STEP    1, STRESS PERIOD   10


  VOLUME BUDGET FOR ENTIRE MODEL AT END OF TIME STEP    1, STRESS PERIOD  10
  ---------------------------------------------------------------------------------------------------

     CUMULATIVE VOLUME      L**3       RATES FOR THIS TIME STEP      L**3/T          PACKAGE NAME    
     ------------------                 ------------------------                     ----------------

           IN:                                      IN:
           ---                                      ---
              STO-SS =           1.9490                STO-SS =       3.3201E-05     STORAGE                          
                 WEL =           0.0000                   WEL =           0.0000     WEL                              
                 CHD =          47.7496                   CHD =           0.6937     CHD_LEFT                         
                 CHD =          24.7617                   CHD =           0.3662     CHD_RIGHT                        

            TOTAL IN =          74.4603              TOTAL IN =           1.0599

          OUT:                                     OUT:
          ----                                     ----
              STO-SS =       3.9857E-07                STO-SS =       1.1264E-09     STORAGE                          
                 WEL =          70.0000                   WEL =           1.0000     WEL                              
                 CHD =           0.0000                   CHD =           0.0000     CHD_LEFT                         
                 CHD =           4.5241                   CHD =       6.0258E-02     CHD_RIGHT                        

           TOTAL OUT =          74.5241             TOTAL OUT =           1.0603

            IN - OUT =      -6.3743E-02              IN - OUT =      -3.7113E-04

 PERCENT DISCREPANCY =          -0.09     PERCENT DISCREPANCY =          -0.04




         TIME SUMMARY AT END OF TIME STEP    1 IN STRESS PERIOD   10
                          TIME STEP LENGTH =    7.00000    
                        STRESS PERIOD TIME =    7.00000    
                     TOTAL SIMULATION TIME =    70.0000    

end timestep

