                                   MODFLOW 6
                U.S. GEOLOGICAL SURVEY MODULAR HYDROLOGIC MODEL
                          GROUNDWATER FLOW MODEL (GWF)
                            VERSION 6.6.3 09/29/2025

   MODFLOW 6 compiled Oct 07 2025 23:07:48 with Intel(R) Fortran Intel(R) 64
   Compiler Classic for applications running on Intel(R) 64, Version 2021.7.0
                             Build 20220726_000000

This software has been approved for release by the U.S. Geological 
Survey (USGS). Although the software has been subjected to rigorous 
review, the USGS reserves the right to update the software as needed 
pursuant to further analysis and review. No warranty, expressed or 
implied, is made by the USGS or the U.S. Government as to the 
functionality of the software and related material nor shall the 
fact of release constitute any such warranty. Furthermore, the 
software is released on condition that neither the USGS nor the U.S. 
Government shall be held liable for any damages resulting from its 
authorized or unauthorized use. Also refer to the USGS Water 
Resources Software User Rights Notice for complete use, copyright, 
and distribution information.


As a work of the United States Government, this USGS product is 
in the public domain within the United States. You can copy, 
modify, distribute, and perform the work, even for commercial 
purposes, all without asking permission. Additionally, USGS 
waives copyright and related rights in the work worldwide 
through CC0 1.0 Universal Public Domain Dedication 
(https://creativecommons.org/publicdomain/zero/1.0/).

The following GNU Lesser General Public License (LGPL) libraries
are used in this USGS product:

    SPARSKIT version 2.0
      ilut, luson, and qsplit 
      (https://www-users.cse.umn.edu/~saad/software/SPARSKIT/)

    RCM - Reverse Cuthill McKee Ordering
      (https://people.math.sc.edu/Burkardt/f_src/rcm/rcm.html)

    BLAS - Basic Linear Algebra Subprograms Level 1
      (https://people.math.sc.edu/Burkardt/f_src/blas1_d/blas1_d.html)

    SPARSEKIT - Sparse Matrix Utility Package
      amux, dperm, dvperm, rperm, and cperm
      (https://people.sc.fsu.edu/~jburkardt/f77_src/sparsekit/sparsekit.html)

The following BSD-3 License libraries are used in this USGS product:

    Modern Fortran DAG Library
      Copyright (c) 2018, Jacob Williams
      All rights reserved.
      (https://github.com/jacobwilliams/daglib)

MODFLOW 6 compiler options: /O2 /heap-arrays:0 /fpe:0 /traceback /nologo /fpp
/c /module:win64\mod_mf6\ /object:win64\obj_mf6\

System command used to initiate simulation:
C:\Python\Personal\kfm-ms\codes\binaries\MODFLOW6\windows\mf6.exe

MODFLOW was compiled using uniform precision.

Real Variables
  KIND: 8
  TINY (smallest non-zero value):    2.225074-308
  HUGE (largest value):    1.797693+308
  PRECISION: 15
  SIZE IN BITS: 64

Integer Variables
  KIND: 4
  HUGE (largest value): 2147483647
  SIZE IN BITS: 32

Long Integer Variables
  KIND: 8
  HUGE (largest value): 9223372036854775807
  SIZE IN BITS: 64

Logical Variables
  KIND: 4
  SIZE IN BITS: 32
 
 NAMEFILE OPTIONS:
    FLOWS WILL BE SAVED TO BUDGET FILE SPECIFIED IN OUTPUT CONTROL
 END NAMEFILE OPTIONS:

 DIS -- STRUCTURED GRID DISCRETIZATION PACKAGE, VERSION 2 : 3/27/2014 - INPUT READ FROM MEMPATH: __INPUT__/PHANTOM_113/DIS                         


 NPF -- NODE PROPERTY FLOW PACKAGE, VERSION 1, 3/30/2015 INPUT READ FROM MEMPATH: __INPUT__/PHANTOM_113/NPF                         


 IC -- Initial Conditions Package, Version 8, 3/28/2015 input read from mempath: __INPUT__/PHANTOM_113/IC                          


 Setting Discretization Options
    XORIGIN = .000000000000000
    YORIGIN = .000000000000000
 End Setting Discretization Options

 Setting Discretization Dimensions
    NLAY = 1
    NROW = 50
    NCOL = 50
 End Setting Discretization Dimensions

 Setting Discretization Griddata
    DELR set from input file
    DELC set from input file
    TOP set from input file
    BOTM set from input file
    IDOMAIN set from input file
 End Setting Discretization Griddata


 The specified IDOMAIN results in a reduced number of cells.
 Number of user nodes: 2500
 Number of nodes in solution: 2400


 Setting NPF Options
 End Setting NPF Options

 Setting NPF Griddata
    ICELLTYPE set from input file
    K set from input file
    K33 not provided.  Setting K33 = K.
    K22 not provided.  Setting K22 = K.
 End Setting NPF Griddata


 WEL -- WEL PACKAGE, VERSION 8, 2/22/2014 INPUT READ FROM MEMPATH: __INPUT__/PHANTOM_113/WEL                         

 PROCESSING WEL BASE OPTIONS
 END OF WEL BASE OPTIONS

 PROCESSING WEL OPTIONS
 END OF WEL OPTIONS

 PROCESSING WEL BASE DIMENSIONS
    MAXBOUND =       1
 END OF WEL BASE DIMENSIONS

 RIV -- RIV PACKAGE, VERSION 8, 2/22/2014 INPUT READ FROM MEMPATH: __INPUT__/PHANTOM_113/RIV                         

 PROCESSING RIV BASE OPTIONS
 END OF RIV BASE OPTIONS

 PROCESSING RIV OPTIONS
 END OF RIV OPTIONS

 PROCESSING RIV BASE DIMENSIONS
    MAXBOUND =      48
 END OF RIV BASE DIMENSIONS

 CHD -- CHD PACKAGE, VERSION 8, 2/22/2014 INPUT READ FROM MEMPATH: __INPUT__/PHANTOM_113/CHD                         

 PROCESSING CHD BASE OPTIONS
 END OF CHD BASE OPTIONS

 PROCESSING CHD BASE DIMENSIONS
    MAXBOUND =      48
 END OF CHD BASE DIMENSIONS
    STRT set from input file

 STO -- STORAGE PACKAGE, VERSION 1, 5/19/2014 INPUT READ FROM MEMPATH: __INPUT__/PHANTOM_113/STO                         


 PROCESSING STORAGE OPTIONS
 END OF STORAGE OPTIONS
    BINARY GRID INFORMATION WILL BE WRITTEN TO:
      UNIT NUMBER: 1017
      FILE NAME: phantom_113.dis.grb

 OPENED phantom_113.dis.grb
 FILE TYPE:DATA(BINARY)   UNIT 1017   STATUS:REPLACE             
 FORMAT:UNFORMATTED            ACCESS:STREAM              
 ACTION:READWRITE           

      THE LAST TIME STEP WILL BE PRINTED
      THE LAST TIME STEP WILL BE PRINTED
 # File generated by Flopy version 3.10.0 on 05/18/2026 at 14:43:36.

 PROCESSING OC OPTIONS

    HEAD INFORMATION WILL BE WRITTEN TO:
      UNIT NUMBER: 1018
      FILE NAME: phantom_113.hds

 OPENED phantom_113.hds
 FILE TYPE:DATA(BINARY)   UNIT 1018   STATUS:REPLACE             
 FORMAT:UNFORMATTED            ACCESS:STREAM              
 ACTION:READWRITE           

 END OF OC OPTIONS

start timestep kper="1" kstp="1" mode="normal"


 BEGIN READING OUTPUT CONTROL FOR STRESS PERIOD 1
      ALL TIME STEPS WILL BE SAVED

 END READING OUTPUT CONTROL FOR STRESS PERIOD 1


 PROCESSING STORAGE PERIOD DATA
 END PROCESSING STORAGE PERIOD DATA


 STRESS PERIOD 1 IS TRANSIENT


 HEAD WILL BE SAVED ON UNIT 1018 AT END OF TIME STEP    1, STRESS PERIOD    1


  VOLUME BUDGET FOR ENTIRE MODEL AT END OF TIME STEP    1, STRESS PERIOD   1
  ---------------------------------------------------------------------------------------------------

     CUMULATIVE VOLUME      L**3       RATES FOR THIS TIME STEP      L**3/T          PACKAGE NAME    
     ------------------                 ------------------------                     ----------------

           IN:                                      IN:
           ---                                      ---
              STO-SS =           0.8954                STO-SS =           0.1279     STORAGE                          
                 WEL =           0.0000                   WEL =           0.0000     WEL                              
                 RIV =           2.9493                   RIV =           0.4213     RIV                              
                 CHD =           3.8636                   CHD =           0.5519     CHD                              

            TOTAL IN =           7.7083              TOTAL IN =           1.1012

          OUT:                                     OUT:
          ----                                     ----
              STO-SS =       1.3160E-03                STO-SS =       1.8801E-04     STORAGE                          
                 WEL =           7.0000                   WEL =           1.0000     WEL                              
                 RIV =           0.7573                   RIV =           0.1082     RIV                              
                 CHD =           0.0000                   CHD =           0.0000     CHD                              

           TOTAL OUT =           7.7586             TOTAL OUT =           1.1084

            IN - OUT =      -5.0298E-02              IN - OUT =      -7.1854E-03

 PERCENT DISCREPANCY =          -0.65     PERCENT DISCREPANCY =          -0.65




         TIME SUMMARY AT END OF TIME STEP    1 IN STRESS PERIOD    1
                          TIME STEP LENGTH =    7.00000    
                        STRESS PERIOD TIME =    7.00000    
                     TOTAL SIMULATION TIME =    7.00000    

end timestep


start timestep kper="2" kstp="1" mode="normal"


 END OF FILE DETECTED IN OUTPUT CONTROL.
 CURRENT OUTPUT CONTROL SETTINGS WILL BE 
 REPEATED UNTIL THE END OF THE SIMULATION.

 OUTPUT CONTROL FOR STRESS PERIOD 2 IS REPEATED USING SETTINGS FROM A PREVIOUS STRESS PERIOD.

 HEAD WILL BE SAVED ON UNIT 1018 AT END OF TIME STEP    1, STRESS PERIOD    2


  VOLUME BUDGET FOR ENTIRE MODEL AT END OF TIME STEP    1, STRESS PERIOD   2
  ---------------------------------------------------------------------------------------------------

     CUMULATIVE VOLUME      L**3       RATES FOR THIS TIME STEP      L**3/T          PACKAGE NAME    
     ------------------                 ------------------------                     ----------------

           IN:                                      IN:
           ---                                      ---
              STO-SS =           1.1185                STO-SS =       3.1874E-02     STORAGE                          
                 WEL =           0.0000                   WEL =           0.0000     WEL                              
                 RIV =           6.2063                   RIV =           0.4653     RIV                              
                 CHD =           7.9544                   CHD =           0.5844     CHD                              

            TOTAL IN =          15.2792              TOTAL IN =           1.0816

          OUT:                                     OUT:
          ----                                     ----
              STO-SS =       1.3160E-03                STO-SS =           0.0000     STORAGE                          
                 WEL =          14.0000                   WEL =           1.0000     WEL                              
                 RIV =           1.3380                   RIV =       8.2956E-02     RIV                              
                 CHD =           0.0000                   CHD =           0.0000     CHD                              

           TOTAL OUT =          15.3393             TOTAL OUT =           1.0830

            IN - OUT =      -6.0040E-02              IN - OUT =      -1.3918E-03

 PERCENT DISCREPANCY =          -0.39     PERCENT DISCREPANCY =          -0.13




         TIME SUMMARY AT END OF TIME STEP    1 IN STRESS PERIOD    2
                          TIME STEP LENGTH =    7.00000    
                        STRESS PERIOD TIME =    7.00000    
                     TOTAL SIMULATION TIME =    14.0000    

end timestep


start timestep kper="3" kstp="1" mode="normal"


 OUTPUT CONTROL FOR STRESS PERIOD 3 IS REPEATED USING SETTINGS FROM A PREVIOUS STRESS PERIOD.

 HEAD WILL BE SAVED ON UNIT 1018 AT END OF TIME STEP    1, STRESS PERIOD    3


  VOLUME BUDGET FOR ENTIRE MODEL AT END OF TIME STEP    1, STRESS PERIOD   3
  ---------------------------------------------------------------------------------------------------

     CUMULATIVE VOLUME      L**3       RATES FOR THIS TIME STEP      L**3/T          PACKAGE NAME    
     ------------------                 ------------------------                     ----------------

           IN:                                      IN:
           ---                                      ---
              STO-SS =           1.1801                STO-SS =       8.7994E-03     STORAGE                          
                 WEL =           0.0000                   WEL =           0.0000     WEL                              
                 RIV =           9.5191                   RIV =           0.4732     RIV                              
                 CHD =          12.1266                   CHD =           0.5960     CHD                              

            TOTAL IN =          22.8258              TOTAL IN =           1.0781

          OUT:                                     OUT:
          ----                                     ----
              STO-SS =       1.3160E-03                STO-SS =           0.0000     STORAGE                          
                 WEL =          21.0000                   WEL =           1.0000     WEL                              
                 RIV =           1.8758                   RIV =       7.6834E-02     RIV                              
                 CHD =           0.0000                   CHD =           0.0000     CHD                              

           TOTAL OUT =          22.8771             TOTAL OUT =           1.0768

            IN - OUT =      -5.1351E-02              IN - OUT =       1.2413E-03

 PERCENT DISCREPANCY =          -0.22     PERCENT DISCREPANCY =           0.12




         TIME SUMMARY AT END OF TIME STEP    1 IN STRESS PERIOD    3
                          TIME STEP LENGTH =    7.00000    
                        STRESS PERIOD TIME =    7.00000    
                     TOTAL SIMULATION TIME =    21.0000    

end timestep


start timestep kper="4" kstp="1" mode="normal"


 OUTPUT CONTROL FOR STRESS PERIOD 4 IS REPEATED USING SETTINGS FROM A PREVIOUS STRESS PERIOD.

 HEAD WILL BE SAVED ON UNIT 1018 AT END OF TIME STEP    1, STRESS PERIOD    4


  VOLUME BUDGET FOR ENTIRE MODEL AT END OF TIME STEP    1, STRESS PERIOD   4
  ---------------------------------------------------------------------------------------------------

     CUMULATIVE VOLUME      L**3       RATES FOR THIS TIME STEP      L**3/T          PACKAGE NAME    
     ------------------                 ------------------------                     ----------------

           IN:                                      IN:
           ---                                      ---
              STO-SS =           1.1849                STO-SS =       6.7840E-04     STORAGE                          
                 WEL =           0.0000                   WEL =           0.0000     WEL                              
                 RIV =          12.8311                   RIV =           0.4731     RIV                              
                 CHD =          16.3016                   CHD =           0.5964     CHD                              

            TOTAL IN =          30.3176              TOTAL IN =           1.0703

          OUT:                                     OUT:
          ----                                     ----
              STO-SS =       1.3216E-03                STO-SS =       7.8999E-07     STORAGE                          
                 WEL =          28.0000                   WEL =           1.0000     WEL                              
                 RIV =           2.4145                   RIV =       7.6953E-02     RIV                              
                 CHD =           0.0000                   CHD =           0.0000     CHD                              

           TOTAL OUT =          30.4158             TOTAL OUT =           1.0770

            IN - OUT =      -9.8210E-02              IN - OUT =      -6.6941E-03

 PERCENT DISCREPANCY =          -0.32     PERCENT DISCREPANCY =          -0.62




         TIME SUMMARY AT END OF TIME STEP    1 IN STRESS PERIOD    4
                          TIME STEP LENGTH =    7.00000    
                        STRESS PERIOD TIME =    7.00000    
                     TOTAL SIMULATION TIME =    28.0000    

end timestep


start timestep kper="5" kstp="1" mode="normal"


 OUTPUT CONTROL FOR STRESS PERIOD 5 IS REPEATED USING SETTINGS FROM A PREVIOUS STRESS PERIOD.

 HEAD WILL BE SAVED ON UNIT 1018 AT END OF TIME STEP    1, STRESS PERIOD    5


  VOLUME BUDGET FOR ENTIRE MODEL AT END OF TIME STEP    1, STRESS PERIOD   5
  ---------------------------------------------------------------------------------------------------

     CUMULATIVE VOLUME      L**3       RATES FOR THIS TIME STEP      L**3/T          PACKAGE NAME    
     ------------------                 ------------------------                     ----------------

           IN:                                      IN:
           ---                                      ---
              STO-SS =           1.1883                STO-SS =       4.8951E-04     STORAGE                          
                 WEL =           0.0000                   WEL =           0.0000     WEL                              
                 RIV =          16.1479                   RIV =           0.4738     RIV                              
                 CHD =          20.4832                   CHD =           0.5974     CHD                              

            TOTAL IN =          37.8194              TOTAL IN =           1.0717

          OUT:                                     OUT:
          ----                                     ----
              STO-SS =       1.3216E-03                STO-SS =           0.0000     STORAGE                          
                 WEL =          35.0000                   WEL =           1.0000     WEL                              
                 RIV =           2.9492                   RIV =       7.6387E-02     RIV                              
                 CHD =           0.0000                   CHD =           0.0000     CHD                              

           TOTAL OUT =          37.9505             TOTAL OUT =           1.0764

            IN - OUT =          -0.1311              IN - OUT =      -4.6994E-03

 PERCENT DISCREPANCY =          -0.35     PERCENT DISCREPANCY =          -0.44




         TIME SUMMARY AT END OF TIME STEP    1 IN STRESS PERIOD    5
                          TIME STEP LENGTH =    7.00000    
                        STRESS PERIOD TIME =    7.00000    
                     TOTAL SIMULATION TIME =    35.0000    

end timestep


start timestep kper="6" kstp="1" mode="normal"


 OUTPUT CONTROL FOR STRESS PERIOD 6 IS REPEATED USING SETTINGS FROM A PREVIOUS STRESS PERIOD.

 HEAD WILL BE SAVED ON UNIT 1018 AT END OF TIME STEP    1, STRESS PERIOD    6


  VOLUME BUDGET FOR ENTIRE MODEL AT END OF TIME STEP    1, STRESS PERIOD   6
  ---------------------------------------------------------------------------------------------------

     CUMULATIVE VOLUME      L**3       RATES FOR THIS TIME STEP      L**3/T          PACKAGE NAME    
     ------------------                 ------------------------                     ----------------

           IN:                                      IN:
           ---                                      ---
              STO-SS =           1.1938                STO-SS =       7.8237E-04     STORAGE                          
                 WEL =           0.0000                   WEL =           0.0000     WEL                              
                 RIV =          19.4678                   RIV =           0.4743     RIV                              
                 CHD =          24.6717                   CHD =           0.5984     CHD                              

            TOTAL IN =          45.3332              TOTAL IN =           1.0734

          OUT:                                     OUT:
          ----                                     ----
              STO-SS =       1.3216E-03                STO-SS =           0.0000     STORAGE                          
                 WEL =          42.0000                   WEL =           1.0000     WEL                              
                 RIV =           3.4815                   RIV =       7.6041E-02     RIV                              
                 CHD =           0.0000                   CHD =           0.0000     CHD                              

           TOTAL OUT =          45.4828             TOTAL OUT =           1.0760

            IN - OUT =          -0.1496              IN - OUT =      -2.6371E-03

 PERCENT DISCREPANCY =          -0.33     PERCENT DISCREPANCY =          -0.25




         TIME SUMMARY AT END OF TIME STEP    1 IN STRESS PERIOD    6
                          TIME STEP LENGTH =    7.00000    
                        STRESS PERIOD TIME =    7.00000    
                     TOTAL SIMULATION TIME =    42.0000    

end timestep


start timestep kper="7" kstp="1" mode="normal"


 OUTPUT CONTROL FOR STRESS PERIOD 7 IS REPEATED USING SETTINGS FROM A PREVIOUS STRESS PERIOD.

 HEAD WILL BE SAVED ON UNIT 1018 AT END OF TIME STEP    1, STRESS PERIOD    7


  VOLUME BUDGET FOR ENTIRE MODEL AT END OF TIME STEP    1, STRESS PERIOD   7
  ---------------------------------------------------------------------------------------------------

     CUMULATIVE VOLUME      L**3       RATES FOR THIS TIME STEP      L**3/T          PACKAGE NAME    
     ------------------                 ------------------------                     ----------------

           IN:                                      IN:
           ---                                      ---
              STO-SS =           1.1945                STO-SS =       1.1218E-04     STORAGE                          
                 WEL =           0.0000                   WEL =           0.0000     WEL                              
                 RIV =          22.7888                   RIV =           0.4744     RIV                              
                 CHD =          28.8618                   CHD =           0.5986     CHD                              

            TOTAL IN =          52.8451              TOTAL IN =           1.0731

          OUT:                                     OUT:
          ----                                     ----
              STO-SS =       1.3218E-03                STO-SS =       3.5657E-08     STORAGE                          
                 WEL =          49.0000                   WEL =           1.0000     WEL                              
                 RIV =           4.0127                   RIV =       7.5892E-02     RIV                              
                 CHD =           0.0000                   CHD =           0.0000     CHD                              

           TOTAL OUT =          53.0140             TOTAL OUT =           1.0759

            IN - OUT =          -0.1689              IN - OUT =      -2.7630E-03

 PERCENT DISCREPANCY =          -0.32     PERCENT DISCREPANCY =          -0.26




         TIME SUMMARY AT END OF TIME STEP    1 IN STRESS PERIOD    7
                          TIME STEP LENGTH =    7.00000    
                        STRESS PERIOD TIME =    7.00000    
                     TOTAL SIMULATION TIME =    49.0000    

end timestep


start timestep kper="8" kstp="1" mode="normal"


 OUTPUT CONTROL FOR STRESS PERIOD 8 IS REPEATED USING SETTINGS FROM A PREVIOUS STRESS PERIOD.

 HEAD WILL BE SAVED ON UNIT 1018 AT END OF TIME STEP    1, STRESS PERIOD    8


  VOLUME BUDGET FOR ENTIRE MODEL AT END OF TIME STEP    1, STRESS PERIOD   8
  ---------------------------------------------------------------------------------------------------

     CUMULATIVE VOLUME      L**3       RATES FOR THIS TIME STEP      L**3/T          PACKAGE NAME    
     ------------------                 ------------------------                     ----------------

           IN:                                      IN:
           ---                                      ---
              STO-SS =           1.1983                STO-SS =       5.2974E-04     STORAGE                          
                 WEL =           0.0000                   WEL =           0.0000     WEL                              
                 RIV =          26.1134                   RIV =           0.4749     RIV                              
                 CHD =          33.0576                   CHD =           0.5994     CHD                              

            TOTAL IN =          60.3693              TOTAL IN =           1.0749

          OUT:                                     OUT:
          ----                                     ----
              STO-SS =       1.3218E-03                STO-SS =           0.0000     STORAGE                          
                 WEL =          56.0000                   WEL =           1.0000     WEL                              
                 RIV =           4.5410                   RIV =       7.5474E-02     RIV                              
                 CHD =           0.0000                   CHD =           0.0000     CHD                              

           TOTAL OUT =          60.5423             TOTAL OUT =           1.0755

            IN - OUT =          -0.1731              IN - OUT =      -5.9301E-04

 PERCENT DISCREPANCY =          -0.29     PERCENT DISCREPANCY =          -0.06




         TIME SUMMARY AT END OF TIME STEP    1 IN STRESS PERIOD    8
                          TIME STEP LENGTH =    7.00000    
                        STRESS PERIOD TIME =    7.00000    
                     TOTAL SIMULATION TIME =    56.0000    

end timestep


start timestep kper="9" kstp="1" mode="normal"


 OUTPUT CONTROL FOR STRESS PERIOD 9 IS REPEATED USING SETTINGS FROM A PREVIOUS STRESS PERIOD.

 HEAD WILL BE SAVED ON UNIT 1018 AT END OF TIME STEP    1, STRESS PERIOD    9


  VOLUME BUDGET FOR ENTIRE MODEL AT END OF TIME STEP    1, STRESS PERIOD   9
  ---------------------------------------------------------------------------------------------------

     CUMULATIVE VOLUME      L**3       RATES FOR THIS TIME STEP      L**3/T          PACKAGE NAME    
     ------------------                 ------------------------                     ----------------

           IN:                                      IN:
           ---                                      ---
              STO-SS =           1.1987                STO-SS =       6.1813E-05     STORAGE                          
                 WEL =           0.0000                   WEL =           0.0000     WEL                              
                 RIV =          29.4379                   RIV =           0.4749     RIV                              
                 CHD =          37.2538                   CHD =           0.5995     CHD                              

            TOTAL IN =          67.8904              TOTAL IN =           1.0745

          OUT:                                     OUT:
          ----                                     ----
              STO-SS =       1.3222E-03                STO-SS =       4.8699E-08     STORAGE                          
                 WEL =          63.0000                   WEL =           1.0000     WEL                              
                 RIV =           5.0694                   RIV =       7.5480E-02     RIV                              
                 CHD =           0.0000                   CHD =           0.0000     CHD                              

           TOTAL OUT =          68.0707             TOTAL OUT =           1.0755

            IN - OUT =          -0.1803              IN - OUT =      -1.0296E-03

 PERCENT DISCREPANCY =          -0.27     PERCENT DISCREPANCY =          -0.10




         TIME SUMMARY AT END OF TIME STEP    1 IN STRESS PERIOD    9
                          TIME STEP LENGTH =    7.00000    
                        STRESS PERIOD TIME =    7.00000    
                     TOTAL SIMULATION TIME =    63.0000    

end timestep


start timestep kper="10" kstp="1" mode="normal"


 OUTPUT CONTROL FOR STRESS PERIOD 10 IS REPEATED USING SETTINGS FROM A PREVIOUS STRESS PERIOD.

 HEAD WILL BE SAVED ON UNIT 1018 AT END OF TIME STEP    1, STRESS PERIOD   10


  VOLUME BUDGET FOR ENTIRE MODEL AT END OF TIME STEP    1, STRESS PERIOD  10
  ---------------------------------------------------------------------------------------------------

     CUMULATIVE VOLUME      L**3       RATES FOR THIS TIME STEP      L**3/T          PACKAGE NAME    
     ------------------                 ------------------------                     ----------------

           IN:                                      IN:
           ---                                      ---
              STO-SS =           1.1999                STO-SS =       1.8032E-04     STORAGE                          
                 WEL =           0.0000                   WEL =           0.0000     WEL                              
                 RIV =          32.7635                   RIV =           0.4751     RIV                              
                 CHD =          41.4518                   CHD =           0.5997     CHD                              

            TOTAL IN =          75.4152              TOTAL IN =           1.0750

          OUT:                                     OUT:
          ----                                     ----
              STO-SS =       1.3222E-03                STO-SS =           0.0000     STORAGE                          
                 WEL =          70.0000                   WEL =           1.0000     WEL                              
                 RIV =           5.5969                   RIV =       7.5364E-02     RIV                              
                 CHD =           0.0000                   CHD =           0.0000     CHD                              

           TOTAL OUT =          75.5983             TOTAL OUT =           1.0754

            IN - OUT =          -0.1830              IN - OUT =      -3.9724E-04

 PERCENT DISCREPANCY =          -0.24     PERCENT DISCREPANCY =          -0.04




         TIME SUMMARY AT END OF TIME STEP    1 IN STRESS PERIOD   10
                          TIME STEP LENGTH =    7.00000    
                        STRESS PERIOD TIME =    7.00000    
                     TOTAL SIMULATION TIME =    70.0000    

end timestep

