                                   MODFLOW 6
                U.S. GEOLOGICAL SURVEY MODULAR HYDROLOGIC MODEL
                          GROUNDWATER FLOW MODEL (GWF)
                            VERSION 6.6.3 09/29/2025

   MODFLOW 6 compiled Oct 07 2025 23:07:48 with Intel(R) Fortran Intel(R) 64
   Compiler Classic for applications running on Intel(R) 64, Version 2021.7.0
                             Build 20220726_000000

This software has been approved for release by the U.S. Geological 
Survey (USGS). Although the software has been subjected to rigorous 
review, the USGS reserves the right to update the software as needed 
pursuant to further analysis and review. No warranty, expressed or 
implied, is made by the USGS or the U.S. Government as to the 
functionality of the software and related material nor shall the 
fact of release constitute any such warranty. Furthermore, the 
software is released on condition that neither the USGS nor the U.S. 
Government shall be held liable for any damages resulting from its 
authorized or unauthorized use. Also refer to the USGS Water 
Resources Software User Rights Notice for complete use, copyright, 
and distribution information.


As a work of the United States Government, this USGS product is 
in the public domain within the United States. You can copy, 
modify, distribute, and perform the work, even for commercial 
purposes, all without asking permission. Additionally, USGS 
waives copyright and related rights in the work worldwide 
through CC0 1.0 Universal Public Domain Dedication 
(https://creativecommons.org/publicdomain/zero/1.0/).

The following GNU Lesser General Public License (LGPL) libraries
are used in this USGS product:

    SPARSKIT version 2.0
      ilut, luson, and qsplit 
      (https://www-users.cse.umn.edu/~saad/software/SPARSKIT/)

    RCM - Reverse Cuthill McKee Ordering
      (https://people.math.sc.edu/Burkardt/f_src/rcm/rcm.html)

    BLAS - Basic Linear Algebra Subprograms Level 1
      (https://people.math.sc.edu/Burkardt/f_src/blas1_d/blas1_d.html)

    SPARSEKIT - Sparse Matrix Utility Package
      amux, dperm, dvperm, rperm, and cperm
      (https://people.sc.fsu.edu/~jburkardt/f77_src/sparsekit/sparsekit.html)

The following BSD-3 License libraries are used in this USGS product:

    Modern Fortran DAG Library
      Copyright (c) 2018, Jacob Williams
      All rights reserved.
      (https://github.com/jacobwilliams/daglib)

MODFLOW 6 compiler options: /O2 /heap-arrays:0 /fpe:0 /traceback /nologo /fpp
/c /module:win64\mod_mf6\ /object:win64\obj_mf6\

System command used to initiate simulation:
C:\Python\Personal\kfm-ms\codes\binaries\MODFLOW6\windows\mf6.exe

MODFLOW was compiled using uniform precision.

Real Variables
  KIND: 8
  TINY (smallest non-zero value):    2.225074-308
  HUGE (largest value):    1.797693+308
  PRECISION: 15
  SIZE IN BITS: 64

Integer Variables
  KIND: 4
  HUGE (largest value): 2147483647
  SIZE IN BITS: 32

Long Integer Variables
  KIND: 8
  HUGE (largest value): 9223372036854775807
  SIZE IN BITS: 64

Logical Variables
  KIND: 4
  SIZE IN BITS: 32
 
 NAMEFILE OPTIONS:
    FLOWS WILL BE SAVED TO BUDGET FILE SPECIFIED IN OUTPUT CONTROL
 END NAMEFILE OPTIONS:

 DIS -- STRUCTURED GRID DISCRETIZATION PACKAGE, VERSION 2 : 3/27/2014 - INPUT READ FROM MEMPATH: __INPUT__/PHANTOM_14/DIS                          


 NPF -- NODE PROPERTY FLOW PACKAGE, VERSION 1, 3/30/2015 INPUT READ FROM MEMPATH: __INPUT__/PHANTOM_14/NPF                          


 IC -- Initial Conditions Package, Version 8, 3/28/2015 input read from mempath: __INPUT__/PHANTOM_14/IC                           


 Setting Discretization Options
    XORIGIN = .000000000000000
    YORIGIN = .000000000000000
 End Setting Discretization Options

 Setting Discretization Dimensions
    NLAY = 1
    NROW = 50
    NCOL = 50
 End Setting Discretization Dimensions

 Setting Discretization Griddata
    DELR set from input file
    DELC set from input file
    TOP set from input file
    BOTM set from input file
    IDOMAIN set from input file
 End Setting Discretization Griddata


 The specified IDOMAIN results in a reduced number of cells.
 Number of user nodes: 2500
 Number of nodes in solution: 2400


 Setting NPF Options
 End Setting NPF Options

 Setting NPF Griddata
    ICELLTYPE set from input file
    K set from input file
    K33 not provided.  Setting K33 = K.
    K22 not provided.  Setting K22 = K.
 End Setting NPF Griddata


 WEL -- WEL PACKAGE, VERSION 8, 2/22/2014 INPUT READ FROM MEMPATH: __INPUT__/PHANTOM_14/WEL                          

 PROCESSING WEL BASE OPTIONS
 END OF WEL BASE OPTIONS

 PROCESSING WEL OPTIONS
 END OF WEL OPTIONS

 PROCESSING WEL BASE DIMENSIONS
    MAXBOUND =       1
 END OF WEL BASE DIMENSIONS

 CHD -- CHD PACKAGE, VERSION 8, 2/22/2014 INPUT READ FROM MEMPATH: __INPUT__/PHANTOM_14/CHD_LEFT                     

 PROCESSING CHD BASE OPTIONS
 END OF CHD BASE OPTIONS

 PROCESSING CHD BASE DIMENSIONS
    MAXBOUND =      48
 END OF CHD BASE DIMENSIONS

 CHD -- CHD PACKAGE, VERSION 8, 2/22/2014 INPUT READ FROM MEMPATH: __INPUT__/PHANTOM_14/CHD_RIGHT                    

 PROCESSING CHD BASE OPTIONS
 END OF CHD BASE OPTIONS

 PROCESSING CHD BASE DIMENSIONS
    MAXBOUND =      48
 END OF CHD BASE DIMENSIONS
    STRT set from input file

 STO -- STORAGE PACKAGE, VERSION 1, 5/19/2014 INPUT READ FROM MEMPATH: __INPUT__/PHANTOM_14/STO                          


 PROCESSING STORAGE OPTIONS
 END OF STORAGE OPTIONS
    BINARY GRID INFORMATION WILL BE WRITTEN TO:
      UNIT NUMBER: 1017
      FILE NAME: phantom_14.dis.grb

 OPENED phantom_14.dis.grb
 FILE TYPE:DATA(BINARY)   UNIT 1017   STATUS:REPLACE             
 FORMAT:UNFORMATTED            ACCESS:STREAM              
 ACTION:READWRITE           

      THE LAST TIME STEP WILL BE PRINTED
      THE LAST TIME STEP WILL BE PRINTED
 # File generated by Flopy version 3.10.0 on 05/18/2026 at 15:20:44.

 PROCESSING OC OPTIONS

    HEAD INFORMATION WILL BE WRITTEN TO:
      UNIT NUMBER: 1018
      FILE NAME: phantom_14.hds

 OPENED phantom_14.hds
 FILE TYPE:DATA(BINARY)   UNIT 1018   STATUS:REPLACE             
 FORMAT:UNFORMATTED            ACCESS:STREAM              
 ACTION:READWRITE           

 END OF OC OPTIONS

start timestep kper="1" kstp="1" mode="normal"


 BEGIN READING OUTPUT CONTROL FOR STRESS PERIOD 1
      ALL TIME STEPS WILL BE SAVED

 END READING OUTPUT CONTROL FOR STRESS PERIOD 1


 PROCESSING STORAGE PERIOD DATA
 END PROCESSING STORAGE PERIOD DATA


 STRESS PERIOD 1 IS TRANSIENT


 HEAD WILL BE SAVED ON UNIT 1018 AT END OF TIME STEP    1, STRESS PERIOD    1


  VOLUME BUDGET FOR ENTIRE MODEL AT END OF TIME STEP    1, STRESS PERIOD   1
  ---------------------------------------------------------------------------------------------------

     CUMULATIVE VOLUME      L**3       RATES FOR THIS TIME STEP      L**3/T          PACKAGE NAME    
     ------------------                 ------------------------                     ----------------

           IN:                                      IN:
           ---                                      ---
              STO-SS =           2.2037                STO-SS =           0.3148     STORAGE                          
                 WEL =           0.0000                   WEL =           0.0000     WEL                              
                 CHD =           5.8855                   CHD =           0.8408     CHD_LEFT                         
                 CHD =           0.1273                   CHD =       1.8182E-02     CHD_RIGHT                        

            TOTAL IN =           8.2165              TOTAL IN =           1.1738

          OUT:                                     OUT:
          ----                                     ----
              STO-SS =           0.0000                STO-SS =           0.0000     STORAGE                          
                 WEL =           7.0000                   WEL =           1.0000     WEL                              
                 CHD =           0.0000                   CHD =           0.0000     CHD_LEFT                         
                 CHD =           1.2232                   CHD =           0.1747     CHD_RIGHT                        

           TOTAL OUT =           8.2232             TOTAL OUT =           1.1747

            IN - OUT =      -6.6488E-03              IN - OUT =      -9.4983E-04

 PERCENT DISCREPANCY =          -0.08     PERCENT DISCREPANCY =          -0.08




         TIME SUMMARY AT END OF TIME STEP    1 IN STRESS PERIOD    1
                          TIME STEP LENGTH =    7.00000    
                        STRESS PERIOD TIME =    7.00000    
                     TOTAL SIMULATION TIME =    7.00000    

end timestep


start timestep kper="2" kstp="1" mode="normal"


 END OF FILE DETECTED IN OUTPUT CONTROL.
 CURRENT OUTPUT CONTROL SETTINGS WILL BE 
 REPEATED UNTIL THE END OF THE SIMULATION.

 OUTPUT CONTROL FOR STRESS PERIOD 2 IS REPEATED USING SETTINGS FROM A PREVIOUS STRESS PERIOD.

 HEAD WILL BE SAVED ON UNIT 1018 AT END OF TIME STEP    1, STRESS PERIOD    2


  VOLUME BUDGET FOR ENTIRE MODEL AT END OF TIME STEP    1, STRESS PERIOD   2
  ---------------------------------------------------------------------------------------------------

     CUMULATIVE VOLUME      L**3       RATES FOR THIS TIME STEP      L**3/T          PACKAGE NAME    
     ------------------                 ------------------------                     ----------------

           IN:                                      IN:
           ---                                      ---
              STO-SS =           2.7910                STO-SS =       8.3903E-02     STORAGE                          
                 WEL =           0.0000                   WEL =           0.0000     WEL                              
                 CHD =          12.5868                   CHD =           0.9573     CHD_LEFT                         
                 CHD =           0.6527                   CHD =       7.5059E-02     CHD_RIGHT                        

            TOTAL IN =          16.0305              TOTAL IN =           1.1163

          OUT:                                     OUT:
          ----                                     ----
              STO-SS =           0.0000                STO-SS =           0.0000     STORAGE                          
                 WEL =          14.0000                   WEL =           1.0000     WEL                              
                 CHD =           0.0000                   CHD =           0.0000     CHD_LEFT                         
                 CHD =           2.0474                   CHD =           0.1177     CHD_RIGHT                        

           TOTAL OUT =          16.0474             TOTAL OUT =           1.1177

            IN - OUT =      -1.6815E-02              IN - OUT =      -1.4523E-03

 PERCENT DISCREPANCY =          -0.10     PERCENT DISCREPANCY =          -0.13




         TIME SUMMARY AT END OF TIME STEP    1 IN STRESS PERIOD    2
                          TIME STEP LENGTH =    7.00000    
                        STRESS PERIOD TIME =    7.00000    
                     TOTAL SIMULATION TIME =    14.0000    

end timestep


start timestep kper="3" kstp="1" mode="normal"


 OUTPUT CONTROL FOR STRESS PERIOD 3 IS REPEATED USING SETTINGS FROM A PREVIOUS STRESS PERIOD.

 HEAD WILL BE SAVED ON UNIT 1018 AT END OF TIME STEP    1, STRESS PERIOD    3


  VOLUME BUDGET FOR ENTIRE MODEL AT END OF TIME STEP    1, STRESS PERIOD   3
  ---------------------------------------------------------------------------------------------------

     CUMULATIVE VOLUME      L**3       RATES FOR THIS TIME STEP      L**3/T          PACKAGE NAME    
     ------------------                 ------------------------                     ----------------

           IN:                                      IN:
           ---                                      ---
              STO-SS =           2.9412                STO-SS =       2.1459E-02     STORAGE                          
                 WEL =           0.0000                   WEL =           0.0000     WEL                              
                 CHD =          19.4998                   CHD =           0.9876     CHD_LEFT                         
                 CHD =           1.2952                   CHD =       9.1782E-02     CHD_RIGHT                        

            TOTAL IN =          23.7362              TOTAL IN =           1.1008

          OUT:                                     OUT:
          ----                                     ----
              STO-SS =           0.0000                STO-SS =           0.0000     STORAGE                          
                 WEL =          21.0000                   WEL =           1.0000     WEL                              
                 CHD =           0.0000                   CHD =           0.0000     CHD_LEFT                         
                 CHD =           2.7736                   CHD =           0.1037     CHD_RIGHT                        

           TOTAL OUT =          23.7736             TOTAL OUT =           1.1037

            IN - OUT =      -3.7415E-02              IN - OUT =      -2.9429E-03

 PERCENT DISCREPANCY =          -0.16     PERCENT DISCREPANCY =          -0.27




         TIME SUMMARY AT END OF TIME STEP    1 IN STRESS PERIOD    3
                          TIME STEP LENGTH =    7.00000    
                        STRESS PERIOD TIME =    7.00000    
                     TOTAL SIMULATION TIME =    21.0000    

end timestep


start timestep kper="4" kstp="1" mode="normal"


 OUTPUT CONTROL FOR STRESS PERIOD 4 IS REPEATED USING SETTINGS FROM A PREVIOUS STRESS PERIOD.

 HEAD WILL BE SAVED ON UNIT 1018 AT END OF TIME STEP    1, STRESS PERIOD    4


  VOLUME BUDGET FOR ENTIRE MODEL AT END OF TIME STEP    1, STRESS PERIOD   4
  ---------------------------------------------------------------------------------------------------

     CUMULATIVE VOLUME      L**3       RATES FOR THIS TIME STEP      L**3/T          PACKAGE NAME    
     ------------------                 ------------------------                     ----------------

           IN:                                      IN:
           ---                                      ---
              STO-SS =           2.9841                STO-SS =       6.1243E-03     STORAGE                          
                 WEL =           0.0000                   WEL =           0.0000     WEL                              
                 CHD =          26.4761                   CHD =           0.9966     CHD_LEFT                         
                 CHD =           1.9656                   CHD =       9.5780E-02     CHD_RIGHT                        

            TOTAL IN =          31.4258              TOTAL IN =           1.0985

          OUT:                                     OUT:
          ----                                     ----
              STO-SS =           0.0000                STO-SS =           0.0000     STORAGE                          
                 WEL =          28.0000                   WEL =           1.0000     WEL                              
                 CHD =           0.0000                   CHD =           0.0000     CHD_LEFT                         
                 CHD =           3.4669                   CHD =       9.9050E-02     CHD_RIGHT                        

           TOTAL OUT =          31.4669             TOTAL OUT =           1.0991

            IN - OUT =      -4.1106E-02              IN - OUT =      -5.2726E-04

 PERCENT DISCREPANCY =          -0.13     PERCENT DISCREPANCY =          -0.05




         TIME SUMMARY AT END OF TIME STEP    1 IN STRESS PERIOD    4
                          TIME STEP LENGTH =    7.00000    
                        STRESS PERIOD TIME =    7.00000    
                     TOTAL SIMULATION TIME =    28.0000    

end timestep


start timestep kper="5" kstp="1" mode="normal"


 OUTPUT CONTROL FOR STRESS PERIOD 5 IS REPEATED USING SETTINGS FROM A PREVIOUS STRESS PERIOD.

 HEAD WILL BE SAVED ON UNIT 1018 AT END OF TIME STEP    1, STRESS PERIOD    5


  VOLUME BUDGET FOR ENTIRE MODEL AT END OF TIME STEP    1, STRESS PERIOD   5
  ---------------------------------------------------------------------------------------------------

     CUMULATIVE VOLUME      L**3       RATES FOR THIS TIME STEP      L**3/T          PACKAGE NAME    
     ------------------                 ------------------------                     ----------------

           IN:                                      IN:
           ---                                      ---
              STO-SS =           2.9938                STO-SS =       1.3845E-03     STORAGE                          
                 WEL =           0.0000                   WEL =           0.0000     WEL                              
                 CHD =          33.4665                   CHD =           0.9986     CHD_LEFT                         
                 CHD =           2.6427                   CHD =       9.6725E-02     CHD_RIGHT                        

            TOTAL IN =          39.1030              TOTAL IN =           1.0967

          OUT:                                     OUT:
          ----                                     ----
              STO-SS =           0.0000                STO-SS =           0.0000     STORAGE                          
                 WEL =          35.0000                   WEL =           1.0000     WEL                              
                 CHD =           0.0000                   CHD =           0.0000     CHD_LEFT                         
                 CHD =           4.1531                   CHD =       9.8023E-02     CHD_RIGHT                        

           TOTAL OUT =          39.1531             TOTAL OUT =           1.0980

            IN - OUT =      -5.0151E-02              IN - OUT =      -1.2922E-03

 PERCENT DISCREPANCY =          -0.13     PERCENT DISCREPANCY =          -0.12




         TIME SUMMARY AT END OF TIME STEP    1 IN STRESS PERIOD    5
                          TIME STEP LENGTH =    7.00000    
                        STRESS PERIOD TIME =    7.00000    
                     TOTAL SIMULATION TIME =    35.0000    

end timestep


start timestep kper="6" kstp="1" mode="normal"


 OUTPUT CONTROL FOR STRESS PERIOD 6 IS REPEATED USING SETTINGS FROM A PREVIOUS STRESS PERIOD.

 HEAD WILL BE SAVED ON UNIT 1018 AT END OF TIME STEP    1, STRESS PERIOD    6


  VOLUME BUDGET FOR ENTIRE MODEL AT END OF TIME STEP    1, STRESS PERIOD   6
  ---------------------------------------------------------------------------------------------------

     CUMULATIVE VOLUME      L**3       RATES FOR THIS TIME STEP      L**3/T          PACKAGE NAME    
     ------------------                 ------------------------                     ----------------

           IN:                                      IN:
           ---                                      ---
              STO-SS =           2.9944                STO-SS =       8.8270E-05     STORAGE                          
                 WEL =           0.0000                   WEL =           0.0000     WEL                              
                 CHD =          40.4578                   CHD =           0.9988     CHD_LEFT                         
                 CHD =           3.3204                   CHD =       9.6822E-02     CHD_RIGHT                        

            TOTAL IN =          46.7727              TOTAL IN =           1.0957

          OUT:                                     OUT:
          ----                                     ----
              STO-SS =       1.1598E-06                STO-SS =       1.6569E-07     STORAGE                          
                 WEL =          42.0000                   WEL =           1.0000     WEL                              
                 CHD =           0.0000                   CHD =           0.0000     CHD_LEFT                         
                 CHD =           4.8387                   CHD =       9.7943E-02     CHD_RIGHT                        

           TOTAL OUT =          46.8387             TOTAL OUT =           1.0979

            IN - OUT =      -6.6047E-02              IN - OUT =      -2.2708E-03

 PERCENT DISCREPANCY =          -0.14     PERCENT DISCREPANCY =          -0.21




         TIME SUMMARY AT END OF TIME STEP    1 IN STRESS PERIOD    6
                          TIME STEP LENGTH =    7.00000    
                        STRESS PERIOD TIME =    7.00000    
                     TOTAL SIMULATION TIME =    42.0000    

end timestep


start timestep kper="7" kstp="1" mode="normal"


 OUTPUT CONTROL FOR STRESS PERIOD 7 IS REPEATED USING SETTINGS FROM A PREVIOUS STRESS PERIOD.

 HEAD WILL BE SAVED ON UNIT 1018 AT END OF TIME STEP    1, STRESS PERIOD    7


  VOLUME BUDGET FOR ENTIRE MODEL AT END OF TIME STEP    1, STRESS PERIOD   7
  ---------------------------------------------------------------------------------------------------

     CUMULATIVE VOLUME      L**3       RATES FOR THIS TIME STEP      L**3/T          PACKAGE NAME    
     ------------------                 ------------------------                     ----------------

           IN:                                      IN:
           ---                                      ---
              STO-SS =           2.9969                STO-SS =       3.5436E-04     STORAGE                          
                 WEL =           0.0000                   WEL =           0.0000     WEL                              
                 CHD =          47.4531                   CHD =           0.9993     CHD_LEFT                         
                 CHD =           4.0001                   CHD =       9.7091E-02     CHD_RIGHT                        

            TOTAL IN =          54.4501              TOTAL IN =           1.0968

          OUT:                                     OUT:
          ----                                     ----
              STO-SS =       1.1998E-06                STO-SS =       5.7117E-09     STORAGE                          
                 WEL =          49.0000                   WEL =           1.0000     WEL                              
                 CHD =           0.0000                   CHD =           0.0000     CHD_LEFT                         
                 CHD =           5.5228                   CHD =       9.7723E-02     CHD_RIGHT                        

           TOTAL OUT =          54.5228             TOTAL OUT =           1.0977

            IN - OUT =      -7.2695E-02              IN - OUT =      -9.4968E-04

 PERCENT DISCREPANCY =          -0.13     PERCENT DISCREPANCY =          -0.09




         TIME SUMMARY AT END OF TIME STEP    1 IN STRESS PERIOD    7
                          TIME STEP LENGTH =    7.00000    
                        STRESS PERIOD TIME =    7.00000    
                     TOTAL SIMULATION TIME =    49.0000    

end timestep


start timestep kper="8" kstp="1" mode="normal"


 OUTPUT CONTROL FOR STRESS PERIOD 8 IS REPEATED USING SETTINGS FROM A PREVIOUS STRESS PERIOD.

 HEAD WILL BE SAVED ON UNIT 1018 AT END OF TIME STEP    1, STRESS PERIOD    8


  VOLUME BUDGET FOR ENTIRE MODEL AT END OF TIME STEP    1, STRESS PERIOD   8
  ---------------------------------------------------------------------------------------------------

     CUMULATIVE VOLUME      L**3       RATES FOR THIS TIME STEP      L**3/T          PACKAGE NAME    
     ------------------                 ------------------------                     ----------------

           IN:                                      IN:
           ---                                      ---
              STO-SS =           2.9974                STO-SS =       7.5990E-05     STORAGE                          
                 WEL =           0.0000                   WEL =           0.0000     WEL                              
                 CHD =          54.4493                   CHD =           0.9995     CHD_LEFT                         
                 CHD =           4.6800                   CHD =       9.7136E-02     CHD_RIGHT                        

            TOTAL IN =          62.1267              TOTAL IN =           1.0967

          OUT:                                     OUT:
          ----                                     ----
              STO-SS =       1.3231E-06                STO-SS =       1.7611E-08     STORAGE                          
                 WEL =          56.0000                   WEL =           1.0000     WEL                              
                 CHD =           0.0000                   CHD =           0.0000     CHD_LEFT                         
                 CHD =           6.2064                   CHD =       9.7666E-02     CHD_RIGHT                        

           TOTAL OUT =          62.2064             TOTAL OUT =           1.0977

            IN - OUT =      -7.9702E-02              IN - OUT =      -1.0011E-03

 PERCENT DISCREPANCY =          -0.13     PERCENT DISCREPANCY =          -0.09




         TIME SUMMARY AT END OF TIME STEP    1 IN STRESS PERIOD    8
                          TIME STEP LENGTH =    7.00000    
                        STRESS PERIOD TIME =    7.00000    
                     TOTAL SIMULATION TIME =    56.0000    

end timestep


start timestep kper="9" kstp="1" mode="normal"


 OUTPUT CONTROL FOR STRESS PERIOD 9 IS REPEATED USING SETTINGS FROM A PREVIOUS STRESS PERIOD.

 HEAD WILL BE SAVED ON UNIT 1018 AT END OF TIME STEP    1, STRESS PERIOD    9


  VOLUME BUDGET FOR ENTIRE MODEL AT END OF TIME STEP    1, STRESS PERIOD   9
  ---------------------------------------------------------------------------------------------------

     CUMULATIVE VOLUME      L**3       RATES FOR THIS TIME STEP      L**3/T          PACKAGE NAME    
     ------------------                 ------------------------                     ----------------

           IN:                                      IN:
           ---                                      ---
              STO-SS =           2.9984                STO-SS =       1.3577E-04     STORAGE                          
                 WEL =           0.0000                   WEL =           0.0000     WEL                              
                 CHD =          61.4468                   CHD =           0.9996     CHD_LEFT                         
                 CHD =           5.3607                   CHD =       9.7232E-02     CHD_RIGHT                        

            TOTAL IN =          69.8058              TOTAL IN =           1.0970

          OUT:                                     OUT:
          ----                                     ----
              STO-SS =       1.3409E-06                STO-SS =       2.5412E-09     STORAGE                          
                 WEL =          63.0000                   WEL =           1.0000     WEL                              
                 CHD =           0.0000                   CHD =           0.0000     CHD_LEFT                         
                 CHD =           6.8894                   CHD =       9.7562E-02     CHD_RIGHT                        

           TOTAL OUT =          69.8894             TOTAL OUT =           1.0976

            IN - OUT =      -8.3538E-02              IN - OUT =      -5.4790E-04

 PERCENT DISCREPANCY =          -0.12     PERCENT DISCREPANCY =          -0.05




         TIME SUMMARY AT END OF TIME STEP    1 IN STRESS PERIOD    9
                          TIME STEP LENGTH =    7.00000    
                        STRESS PERIOD TIME =    7.00000    
                     TOTAL SIMULATION TIME =    63.0000    

end timestep


start timestep kper="10" kstp="1" mode="normal"


 OUTPUT CONTROL FOR STRESS PERIOD 10 IS REPEATED USING SETTINGS FROM A PREVIOUS STRESS PERIOD.

 HEAD WILL BE SAVED ON UNIT 1018 AT END OF TIME STEP    1, STRESS PERIOD   10


  VOLUME BUDGET FOR ENTIRE MODEL AT END OF TIME STEP    1, STRESS PERIOD  10
  ---------------------------------------------------------------------------------------------------

     CUMULATIVE VOLUME      L**3       RATES FOR THIS TIME STEP      L**3/T          PACKAGE NAME    
     ------------------                 ------------------------                     ----------------

           IN:                                      IN:
           ---                                      ---
              STO-SS =           2.9986                STO-SS =       3.2484E-05     STORAGE                          
                 WEL =           0.0000                   WEL =           0.0000     WEL                              
                 CHD =          68.4447                   CHD =           0.9997     CHD_LEFT                         
                 CHD =           6.0414                   CHD =       9.7254E-02     CHD_RIGHT                        

            TOTAL IN =          77.4847              TOTAL IN =           1.0970

          OUT:                                     OUT:
          ----                                     ----
              STO-SS =       1.3687E-06                STO-SS =       3.9722E-09     STORAGE                          
                 WEL =          70.0000                   WEL =           1.0000     WEL                              
                 CHD =           0.0000                   CHD =           0.0000     CHD_LEFT                         
                 CHD =           7.5722                   CHD =       9.7540E-02     CHD_RIGHT                        

           TOTAL OUT =          77.5722             TOTAL OUT =           1.0975

            IN - OUT =      -8.7437E-02              IN - OUT =      -5.5706E-04

 PERCENT DISCREPANCY =          -0.11     PERCENT DISCREPANCY =          -0.05




         TIME SUMMARY AT END OF TIME STEP    1 IN STRESS PERIOD   10
                          TIME STEP LENGTH =    7.00000    
                        STRESS PERIOD TIME =    7.00000    
                     TOTAL SIMULATION TIME =    70.0000    

end timestep

