                                   MODFLOW 6
                U.S. GEOLOGICAL SURVEY MODULAR HYDROLOGIC MODEL
                          GROUNDWATER FLOW MODEL (GWF)
                            VERSION 6.6.3 09/29/2025

   MODFLOW 6 compiled Oct 07 2025 23:07:48 with Intel(R) Fortran Intel(R) 64
   Compiler Classic for applications running on Intel(R) 64, Version 2021.7.0
                             Build 20220726_000000

This software has been approved for release by the U.S. Geological 
Survey (USGS). Although the software has been subjected to rigorous 
review, the USGS reserves the right to update the software as needed 
pursuant to further analysis and review. No warranty, expressed or 
implied, is made by the USGS or the U.S. Government as to the 
functionality of the software and related material nor shall the 
fact of release constitute any such warranty. Furthermore, the 
software is released on condition that neither the USGS nor the U.S. 
Government shall be held liable for any damages resulting from its 
authorized or unauthorized use. Also refer to the USGS Water 
Resources Software User Rights Notice for complete use, copyright, 
and distribution information.


As a work of the United States Government, this USGS product is 
in the public domain within the United States. You can copy, 
modify, distribute, and perform the work, even for commercial 
purposes, all without asking permission. Additionally, USGS 
waives copyright and related rights in the work worldwide 
through CC0 1.0 Universal Public Domain Dedication 
(https://creativecommons.org/publicdomain/zero/1.0/).

The following GNU Lesser General Public License (LGPL) libraries
are used in this USGS product:

    SPARSKIT version 2.0
      ilut, luson, and qsplit 
      (https://www-users.cse.umn.edu/~saad/software/SPARSKIT/)

    RCM - Reverse Cuthill McKee Ordering
      (https://people.math.sc.edu/Burkardt/f_src/rcm/rcm.html)

    BLAS - Basic Linear Algebra Subprograms Level 1
      (https://people.math.sc.edu/Burkardt/f_src/blas1_d/blas1_d.html)

    SPARSEKIT - Sparse Matrix Utility Package
      amux, dperm, dvperm, rperm, and cperm
      (https://people.sc.fsu.edu/~jburkardt/f77_src/sparsekit/sparsekit.html)

The following BSD-3 License libraries are used in this USGS product:

    Modern Fortran DAG Library
      Copyright (c) 2018, Jacob Williams
      All rights reserved.
      (https://github.com/jacobwilliams/daglib)

MODFLOW 6 compiler options: /O2 /heap-arrays:0 /fpe:0 /traceback /nologo /fpp
/c /module:win64\mod_mf6\ /object:win64\obj_mf6\

System command used to initiate simulation:
C:\Python\Personal\kfm-ms\codes\binaries\MODFLOW6\windows\mf6.exe

MODFLOW was compiled using uniform precision.

Real Variables
  KIND: 8
  TINY (smallest non-zero value):    2.225074-308
  HUGE (largest value):    1.797693+308
  PRECISION: 15
  SIZE IN BITS: 64

Integer Variables
  KIND: 4
  HUGE (largest value): 2147483647
  SIZE IN BITS: 32

Long Integer Variables
  KIND: 8
  HUGE (largest value): 9223372036854775807
  SIZE IN BITS: 64

Logical Variables
  KIND: 4
  SIZE IN BITS: 32
 
 NAMEFILE OPTIONS:
    FLOWS WILL BE SAVED TO BUDGET FILE SPECIFIED IN OUTPUT CONTROL
 END NAMEFILE OPTIONS:

 DIS -- STRUCTURED GRID DISCRETIZATION PACKAGE, VERSION 2 : 3/27/2014 - INPUT READ FROM MEMPATH: __INPUT__/PHANTOM_82/DIS                          


 NPF -- NODE PROPERTY FLOW PACKAGE, VERSION 1, 3/30/2015 INPUT READ FROM MEMPATH: __INPUT__/PHANTOM_82/NPF                          


 IC -- Initial Conditions Package, Version 8, 3/28/2015 input read from mempath: __INPUT__/PHANTOM_82/IC                           


 Setting Discretization Options
    XORIGIN = .000000000000000
    YORIGIN = .000000000000000
 End Setting Discretization Options

 Setting Discretization Dimensions
    NLAY = 1
    NROW = 50
    NCOL = 50
 End Setting Discretization Dimensions

 Setting Discretization Griddata
    DELR set from input file
    DELC set from input file
    TOP set from input file
    BOTM set from input file
    IDOMAIN set from input file
 End Setting Discretization Griddata


 The specified IDOMAIN results in a reduced number of cells.
 Number of user nodes: 2500
 Number of nodes in solution: 2400


 Setting NPF Options
 End Setting NPF Options

 Setting NPF Griddata
    ICELLTYPE set from input file
    K set from input file
    K33 not provided.  Setting K33 = K.
    K22 not provided.  Setting K22 = K.
 End Setting NPF Griddata


 WEL -- WEL PACKAGE, VERSION 8, 2/22/2014 INPUT READ FROM MEMPATH: __INPUT__/PHANTOM_82/WEL                          

 PROCESSING WEL BASE OPTIONS
 END OF WEL BASE OPTIONS

 PROCESSING WEL OPTIONS
 END OF WEL OPTIONS

 PROCESSING WEL BASE DIMENSIONS
    MAXBOUND =       1
 END OF WEL BASE DIMENSIONS

 CHD -- CHD PACKAGE, VERSION 8, 2/22/2014 INPUT READ FROM MEMPATH: __INPUT__/PHANTOM_82/CHD_LEFT                     

 PROCESSING CHD BASE OPTIONS
 END OF CHD BASE OPTIONS

 PROCESSING CHD BASE DIMENSIONS
    MAXBOUND =      48
 END OF CHD BASE DIMENSIONS

 CHD -- CHD PACKAGE, VERSION 8, 2/22/2014 INPUT READ FROM MEMPATH: __INPUT__/PHANTOM_82/CHD_RIGHT                    

 PROCESSING CHD BASE OPTIONS
 END OF CHD BASE OPTIONS

 PROCESSING CHD BASE DIMENSIONS
    MAXBOUND =      48
 END OF CHD BASE DIMENSIONS
    STRT set from input file

 STO -- STORAGE PACKAGE, VERSION 1, 5/19/2014 INPUT READ FROM MEMPATH: __INPUT__/PHANTOM_82/STO                          


 PROCESSING STORAGE OPTIONS
 END OF STORAGE OPTIONS
    BINARY GRID INFORMATION WILL BE WRITTEN TO:
      UNIT NUMBER: 1017
      FILE NAME: phantom_82.dis.grb

 OPENED phantom_82.dis.grb
 FILE TYPE:DATA(BINARY)   UNIT 1017   STATUS:REPLACE             
 FORMAT:UNFORMATTED            ACCESS:STREAM              
 ACTION:READWRITE           

      THE LAST TIME STEP WILL BE PRINTED
      THE LAST TIME STEP WILL BE PRINTED
 # File generated by Flopy version 3.10.0 on 05/18/2026 at 15:19:17.

 PROCESSING OC OPTIONS

    HEAD INFORMATION WILL BE WRITTEN TO:
      UNIT NUMBER: 1018
      FILE NAME: phantom_82.hds

 OPENED phantom_82.hds
 FILE TYPE:DATA(BINARY)   UNIT 1018   STATUS:REPLACE             
 FORMAT:UNFORMATTED            ACCESS:STREAM              
 ACTION:READWRITE           

 END OF OC OPTIONS

start timestep kper="1" kstp="1" mode="normal"


 BEGIN READING OUTPUT CONTROL FOR STRESS PERIOD 1
      ALL TIME STEPS WILL BE SAVED

 END READING OUTPUT CONTROL FOR STRESS PERIOD 1


 PROCESSING STORAGE PERIOD DATA
 END PROCESSING STORAGE PERIOD DATA


 STRESS PERIOD 1 IS TRANSIENT


 HEAD WILL BE SAVED ON UNIT 1018 AT END OF TIME STEP    1, STRESS PERIOD    1


  VOLUME BUDGET FOR ENTIRE MODEL AT END OF TIME STEP    1, STRESS PERIOD   1
  ---------------------------------------------------------------------------------------------------

     CUMULATIVE VOLUME      L**3       RATES FOR THIS TIME STEP      L**3/T          PACKAGE NAME    
     ------------------                 ------------------------                     ----------------

           IN:                                      IN:
           ---                                      ---
              STO-SS =           1.3509                STO-SS =           0.1930     STORAGE                          
                 WEL =           0.0000                   WEL =           0.0000     WEL                              
                 CHD =           4.1948                   CHD =           0.5993     CHD_LEFT                         
                 CHD =           2.8079                   CHD =           0.4011     CHD_RIGHT                        

            TOTAL IN =           8.3535              TOTAL IN =           1.1934

          OUT:                                     OUT:
          ----                                     ----
              STO-SS =           0.0000                STO-SS =           0.0000     STORAGE                          
                 WEL =           7.0000                   WEL =           1.0000     WEL                              
                 CHD =           0.0000                   CHD =           0.0000     CHD_LEFT                         
                 CHD =           1.3895                   CHD =           0.1985     CHD_RIGHT                        

           TOTAL OUT =           8.3895             TOTAL OUT =           1.1985

            IN - OUT =      -3.5909E-02              IN - OUT =      -5.1299E-03

 PERCENT DISCREPANCY =          -0.43     PERCENT DISCREPANCY =          -0.43




         TIME SUMMARY AT END OF TIME STEP    1 IN STRESS PERIOD    1
                          TIME STEP LENGTH =    7.00000    
                        STRESS PERIOD TIME =    7.00000    
                     TOTAL SIMULATION TIME =    7.00000    

end timestep


start timestep kper="2" kstp="1" mode="normal"


 END OF FILE DETECTED IN OUTPUT CONTROL.
 CURRENT OUTPUT CONTROL SETTINGS WILL BE 
 REPEATED UNTIL THE END OF THE SIMULATION.

 OUTPUT CONTROL FOR STRESS PERIOD 2 IS REPEATED USING SETTINGS FROM A PREVIOUS STRESS PERIOD.

 HEAD WILL BE SAVED ON UNIT 1018 AT END OF TIME STEP    1, STRESS PERIOD    2


  VOLUME BUDGET FOR ENTIRE MODEL AT END OF TIME STEP    1, STRESS PERIOD   2
  ---------------------------------------------------------------------------------------------------

     CUMULATIVE VOLUME      L**3       RATES FOR THIS TIME STEP      L**3/T          PACKAGE NAME    
     ------------------                 ------------------------                     ----------------

           IN:                                      IN:
           ---                                      ---
              STO-SS =           1.6796                STO-SS =       4.6959E-02     STORAGE                          
                 WEL =           0.0000                   WEL =           0.0000     WEL                              
                 CHD =           8.7471                   CHD =           0.6503     CHD_LEFT                         
                 CHD =           6.0775                   CHD =           0.4671     CHD_RIGHT                        

            TOTAL IN =          16.5042              TOTAL IN =           1.1644

          OUT:                                     OUT:
          ----                                     ----
              STO-SS =           0.0000                STO-SS =           0.0000     STORAGE                          
                 WEL =          14.0000                   WEL =           1.0000     WEL                              
                 CHD =           0.0000                   CHD =           0.0000     CHD_LEFT                         
                 CHD =           2.5613                   CHD =           0.1674     CHD_RIGHT                        

           TOTAL OUT =          16.5613             TOTAL OUT =           1.1674

            IN - OUT =      -5.7123E-02              IN - OUT =      -3.0306E-03

 PERCENT DISCREPANCY =          -0.35     PERCENT DISCREPANCY =          -0.26




         TIME SUMMARY AT END OF TIME STEP    1 IN STRESS PERIOD    2
                          TIME STEP LENGTH =    7.00000    
                        STRESS PERIOD TIME =    7.00000    
                     TOTAL SIMULATION TIME =    14.0000    

end timestep


start timestep kper="3" kstp="1" mode="normal"


 OUTPUT CONTROL FOR STRESS PERIOD 3 IS REPEATED USING SETTINGS FROM A PREVIOUS STRESS PERIOD.

 HEAD WILL BE SAVED ON UNIT 1018 AT END OF TIME STEP    1, STRESS PERIOD    3


  VOLUME BUDGET FOR ENTIRE MODEL AT END OF TIME STEP    1, STRESS PERIOD   3
  ---------------------------------------------------------------------------------------------------

     CUMULATIVE VOLUME      L**3       RATES FOR THIS TIME STEP      L**3/T          PACKAGE NAME    
     ------------------                 ------------------------                     ----------------

           IN:                                      IN:
           ---                                      ---
              STO-SS =           1.7630                STO-SS =       1.1917E-02     STORAGE                          
                 WEL =           0.0000                   WEL =           0.0000     WEL                              
                 CHD =          13.4064                   CHD =           0.6656     CHD_LEFT                         
                 CHD =           9.4260                   CHD =           0.4784     CHD_RIGHT                        

            TOTAL IN =          24.5954              TOTAL IN =           1.1559

          OUT:                                     OUT:
          ----                                     ----
              STO-SS =           0.0000                STO-SS =           0.0000     STORAGE                          
                 WEL =          21.0000                   WEL =           1.0000     WEL                              
                 CHD =           0.0000                   CHD =           0.0000     CHD_LEFT                         
                 CHD =           3.6755                   CHD =           0.1592     CHD_RIGHT                        

           TOTAL OUT =          24.6755             TOTAL OUT =           1.1592

            IN - OUT =      -8.0116E-02              IN - OUT =      -3.2846E-03

 PERCENT DISCREPANCY =          -0.33     PERCENT DISCREPANCY =          -0.28




         TIME SUMMARY AT END OF TIME STEP    1 IN STRESS PERIOD    3
                          TIME STEP LENGTH =    7.00000    
                        STRESS PERIOD TIME =    7.00000    
                     TOTAL SIMULATION TIME =    21.0000    

end timestep


start timestep kper="4" kstp="1" mode="normal"


 OUTPUT CONTROL FOR STRESS PERIOD 4 IS REPEATED USING SETTINGS FROM A PREVIOUS STRESS PERIOD.

 HEAD WILL BE SAVED ON UNIT 1018 AT END OF TIME STEP    1, STRESS PERIOD    4


  VOLUME BUDGET FOR ENTIRE MODEL AT END OF TIME STEP    1, STRESS PERIOD   4
  ---------------------------------------------------------------------------------------------------

     CUMULATIVE VOLUME      L**3       RATES FOR THIS TIME STEP      L**3/T          PACKAGE NAME    
     ------------------                 ------------------------                     ----------------

           IN:                                      IN:
           ---                                      ---
              STO-SS =           1.7884                STO-SS =       3.6333E-03     STORAGE                          
                 WEL =           0.0000                   WEL =           0.0000     WEL                              
                 CHD =          18.1034                   CHD =           0.6710     CHD_LEFT                         
                 CHD =          12.7893                   CHD =           0.4805     CHD_RIGHT                        

            TOTAL IN =          32.6811              TOTAL IN =           1.1551

          OUT:                                     OUT:
          ----                                     ----
              STO-SS =           0.0000                STO-SS =           0.0000     STORAGE                          
                 WEL =          28.0000                   WEL =           1.0000     WEL                              
                 CHD =           0.0000                   CHD =           0.0000     CHD_LEFT                         
                 CHD =           4.7703                   CHD =           0.1564     CHD_RIGHT                        

           TOTAL OUT =          32.7703             TOTAL OUT =           1.1564

            IN - OUT =      -8.9166E-02              IN - OUT =      -1.2929E-03

 PERCENT DISCREPANCY =          -0.27     PERCENT DISCREPANCY =          -0.11




         TIME SUMMARY AT END OF TIME STEP    1 IN STRESS PERIOD    4
                          TIME STEP LENGTH =    7.00000    
                        STRESS PERIOD TIME =    7.00000    
                     TOTAL SIMULATION TIME =    28.0000    

end timestep


start timestep kper="5" kstp="1" mode="normal"


 OUTPUT CONTROL FOR STRESS PERIOD 5 IS REPEATED USING SETTINGS FROM A PREVIOUS STRESS PERIOD.

 HEAD WILL BE SAVED ON UNIT 1018 AT END OF TIME STEP    1, STRESS PERIOD    5


  VOLUME BUDGET FOR ENTIRE MODEL AT END OF TIME STEP    1, STRESS PERIOD   5
  ---------------------------------------------------------------------------------------------------

     CUMULATIVE VOLUME      L**3       RATES FOR THIS TIME STEP      L**3/T          PACKAGE NAME    
     ------------------                 ------------------------                     ----------------

           IN:                                      IN:
           ---                                      ---
              STO-SS =           1.7951                STO-SS =       9.4798E-04     STORAGE                          
                 WEL =           0.0000                   WEL =           0.0000     WEL                              
                 CHD =          22.8106                   CHD =           0.6725     CHD_LEFT                         
                 CHD =          16.1567                   CHD =           0.4810     CHD_RIGHT                        

            TOTAL IN =          40.7623              TOTAL IN =           1.1545

          OUT:                                     OUT:
          ----                                     ----
              STO-SS =           0.0000                STO-SS =           0.0000     STORAGE                          
                 WEL =          35.0000                   WEL =           1.0000     WEL                              
                 CHD =           0.0000                   CHD =           0.0000     CHD_LEFT                         
                 CHD =           5.8588                   CHD =           0.1555     CHD_RIGHT                        

           TOTAL OUT =          40.8588             TOTAL OUT =           1.1555

            IN - OUT =      -9.6470E-02              IN - OUT =      -1.0434E-03

 PERCENT DISCREPANCY =          -0.24     PERCENT DISCREPANCY =          -0.09




         TIME SUMMARY AT END OF TIME STEP    1 IN STRESS PERIOD    5
                          TIME STEP LENGTH =    7.00000    
                        STRESS PERIOD TIME =    7.00000    
                     TOTAL SIMULATION TIME =    35.0000    

end timestep


start timestep kper="6" kstp="1" mode="normal"


 OUTPUT CONTROL FOR STRESS PERIOD 6 IS REPEATED USING SETTINGS FROM A PREVIOUS STRESS PERIOD.

 HEAD WILL BE SAVED ON UNIT 1018 AT END OF TIME STEP    1, STRESS PERIOD    6


  VOLUME BUDGET FOR ENTIRE MODEL AT END OF TIME STEP    1, STRESS PERIOD   6
  ---------------------------------------------------------------------------------------------------

     CUMULATIVE VOLUME      L**3       RATES FOR THIS TIME STEP      L**3/T          PACKAGE NAME    
     ------------------                 ------------------------                     ----------------

           IN:                                      IN:
           ---                                      ---
              STO-SS =           1.7956                STO-SS =       7.8882E-05     STORAGE                          
                 WEL =           0.0000                   WEL =           0.0000     WEL                              
                 CHD =          27.5182                   CHD =           0.6725     CHD_LEFT                         
                 CHD =          19.5246                   CHD =           0.4811     CHD_RIGHT                        

            TOTAL IN =          48.8385              TOTAL IN =           1.1537

          OUT:                                     OUT:
          ----                                     ----
              STO-SS =       3.3600E-06                STO-SS =       4.8000E-07     STORAGE                          
                 WEL =          42.0000                   WEL =           1.0000     WEL                              
                 CHD =           0.0000                   CHD =           0.0000     CHD_LEFT                         
                 CHD =           6.9470                   CHD =           0.1555     CHD_RIGHT                        

           TOTAL OUT =          48.9470             TOTAL OUT =           1.1555

            IN - OUT =          -0.1085              IN - OUT =      -1.7178E-03

 PERCENT DISCREPANCY =          -0.22     PERCENT DISCREPANCY =          -0.15




         TIME SUMMARY AT END OF TIME STEP    1 IN STRESS PERIOD    6
                          TIME STEP LENGTH =    7.00000    
                        STRESS PERIOD TIME =    7.00000    
                     TOTAL SIMULATION TIME =    42.0000    

end timestep


start timestep kper="7" kstp="1" mode="normal"


 OUTPUT CONTROL FOR STRESS PERIOD 7 IS REPEATED USING SETTINGS FROM A PREVIOUS STRESS PERIOD.

 HEAD WILL BE SAVED ON UNIT 1018 AT END OF TIME STEP    1, STRESS PERIOD    7


  VOLUME BUDGET FOR ENTIRE MODEL AT END OF TIME STEP    1, STRESS PERIOD   7
  ---------------------------------------------------------------------------------------------------

     CUMULATIVE VOLUME      L**3       RATES FOR THIS TIME STEP      L**3/T          PACKAGE NAME    
     ------------------                 ------------------------                     ----------------

           IN:                                      IN:
           ---                                      ---
              STO-SS =           1.7978                STO-SS =       3.0963E-04     STORAGE                          
                 WEL =           0.0000                   WEL =           0.0000     WEL                              
                 CHD =          32.2289                   CHD =           0.6729     CHD_LEFT                         
                 CHD =          22.8939                   CHD =           0.4813     CHD_RIGHT                        

            TOTAL IN =          56.9205              TOTAL IN =           1.1546

          OUT:                                     OUT:
          ----                                     ----
              STO-SS =       3.3600E-06                STO-SS =           0.0000     STORAGE                          
                 WEL =          49.0000                   WEL =           1.0000     WEL                              
                 CHD =           0.0000                   CHD =           0.0000     CHD_LEFT                         
                 CHD =           8.0339                   CHD =           0.1553     CHD_RIGHT                        

           TOTAL OUT =          57.0339             TOTAL OUT =           1.1553

            IN - OUT =          -0.1134              IN - OUT =      -7.0142E-04

 PERCENT DISCREPANCY =          -0.20     PERCENT DISCREPANCY =          -0.06




         TIME SUMMARY AT END OF TIME STEP    1 IN STRESS PERIOD    7
                          TIME STEP LENGTH =    7.00000    
                        STRESS PERIOD TIME =    7.00000    
                     TOTAL SIMULATION TIME =    49.0000    

end timestep


start timestep kper="8" kstp="1" mode="normal"


 OUTPUT CONTROL FOR STRESS PERIOD 8 IS REPEATED USING SETTINGS FROM A PREVIOUS STRESS PERIOD.

 HEAD WILL BE SAVED ON UNIT 1018 AT END OF TIME STEP    1, STRESS PERIOD    8


  VOLUME BUDGET FOR ENTIRE MODEL AT END OF TIME STEP    1, STRESS PERIOD   8
  ---------------------------------------------------------------------------------------------------

     CUMULATIVE VOLUME      L**3       RATES FOR THIS TIME STEP      L**3/T          PACKAGE NAME    
     ------------------                 ------------------------                     ----------------

           IN:                                      IN:
           ---                                      ---
              STO-SS =           1.7981                STO-SS =       4.2298E-05     STORAGE                          
                 WEL =           0.0000                   WEL =           0.0000     WEL                              
                 CHD =          36.9402                   CHD =           0.6730     CHD_LEFT                         
                 CHD =          26.2632                   CHD =           0.4813     CHD_RIGHT                        

            TOTAL IN =          65.0015              TOTAL IN =           1.1544

          OUT:                                     OUT:
          ----                                     ----
              STO-SS =       5.0909E-06                STO-SS =       2.4727E-07     STORAGE                          
                 WEL =          56.0000                   WEL =           1.0000     WEL                              
                 CHD =           0.0000                   CHD =           0.0000     CHD_LEFT                         
                 CHD =           9.1203                   CHD =           0.1552     CHD_RIGHT                        

           TOTAL OUT =          65.1204             TOTAL OUT =           1.1552

            IN - OUT =          -0.1189              IN - OUT =      -7.8532E-04

 PERCENT DISCREPANCY =          -0.18     PERCENT DISCREPANCY =          -0.07




         TIME SUMMARY AT END OF TIME STEP    1 IN STRESS PERIOD    8
                          TIME STEP LENGTH =    7.00000    
                        STRESS PERIOD TIME =    7.00000    
                     TOTAL SIMULATION TIME =    56.0000    

end timestep


start timestep kper="9" kstp="1" mode="normal"


 OUTPUT CONTROL FOR STRESS PERIOD 9 IS REPEATED USING SETTINGS FROM A PREVIOUS STRESS PERIOD.

 HEAD WILL BE SAVED ON UNIT 1018 AT END OF TIME STEP    1, STRESS PERIOD    9


  VOLUME BUDGET FOR ENTIRE MODEL AT END OF TIME STEP    1, STRESS PERIOD   9
  ---------------------------------------------------------------------------------------------------

     CUMULATIVE VOLUME      L**3       RATES FOR THIS TIME STEP      L**3/T          PACKAGE NAME    
     ------------------                 ------------------------                     ----------------

           IN:                                      IN:
           ---                                      ---
              STO-SS =           1.7991                STO-SS =       1.4506E-04     STORAGE                          
                 WEL =           0.0000                   WEL =           0.0000     WEL                              
                 CHD =          41.6532                   CHD =           0.6733     CHD_LEFT                         
                 CHD =          29.6331                   CHD =           0.4814     CHD_RIGHT                        

            TOTAL IN =          73.0854              TOTAL IN =           1.1549

          OUT:                                     OUT:
          ----                                     ----
              STO-SS =       5.0909E-06                STO-SS =           0.0000     STORAGE                          
                 WEL =          63.0000                   WEL =           1.0000     WEL                              
                 CHD =           0.0000                   CHD =           0.0000     CHD_LEFT                         
                 CHD =          10.2058                   CHD =           0.1551     CHD_RIGHT                        

           TOTAL OUT =          73.2058             TOTAL OUT =           1.1551

            IN - OUT =          -0.1204              IN - OUT =      -2.1760E-04

 PERCENT DISCREPANCY =          -0.16     PERCENT DISCREPANCY =          -0.02




         TIME SUMMARY AT END OF TIME STEP    1 IN STRESS PERIOD    9
                          TIME STEP LENGTH =    7.00000    
                        STRESS PERIOD TIME =    7.00000    
                     TOTAL SIMULATION TIME =    63.0000    

end timestep


start timestep kper="10" kstp="1" mode="normal"


 OUTPUT CONTROL FOR STRESS PERIOD 10 IS REPEATED USING SETTINGS FROM A PREVIOUS STRESS PERIOD.

 HEAD WILL BE SAVED ON UNIT 1018 AT END OF TIME STEP    1, STRESS PERIOD   10


  VOLUME BUDGET FOR ENTIRE MODEL AT END OF TIME STEP    1, STRESS PERIOD  10
  ---------------------------------------------------------------------------------------------------

     CUMULATIVE VOLUME      L**3       RATES FOR THIS TIME STEP      L**3/T          PACKAGE NAME    
     ------------------                 ------------------------                     ----------------

           IN:                                      IN:
           ---                                      ---
              STO-SS =           1.7992                STO-SS =       1.4189E-05     STORAGE                          
                 WEL =           0.0000                   WEL =           0.0000     WEL                              
                 CHD =          46.3663                   CHD =           0.6733     CHD_LEFT                         
                 CHD =          33.0031                   CHD =           0.4814     CHD_RIGHT                        

            TOTAL IN =          81.1686              TOTAL IN =           1.1547

          OUT:                                     OUT:
          ----                                     ----
              STO-SS =       5.1974E-06                STO-SS =       1.5207E-08     STORAGE                          
                 WEL =          70.0000                   WEL =           1.0000     WEL                              
                 CHD =           0.0000                   CHD =           0.0000     CHD_LEFT                         
                 CHD =          11.2913                   CHD =           0.1551     CHD_RIGHT                        

           TOTAL OUT =          81.2913             TOTAL OUT =           1.1551

            IN - OUT =          -0.1227              IN - OUT =      -3.1848E-04

 PERCENT DISCREPANCY =          -0.15     PERCENT DISCREPANCY =          -0.03




         TIME SUMMARY AT END OF TIME STEP    1 IN STRESS PERIOD   10
                          TIME STEP LENGTH =    7.00000    
                        STRESS PERIOD TIME =    7.00000    
                     TOTAL SIMULATION TIME =    70.0000    

end timestep

