                                   MODFLOW 6
                U.S. GEOLOGICAL SURVEY MODULAR HYDROLOGIC MODEL
                          GROUNDWATER FLOW MODEL (GWF)
                            VERSION 6.6.3 09/29/2025

   MODFLOW 6 compiled Oct 07 2025 23:07:48 with Intel(R) Fortran Intel(R) 64
   Compiler Classic for applications running on Intel(R) 64, Version 2021.7.0
                             Build 20220726_000000

This software has been approved for release by the U.S. Geological 
Survey (USGS). Although the software has been subjected to rigorous 
review, the USGS reserves the right to update the software as needed 
pursuant to further analysis and review. No warranty, expressed or 
implied, is made by the USGS or the U.S. Government as to the 
functionality of the software and related material nor shall the 
fact of release constitute any such warranty. Furthermore, the 
software is released on condition that neither the USGS nor the U.S. 
Government shall be held liable for any damages resulting from its 
authorized or unauthorized use. Also refer to the USGS Water 
Resources Software User Rights Notice for complete use, copyright, 
and distribution information.


As a work of the United States Government, this USGS product is 
in the public domain within the United States. You can copy, 
modify, distribute, and perform the work, even for commercial 
purposes, all without asking permission. Additionally, USGS 
waives copyright and related rights in the work worldwide 
through CC0 1.0 Universal Public Domain Dedication 
(https://creativecommons.org/publicdomain/zero/1.0/).

The following GNU Lesser General Public License (LGPL) libraries
are used in this USGS product:

    SPARSKIT version 2.0
      ilut, luson, and qsplit 
      (https://www-users.cse.umn.edu/~saad/software/SPARSKIT/)

    RCM - Reverse Cuthill McKee Ordering
      (https://people.math.sc.edu/Burkardt/f_src/rcm/rcm.html)

    BLAS - Basic Linear Algebra Subprograms Level 1
      (https://people.math.sc.edu/Burkardt/f_src/blas1_d/blas1_d.html)

    SPARSEKIT - Sparse Matrix Utility Package
      amux, dperm, dvperm, rperm, and cperm
      (https://people.sc.fsu.edu/~jburkardt/f77_src/sparsekit/sparsekit.html)

The following BSD-3 License libraries are used in this USGS product:

    Modern Fortran DAG Library
      Copyright (c) 2018, Jacob Williams
      All rights reserved.
      (https://github.com/jacobwilliams/daglib)

MODFLOW 6 compiler options: /O2 /heap-arrays:0 /fpe:0 /traceback /nologo /fpp
/c /module:win64\mod_mf6\ /object:win64\obj_mf6\

System command used to initiate simulation:
C:\Python\Personal\kfm-ms\codes\binaries\MODFLOW6\windows\mf6.exe

MODFLOW was compiled using uniform precision.

Real Variables
  KIND: 8
  TINY (smallest non-zero value):    2.225074-308
  HUGE (largest value):    1.797693+308
  PRECISION: 15
  SIZE IN BITS: 64

Integer Variables
  KIND: 4
  HUGE (largest value): 2147483647
  SIZE IN BITS: 32

Long Integer Variables
  KIND: 8
  HUGE (largest value): 9223372036854775807
  SIZE IN BITS: 64

Logical Variables
  KIND: 4
  SIZE IN BITS: 32
 
 NAMEFILE OPTIONS:
    FLOWS WILL BE SAVED TO BUDGET FILE SPECIFIED IN OUTPUT CONTROL
 END NAMEFILE OPTIONS:

 DIS -- STRUCTURED GRID DISCRETIZATION PACKAGE, VERSION 2 : 3/27/2014 - INPUT READ FROM MEMPATH: __INPUT__/PHANTOM_26/DIS                          


 NPF -- NODE PROPERTY FLOW PACKAGE, VERSION 1, 3/30/2015 INPUT READ FROM MEMPATH: __INPUT__/PHANTOM_26/NPF                          


 IC -- Initial Conditions Package, Version 8, 3/28/2015 input read from mempath: __INPUT__/PHANTOM_26/IC                           


 Setting Discretization Options
    XORIGIN = .000000000000000
    YORIGIN = .000000000000000
 End Setting Discretization Options

 Setting Discretization Dimensions
    NLAY = 1
    NROW = 50
    NCOL = 50
 End Setting Discretization Dimensions

 Setting Discretization Griddata
    DELR set from input file
    DELC set from input file
    TOP set from input file
    BOTM set from input file
    IDOMAIN set from input file
 End Setting Discretization Griddata


 The specified IDOMAIN results in a reduced number of cells.
 Number of user nodes: 2500
 Number of nodes in solution: 2400


 Setting NPF Options
 End Setting NPF Options

 Setting NPF Griddata
    ICELLTYPE set from input file
    K set from input file
    K33 not provided.  Setting K33 = K.
    K22 not provided.  Setting K22 = K.
 End Setting NPF Griddata


 WEL -- WEL PACKAGE, VERSION 8, 2/22/2014 INPUT READ FROM MEMPATH: __INPUT__/PHANTOM_26/WEL                          

 PROCESSING WEL BASE OPTIONS
 END OF WEL BASE OPTIONS

 PROCESSING WEL OPTIONS
 END OF WEL OPTIONS

 PROCESSING WEL BASE DIMENSIONS
    MAXBOUND =       1
 END OF WEL BASE DIMENSIONS

 CHD -- CHD PACKAGE, VERSION 8, 2/22/2014 INPUT READ FROM MEMPATH: __INPUT__/PHANTOM_26/CHD_LEFT                     

 PROCESSING CHD BASE OPTIONS
 END OF CHD BASE OPTIONS

 PROCESSING CHD BASE DIMENSIONS
    MAXBOUND =      48
 END OF CHD BASE DIMENSIONS

 CHD -- CHD PACKAGE, VERSION 8, 2/22/2014 INPUT READ FROM MEMPATH: __INPUT__/PHANTOM_26/CHD_RIGHT                    

 PROCESSING CHD BASE OPTIONS
 END OF CHD BASE OPTIONS

 PROCESSING CHD BASE DIMENSIONS
    MAXBOUND =      48
 END OF CHD BASE DIMENSIONS
    STRT set from input file

 STO -- STORAGE PACKAGE, VERSION 1, 5/19/2014 INPUT READ FROM MEMPATH: __INPUT__/PHANTOM_26/STO                          


 PROCESSING STORAGE OPTIONS
 END OF STORAGE OPTIONS
    BINARY GRID INFORMATION WILL BE WRITTEN TO:
      UNIT NUMBER: 1017
      FILE NAME: phantom_26.dis.grb

 OPENED phantom_26.dis.grb
 FILE TYPE:DATA(BINARY)   UNIT 1017   STATUS:REPLACE             
 FORMAT:UNFORMATTED            ACCESS:STREAM              
 ACTION:READWRITE           

      THE LAST TIME STEP WILL BE PRINTED
      THE LAST TIME STEP WILL BE PRINTED
 # File generated by Flopy version 3.10.0 on 05/18/2026 at 15:26:35.

 PROCESSING OC OPTIONS

    HEAD INFORMATION WILL BE WRITTEN TO:
      UNIT NUMBER: 1018
      FILE NAME: phantom_26.hds

 OPENED phantom_26.hds
 FILE TYPE:DATA(BINARY)   UNIT 1018   STATUS:REPLACE             
 FORMAT:UNFORMATTED            ACCESS:STREAM              
 ACTION:READWRITE           

 END OF OC OPTIONS

start timestep kper="1" kstp="1" mode="normal"


 BEGIN READING OUTPUT CONTROL FOR STRESS PERIOD 1
      ALL TIME STEPS WILL BE SAVED

 END READING OUTPUT CONTROL FOR STRESS PERIOD 1


 PROCESSING STORAGE PERIOD DATA
 END PROCESSING STORAGE PERIOD DATA


 STRESS PERIOD 1 IS TRANSIENT


 HEAD WILL BE SAVED ON UNIT 1018 AT END OF TIME STEP    1, STRESS PERIOD    1


  VOLUME BUDGET FOR ENTIRE MODEL AT END OF TIME STEP    1, STRESS PERIOD   1
  ---------------------------------------------------------------------------------------------------

     CUMULATIVE VOLUME      L**3       RATES FOR THIS TIME STEP      L**3/T          PACKAGE NAME    
     ------------------                 ------------------------                     ----------------

           IN:                                      IN:
           ---                                      ---
              STO-SS =           2.1620                STO-SS =           0.3089     STORAGE                          
                 WEL =           0.0000                   WEL =           0.0000     WEL                              
                 CHD =           6.2789                   CHD =           0.8970     CHD_LEFT                         
                 CHD =           0.0000                   CHD =           0.0000     CHD_RIGHT                        

            TOTAL IN =           8.4409              TOTAL IN =           1.2058

          OUT:                                     OUT:
          ----                                     ----
              STO-SS =           0.0000                STO-SS =           0.0000     STORAGE                          
                 WEL =           7.0000                   WEL =           1.0000     WEL                              
                 CHD =           0.0000                   CHD =           0.0000     CHD_LEFT                         
                 CHD =           1.4497                   CHD =           0.2071     CHD_RIGHT                        

           TOTAL OUT =           8.4497             TOTAL OUT =           1.2071

            IN - OUT =      -8.7789E-03              IN - OUT =      -1.2541E-03

 PERCENT DISCREPANCY =          -0.10     PERCENT DISCREPANCY =          -0.10




         TIME SUMMARY AT END OF TIME STEP    1 IN STRESS PERIOD    1
                          TIME STEP LENGTH =    7.00000    
                        STRESS PERIOD TIME =    7.00000    
                     TOTAL SIMULATION TIME =    7.00000    

end timestep


start timestep kper="2" kstp="1" mode="normal"


 END OF FILE DETECTED IN OUTPUT CONTROL.
 CURRENT OUTPUT CONTROL SETTINGS WILL BE 
 REPEATED UNTIL THE END OF THE SIMULATION.

 OUTPUT CONTROL FOR STRESS PERIOD 2 IS REPEATED USING SETTINGS FROM A PREVIOUS STRESS PERIOD.

 HEAD WILL BE SAVED ON UNIT 1018 AT END OF TIME STEP    1, STRESS PERIOD    2


  VOLUME BUDGET FOR ENTIRE MODEL AT END OF TIME STEP    1, STRESS PERIOD   2
  ---------------------------------------------------------------------------------------------------

     CUMULATIVE VOLUME      L**3       RATES FOR THIS TIME STEP      L**3/T          PACKAGE NAME    
     ------------------                 ------------------------                     ----------------

           IN:                                      IN:
           ---                                      ---
              STO-SS =           2.7367                STO-SS =       8.2105E-02     STORAGE                          
                 WEL =           0.0000                   WEL =           0.0000     WEL                              
                 CHD =          13.4094                   CHD =           1.0186     CHD_LEFT                         
                 CHD =           0.0000                   CHD =           0.0000     CHD_RIGHT                        

            TOTAL IN =          16.1461              TOTAL IN =           1.1007

          OUT:                                     OUT:
          ----                                     ----
              STO-SS =           0.0000                STO-SS =           0.0000     STORAGE                          
                 WEL =          14.0000                   WEL =           1.0000     WEL                              
                 CHD =           0.0000                   CHD =           0.0000     CHD_LEFT                         
                 CHD =           2.1633                   CHD =           0.1019     CHD_RIGHT                        

           TOTAL OUT =          16.1633             TOTAL OUT =           1.1019

            IN - OUT =      -1.7142E-02              IN - OUT =      -1.1948E-03

 PERCENT DISCREPANCY =          -0.11     PERCENT DISCREPANCY =          -0.11




         TIME SUMMARY AT END OF TIME STEP    1 IN STRESS PERIOD    2
                          TIME STEP LENGTH =    7.00000    
                        STRESS PERIOD TIME =    7.00000    
                     TOTAL SIMULATION TIME =    14.0000    

end timestep


start timestep kper="3" kstp="1" mode="normal"


 OUTPUT CONTROL FOR STRESS PERIOD 3 IS REPEATED USING SETTINGS FROM A PREVIOUS STRESS PERIOD.

 HEAD WILL BE SAVED ON UNIT 1018 AT END OF TIME STEP    1, STRESS PERIOD    3


  VOLUME BUDGET FOR ENTIRE MODEL AT END OF TIME STEP    1, STRESS PERIOD   3
  ---------------------------------------------------------------------------------------------------

     CUMULATIVE VOLUME      L**3       RATES FOR THIS TIME STEP      L**3/T          PACKAGE NAME    
     ------------------                 ------------------------                     ----------------

           IN:                                      IN:
           ---                                      ---
              STO-SS =           2.8864                STO-SS =       2.1374E-02     STORAGE                          
                 WEL =           0.0000                   WEL =           0.0000     WEL                              
                 CHD =          20.7612                   CHD =           1.0503     CHD_LEFT                         
                 CHD =           0.0000                   CHD =           0.0000     CHD_RIGHT                        

            TOTAL IN =          23.6475              TOTAL IN =           1.0716

          OUT:                                     OUT:
          ----                                     ----
              STO-SS =           0.0000                STO-SS =           0.0000     STORAGE                          
                 WEL =          21.0000                   WEL =           1.0000     WEL                              
                 CHD =           0.0000                   CHD =           0.0000     CHD_LEFT                         
                 CHD =           2.6702                   CHD =       7.2421E-02     CHD_RIGHT                        

           TOTAL OUT =          23.6702             TOTAL OUT =           1.0724

            IN - OUT =      -2.2694E-02              IN - OUT =      -7.9305E-04

 PERCENT DISCREPANCY =          -0.10     PERCENT DISCREPANCY =          -0.07




         TIME SUMMARY AT END OF TIME STEP    1 IN STRESS PERIOD    3
                          TIME STEP LENGTH =    7.00000    
                        STRESS PERIOD TIME =    7.00000    
                     TOTAL SIMULATION TIME =    21.0000    

end timestep


start timestep kper="4" kstp="1" mode="normal"


 OUTPUT CONTROL FOR STRESS PERIOD 4 IS REPEATED USING SETTINGS FROM A PREVIOUS STRESS PERIOD.

 HEAD WILL BE SAVED ON UNIT 1018 AT END OF TIME STEP    1, STRESS PERIOD    4


  VOLUME BUDGET FOR ENTIRE MODEL AT END OF TIME STEP    1, STRESS PERIOD   4
  ---------------------------------------------------------------------------------------------------

     CUMULATIVE VOLUME      L**3       RATES FOR THIS TIME STEP      L**3/T          PACKAGE NAME    
     ------------------                 ------------------------                     ----------------

           IN:                                      IN:
           ---                                      ---
              STO-SS =           2.9256                STO-SS =       5.6122E-03     STORAGE                          
                 WEL =           0.0000                   WEL =           0.0000     WEL                              
                 CHD =          28.1668                   CHD =           1.0579     CHD_LEFT                         
                 CHD =       5.8011E-03                   CHD =       8.2873E-04     CHD_RIGHT                        

            TOTAL IN =          31.0982              TOTAL IN =           1.0644

          OUT:                                     OUT:
          ----                                     ----
              STO-SS =           0.0000                STO-SS =           0.0000     STORAGE                          
                 WEL =          28.0000                   WEL =           1.0000     WEL                              
                 CHD =           0.0000                   CHD =           0.0000     CHD_LEFT                         
                 CHD =           3.1241                   CHD =       6.4846E-02     CHD_RIGHT                        

           TOTAL OUT =          31.1241             TOTAL OUT =           1.0648

            IN - OUT =      -2.5904E-02              IN - OUT =      -4.5869E-04

 PERCENT DISCREPANCY =          -0.08     PERCENT DISCREPANCY =          -0.04




         TIME SUMMARY AT END OF TIME STEP    1 IN STRESS PERIOD    4
                          TIME STEP LENGTH =    7.00000    
                        STRESS PERIOD TIME =    7.00000    
                     TOTAL SIMULATION TIME =    28.0000    

end timestep


start timestep kper="5" kstp="1" mode="normal"


 OUTPUT CONTROL FOR STRESS PERIOD 5 IS REPEATED USING SETTINGS FROM A PREVIOUS STRESS PERIOD.

 HEAD WILL BE SAVED ON UNIT 1018 AT END OF TIME STEP    1, STRESS PERIOD    5


  VOLUME BUDGET FOR ENTIRE MODEL AT END OF TIME STEP    1, STRESS PERIOD   5
  ---------------------------------------------------------------------------------------------------

     CUMULATIVE VOLUME      L**3       RATES FOR THIS TIME STEP      L**3/T          PACKAGE NAME    
     ------------------                 ------------------------                     ----------------

           IN:                                      IN:
           ---                                      ---
              STO-SS =           2.9342                STO-SS =       1.2281E-03     STORAGE                          
                 WEL =           0.0000                   WEL =           0.0000     WEL                              
                 CHD =          35.5877                   CHD =           1.0601     CHD_LEFT                         
                 CHD =       1.4132E-02                   CHD =       1.1902E-03     CHD_RIGHT                        

            TOTAL IN =          38.5361              TOTAL IN =           1.0626

          OUT:                                     OUT:
          ----                                     ----
              STO-SS =           0.0000                STO-SS =           0.0000     STORAGE                          
                 WEL =          35.0000                   WEL =           1.0000     WEL                              
                 CHD =           0.0000                   CHD =           0.0000     CHD_LEFT                         
                 CHD =           3.5703                   CHD =       6.3743E-02     CHD_RIGHT                        

           TOTAL OUT =          38.5703             TOTAL OUT =           1.0637

            IN - OUT =      -3.4239E-02              IN - OUT =      -1.1906E-03

 PERCENT DISCREPANCY =          -0.09     PERCENT DISCREPANCY =          -0.11




         TIME SUMMARY AT END OF TIME STEP    1 IN STRESS PERIOD    5
                          TIME STEP LENGTH =    7.00000    
                        STRESS PERIOD TIME =    7.00000    
                     TOTAL SIMULATION TIME =    35.0000    

end timestep


start timestep kper="6" kstp="1" mode="normal"


 OUTPUT CONTROL FOR STRESS PERIOD 6 IS REPEATED USING SETTINGS FROM A PREVIOUS STRESS PERIOD.

 HEAD WILL BE SAVED ON UNIT 1018 AT END OF TIME STEP    1, STRESS PERIOD    6


  VOLUME BUDGET FOR ENTIRE MODEL AT END OF TIME STEP    1, STRESS PERIOD   6
  ---------------------------------------------------------------------------------------------------

     CUMULATIVE VOLUME      L**3       RATES FOR THIS TIME STEP      L**3/T          PACKAGE NAME    
     ------------------                 ------------------------                     ----------------

           IN:                                      IN:
           ---                                      ---
              STO-SS =           2.9348                STO-SS =       8.1555E-05     STORAGE                          
                 WEL =           0.0000                   WEL =           0.0000     WEL                              
                 CHD =          43.0091                   CHD =           1.0602     CHD_LEFT                         
                 CHD =       2.2481E-02                   CHD =       1.1926E-03     CHD_RIGHT                        

            TOTAL IN =          45.9664              TOTAL IN =           1.0615

          OUT:                                     OUT:
          ----                                     ----
              STO-SS =       2.2139E-07                STO-SS =       3.1627E-08     STORAGE                          
                 WEL =          42.0000                   WEL =           1.0000     WEL                              
                 CHD =           0.0000                   CHD =           0.0000     CHD_LEFT                         
                 CHD =           4.0152                   CHD =       6.3546E-02     CHD_RIGHT                        

           TOTAL OUT =          46.0152             TOTAL OUT =           1.0635

            IN - OUT =      -4.8747E-02              IN - OUT =      -2.0726E-03

 PERCENT DISCREPANCY =          -0.11     PERCENT DISCREPANCY =          -0.20




         TIME SUMMARY AT END OF TIME STEP    1 IN STRESS PERIOD    6
                          TIME STEP LENGTH =    7.00000    
                        STRESS PERIOD TIME =    7.00000    
                     TOTAL SIMULATION TIME =    42.0000    

end timestep


start timestep kper="7" kstp="1" mode="normal"


 OUTPUT CONTROL FOR STRESS PERIOD 7 IS REPEATED USING SETTINGS FROM A PREVIOUS STRESS PERIOD.

 HEAD WILL BE SAVED ON UNIT 1018 AT END OF TIME STEP    1, STRESS PERIOD    7


  VOLUME BUDGET FOR ENTIRE MODEL AT END OF TIME STEP    1, STRESS PERIOD   7
  ---------------------------------------------------------------------------------------------------

     CUMULATIVE VOLUME      L**3       RATES FOR THIS TIME STEP      L**3/T          PACKAGE NAME    
     ------------------                 ------------------------                     ----------------

           IN:                                      IN:
           ---                                      ---
              STO-SS =           2.9373                STO-SS =       3.4949E-04     STORAGE                          
                 WEL =           0.0000                   WEL =           0.0000     WEL                              
                 CHD =          50.4332                   CHD =           1.0606     CHD_LEFT                         
                 CHD =       3.1449E-02                   CHD =       1.2813E-03     CHD_RIGHT                        

            TOTAL IN =          53.4019              TOTAL IN =           1.0622

          OUT:                                     OUT:
          ----                                     ----
              STO-SS =       2.2139E-07                STO-SS =           0.0000     STORAGE                          
                 WEL =          49.0000                   WEL =           1.0000     WEL                              
                 CHD =           0.0000                   CHD =           0.0000     CHD_LEFT                         
                 CHD =           4.4564                   CHD =       6.3028E-02     CHD_RIGHT                        

           TOTAL OUT =          53.4564             TOTAL OUT =           1.0630

            IN - OUT =      -5.4501E-02              IN - OUT =      -8.2206E-04

 PERCENT DISCREPANCY =          -0.10     PERCENT DISCREPANCY =          -0.08




         TIME SUMMARY AT END OF TIME STEP    1 IN STRESS PERIOD    7
                          TIME STEP LENGTH =    7.00000    
                        STRESS PERIOD TIME =    7.00000    
                     TOTAL SIMULATION TIME =    49.0000    

end timestep


start timestep kper="8" kstp="1" mode="normal"


 OUTPUT CONTROL FOR STRESS PERIOD 8 IS REPEATED USING SETTINGS FROM A PREVIOUS STRESS PERIOD.

 HEAD WILL BE SAVED ON UNIT 1018 AT END OF TIME STEP    1, STRESS PERIOD    8


  VOLUME BUDGET FOR ENTIRE MODEL AT END OF TIME STEP    1, STRESS PERIOD   8
  ---------------------------------------------------------------------------------------------------

     CUMULATIVE VOLUME      L**3       RATES FOR THIS TIME STEP      L**3/T          PACKAGE NAME    
     ------------------                 ------------------------                     ----------------

           IN:                                      IN:
           ---                                      ---
              STO-SS =           2.9378                STO-SS =       6.9943E-05     STORAGE                          
                 WEL =           0.0000                   WEL =           0.0000     WEL                              
                 CHD =          57.8583                   CHD =           1.0607     CHD_LEFT                         
                 CHD =       4.0651E-02                   CHD =       1.3145E-03     CHD_RIGHT                        

            TOTAL IN =          60.8367              TOTAL IN =           1.0621

          OUT:                                     OUT:
          ----                                     ----
              STO-SS =       1.6387E-06                STO-SS =       2.0248E-07     STORAGE                          
                 WEL =          56.0000                   WEL =           1.0000     WEL                              
                 CHD =           0.0000                   CHD =           0.0000     CHD_LEFT                         
                 CHD =           4.8973                   CHD =       6.2989E-02     CHD_RIGHT                        

           TOTAL OUT =          60.8973             TOTAL OUT =           1.0630

            IN - OUT =      -6.0623E-02              IN - OUT =      -8.7454E-04

 PERCENT DISCREPANCY =          -0.10     PERCENT DISCREPANCY =          -0.08




         TIME SUMMARY AT END OF TIME STEP    1 IN STRESS PERIOD    8
                          TIME STEP LENGTH =    7.00000    
                        STRESS PERIOD TIME =    7.00000    
                     TOTAL SIMULATION TIME =    56.0000    

end timestep


start timestep kper="9" kstp="1" mode="normal"


 OUTPUT CONTROL FOR STRESS PERIOD 9 IS REPEATED USING SETTINGS FROM A PREVIOUS STRESS PERIOD.

 HEAD WILL BE SAVED ON UNIT 1018 AT END OF TIME STEP    1, STRESS PERIOD    9


  VOLUME BUDGET FOR ENTIRE MODEL AT END OF TIME STEP    1, STRESS PERIOD   9
  ---------------------------------------------------------------------------------------------------

     CUMULATIVE VOLUME      L**3       RATES FOR THIS TIME STEP      L**3/T          PACKAGE NAME    
     ------------------                 ------------------------                     ----------------

           IN:                                      IN:
           ---                                      ---
              STO-SS =           2.9385                STO-SS =       1.0545E-04     STORAGE                          
                 WEL =           0.0000                   WEL =           0.0000     WEL                              
                 CHD =          65.2845                   CHD =           1.0609     CHD_LEFT                         
                 CHD =       5.0046E-02                   CHD =       1.3421E-03     CHD_RIGHT                        

            TOTAL IN =          68.2730              TOTAL IN =           1.0623

          OUT:                                     OUT:
          ----                                     ----
              STO-SS =       1.6387E-06                STO-SS =           0.0000     STORAGE                          
                 WEL =          63.0000                   WEL =           1.0000     WEL                              
                 CHD =           0.0000                   CHD =           0.0000     CHD_LEFT                         
                 CHD =           5.3374                   CHD =       6.2875E-02     CHD_RIGHT                        

           TOTAL OUT =          68.3374             TOTAL OUT =           1.0629

            IN - OUT =      -6.4387E-02              IN - OUT =      -5.3764E-04

 PERCENT DISCREPANCY =          -0.09     PERCENT DISCREPANCY =          -0.05




         TIME SUMMARY AT END OF TIME STEP    1 IN STRESS PERIOD    9
                          TIME STEP LENGTH =    7.00000    
                        STRESS PERIOD TIME =    7.00000    
                     TOTAL SIMULATION TIME =    63.0000    

end timestep


start timestep kper="10" kstp="1" mode="normal"


 OUTPUT CONTROL FOR STRESS PERIOD 10 IS REPEATED USING SETTINGS FROM A PREVIOUS STRESS PERIOD.

 HEAD WILL BE SAVED ON UNIT 1018 AT END OF TIME STEP    1, STRESS PERIOD   10


  VOLUME BUDGET FOR ENTIRE MODEL AT END OF TIME STEP    1, STRESS PERIOD  10
  ---------------------------------------------------------------------------------------------------

     CUMULATIVE VOLUME      L**3       RATES FOR THIS TIME STEP      L**3/T          PACKAGE NAME    
     ------------------                 ------------------------                     ----------------

           IN:                                      IN:
           ---                                      ---
              STO-SS =           2.9387                STO-SS =       2.9618E-05     STORAGE                          
                 WEL =           0.0000                   WEL =           0.0000     WEL                              
                 CHD =          72.7111                   CHD =           1.0609     CHD_LEFT                         
                 CHD =       5.9519E-02                   CHD =       1.3533E-03     CHD_RIGHT                        

            TOTAL IN =          75.7093              TOTAL IN =           1.0623

          OUT:                                     OUT:
          ----                                     ----
              STO-SS =       1.6565E-06                STO-SS =       2.5441E-09     STORAGE                          
                 WEL =          70.0000                   WEL =           1.0000     WEL                              
                 CHD =           0.0000                   CHD =           0.0000     CHD_LEFT                         
                 CHD =           5.7773                   CHD =       6.2845E-02     CHD_RIGHT                        

           TOTAL OUT =          75.7773             TOTAL OUT =           1.0628

            IN - OUT =      -6.8037E-02              IN - OUT =      -5.2152E-04

 PERCENT DISCREPANCY =          -0.09     PERCENT DISCREPANCY =          -0.05




         TIME SUMMARY AT END OF TIME STEP    1 IN STRESS PERIOD   10
                          TIME STEP LENGTH =    7.00000    
                        STRESS PERIOD TIME =    7.00000    
                     TOTAL SIMULATION TIME =    70.0000    

end timestep

