                                   MODFLOW 6
                U.S. GEOLOGICAL SURVEY MODULAR HYDROLOGIC MODEL
                          GROUNDWATER FLOW MODEL (GWF)
                            VERSION 6.6.3 09/29/2025

   MODFLOW 6 compiled Oct 07 2025 23:07:48 with Intel(R) Fortran Intel(R) 64
   Compiler Classic for applications running on Intel(R) 64, Version 2021.7.0
                             Build 20220726_000000

This software has been approved for release by the U.S. Geological 
Survey (USGS). Although the software has been subjected to rigorous 
review, the USGS reserves the right to update the software as needed 
pursuant to further analysis and review. No warranty, expressed or 
implied, is made by the USGS or the U.S. Government as to the 
functionality of the software and related material nor shall the 
fact of release constitute any such warranty. Furthermore, the 
software is released on condition that neither the USGS nor the U.S. 
Government shall be held liable for any damages resulting from its 
authorized or unauthorized use. Also refer to the USGS Water 
Resources Software User Rights Notice for complete use, copyright, 
and distribution information.


As a work of the United States Government, this USGS product is 
in the public domain within the United States. You can copy, 
modify, distribute, and perform the work, even for commercial 
purposes, all without asking permission. Additionally, USGS 
waives copyright and related rights in the work worldwide 
through CC0 1.0 Universal Public Domain Dedication 
(https://creativecommons.org/publicdomain/zero/1.0/).

The following GNU Lesser General Public License (LGPL) libraries
are used in this USGS product:

    SPARSKIT version 2.0
      ilut, luson, and qsplit 
      (https://www-users.cse.umn.edu/~saad/software/SPARSKIT/)

    RCM - Reverse Cuthill McKee Ordering
      (https://people.math.sc.edu/Burkardt/f_src/rcm/rcm.html)

    BLAS - Basic Linear Algebra Subprograms Level 1
      (https://people.math.sc.edu/Burkardt/f_src/blas1_d/blas1_d.html)

    SPARSEKIT - Sparse Matrix Utility Package
      amux, dperm, dvperm, rperm, and cperm
      (https://people.sc.fsu.edu/~jburkardt/f77_src/sparsekit/sparsekit.html)

The following BSD-3 License libraries are used in this USGS product:

    Modern Fortran DAG Library
      Copyright (c) 2018, Jacob Williams
      All rights reserved.
      (https://github.com/jacobwilliams/daglib)

MODFLOW 6 compiler options: /O2 /heap-arrays:0 /fpe:0 /traceback /nologo /fpp
/c /module:win64\mod_mf6\ /object:win64\obj_mf6\

System command used to initiate simulation:
C:\Python\Personal\kfm-ms\codes\binaries\MODFLOW6\windows\mf6.exe

MODFLOW was compiled using uniform precision.

Real Variables
  KIND: 8
  TINY (smallest non-zero value):    2.225074-308
  HUGE (largest value):    1.797693+308
  PRECISION: 15
  SIZE IN BITS: 64

Integer Variables
  KIND: 4
  HUGE (largest value): 2147483647
  SIZE IN BITS: 32

Long Integer Variables
  KIND: 8
  HUGE (largest value): 9223372036854775807
  SIZE IN BITS: 64

Logical Variables
  KIND: 4
  SIZE IN BITS: 32
 
 NAMEFILE OPTIONS:
    FLOWS WILL BE SAVED TO BUDGET FILE SPECIFIED IN OUTPUT CONTROL
 END NAMEFILE OPTIONS:

 DIS -- STRUCTURED GRID DISCRETIZATION PACKAGE, VERSION 2 : 3/27/2014 - INPUT READ FROM MEMPATH: __INPUT__/PHANTOM_25/DIS                          


 NPF -- NODE PROPERTY FLOW PACKAGE, VERSION 1, 3/30/2015 INPUT READ FROM MEMPATH: __INPUT__/PHANTOM_25/NPF                          


 IC -- Initial Conditions Package, Version 8, 3/28/2015 input read from mempath: __INPUT__/PHANTOM_25/IC                           


 Setting Discretization Options
    XORIGIN = .000000000000000
    YORIGIN = .000000000000000
 End Setting Discretization Options

 Setting Discretization Dimensions
    NLAY = 1
    NROW = 50
    NCOL = 50
 End Setting Discretization Dimensions

 Setting Discretization Griddata
    DELR set from input file
    DELC set from input file
    TOP set from input file
    BOTM set from input file
    IDOMAIN set from input file
 End Setting Discretization Griddata


 The specified IDOMAIN results in a reduced number of cells.
 Number of user nodes: 2500
 Number of nodes in solution: 2400


 Setting NPF Options
 End Setting NPF Options

 Setting NPF Griddata
    ICELLTYPE set from input file
    K set from input file
    K33 not provided.  Setting K33 = K.
    K22 not provided.  Setting K22 = K.
 End Setting NPF Griddata


 WEL -- WEL PACKAGE, VERSION 8, 2/22/2014 INPUT READ FROM MEMPATH: __INPUT__/PHANTOM_25/WEL                          

 PROCESSING WEL BASE OPTIONS
 END OF WEL BASE OPTIONS

 PROCESSING WEL OPTIONS
 END OF WEL OPTIONS

 PROCESSING WEL BASE DIMENSIONS
    MAXBOUND =       1
 END OF WEL BASE DIMENSIONS

 RIV -- RIV PACKAGE, VERSION 8, 2/22/2014 INPUT READ FROM MEMPATH: __INPUT__/PHANTOM_25/RIV                          

 PROCESSING RIV BASE OPTIONS
 END OF RIV BASE OPTIONS

 PROCESSING RIV OPTIONS
 END OF RIV OPTIONS

 PROCESSING RIV BASE DIMENSIONS
    MAXBOUND =      48
 END OF RIV BASE DIMENSIONS

 CHD -- CHD PACKAGE, VERSION 8, 2/22/2014 INPUT READ FROM MEMPATH: __INPUT__/PHANTOM_25/CHD                          

 PROCESSING CHD BASE OPTIONS
 END OF CHD BASE OPTIONS

 PROCESSING CHD BASE DIMENSIONS
    MAXBOUND =      48
 END OF CHD BASE DIMENSIONS
    STRT set from input file

 STO -- STORAGE PACKAGE, VERSION 1, 5/19/2014 INPUT READ FROM MEMPATH: __INPUT__/PHANTOM_25/STO                          


 PROCESSING STORAGE OPTIONS
 END OF STORAGE OPTIONS
    BINARY GRID INFORMATION WILL BE WRITTEN TO:
      UNIT NUMBER: 1017
      FILE NAME: phantom_25.dis.grb

 OPENED phantom_25.dis.grb
 FILE TYPE:DATA(BINARY)   UNIT 1017   STATUS:REPLACE             
 FORMAT:UNFORMATTED            ACCESS:STREAM              
 ACTION:READWRITE           

      THE LAST TIME STEP WILL BE PRINTED
      THE LAST TIME STEP WILL BE PRINTED
 # File generated by Flopy version 3.10.0 on 05/18/2026 at 14:43:25.

 PROCESSING OC OPTIONS

    HEAD INFORMATION WILL BE WRITTEN TO:
      UNIT NUMBER: 1018
      FILE NAME: phantom_25.hds

 OPENED phantom_25.hds
 FILE TYPE:DATA(BINARY)   UNIT 1018   STATUS:REPLACE             
 FORMAT:UNFORMATTED            ACCESS:STREAM              
 ACTION:READWRITE           

 END OF OC OPTIONS

start timestep kper="1" kstp="1" mode="normal"


 BEGIN READING OUTPUT CONTROL FOR STRESS PERIOD 1
      ALL TIME STEPS WILL BE SAVED

 END READING OUTPUT CONTROL FOR STRESS PERIOD 1


 PROCESSING STORAGE PERIOD DATA
 END PROCESSING STORAGE PERIOD DATA


 STRESS PERIOD 1 IS TRANSIENT


 HEAD WILL BE SAVED ON UNIT 1018 AT END OF TIME STEP    1, STRESS PERIOD    1


  VOLUME BUDGET FOR ENTIRE MODEL AT END OF TIME STEP    1, STRESS PERIOD   1
  ---------------------------------------------------------------------------------------------------

     CUMULATIVE VOLUME      L**3       RATES FOR THIS TIME STEP      L**3/T          PACKAGE NAME    
     ------------------                 ------------------------                     ----------------

           IN:                                      IN:
           ---                                      ---
              STO-SS =           1.9618                STO-SS =           0.2803     STORAGE                          
                 WEL =           0.0000                   WEL =           0.0000     WEL                              
                 RIV =           0.0000                   RIV =           0.0000     RIV                              
                 CHD =           6.8395                   CHD =           0.9771     CHD                              

            TOTAL IN =           8.8013              TOTAL IN =           1.2573

          OUT:                                     OUT:
          ----                                     ----
              STO-SS =       4.2991E-03                STO-SS =       6.1416E-04     STORAGE                          
                 WEL =           7.0000                   WEL =           1.0000     WEL                              
                 RIV =           1.8121                   RIV =           0.2589     RIV                              
                 CHD =           0.0000                   CHD =           0.0000     CHD                              

           TOTAL OUT =           8.8164             TOTAL OUT =           1.2595

            IN - OUT =      -1.5090E-02              IN - OUT =      -2.1558E-03

 PERCENT DISCREPANCY =          -0.17     PERCENT DISCREPANCY =          -0.17




         TIME SUMMARY AT END OF TIME STEP    1 IN STRESS PERIOD    1
                          TIME STEP LENGTH =    7.00000    
                        STRESS PERIOD TIME =    7.00000    
                     TOTAL SIMULATION TIME =    7.00000    

end timestep


start timestep kper="2" kstp="1" mode="normal"


 END OF FILE DETECTED IN OUTPUT CONTROL.
 CURRENT OUTPUT CONTROL SETTINGS WILL BE 
 REPEATED UNTIL THE END OF THE SIMULATION.

 OUTPUT CONTROL FOR STRESS PERIOD 2 IS REPEATED USING SETTINGS FROM A PREVIOUS STRESS PERIOD.

 HEAD WILL BE SAVED ON UNIT 1018 AT END OF TIME STEP    1, STRESS PERIOD    2


  VOLUME BUDGET FOR ENTIRE MODEL AT END OF TIME STEP    1, STRESS PERIOD   2
  ---------------------------------------------------------------------------------------------------

     CUMULATIVE VOLUME      L**3       RATES FOR THIS TIME STEP      L**3/T          PACKAGE NAME    
     ------------------                 ------------------------                     ----------------

           IN:                                      IN:
           ---                                      ---
              STO-SS =           2.4910                STO-SS =       7.5612E-02     STORAGE                          
                 WEL =           0.0000                   WEL =           0.0000     WEL                              
                 RIV =       2.6457E-02                   RIV =       3.7796E-03     RIV                              
                 CHD =          14.5309                   CHD =           1.0988     CHD                              

            TOTAL IN =          17.0484              TOTAL IN =           1.1782

          OUT:                                     OUT:
          ----                                     ----
              STO-SS =       4.2991E-03                STO-SS =           0.0000     STORAGE                          
                 WEL =          14.0000                   WEL =           1.0000     WEL                              
                 RIV =           3.0772                   RIV =           0.1807     RIV                              
                 CHD =           0.0000                   CHD =           0.0000     CHD                              

           TOTAL OUT =          17.0815             TOTAL OUT =           1.1807

            IN - OUT =      -3.3139E-02              IN - OUT =      -2.5784E-03

 PERCENT DISCREPANCY =          -0.19     PERCENT DISCREPANCY =          -0.22




         TIME SUMMARY AT END OF TIME STEP    1 IN STRESS PERIOD    2
                          TIME STEP LENGTH =    7.00000    
                        STRESS PERIOD TIME =    7.00000    
                     TOTAL SIMULATION TIME =    14.0000    

end timestep


start timestep kper="3" kstp="1" mode="normal"


 OUTPUT CONTROL FOR STRESS PERIOD 3 IS REPEATED USING SETTINGS FROM A PREVIOUS STRESS PERIOD.

 HEAD WILL BE SAVED ON UNIT 1018 AT END OF TIME STEP    1, STRESS PERIOD    3


  VOLUME BUDGET FOR ENTIRE MODEL AT END OF TIME STEP    1, STRESS PERIOD   3
  ---------------------------------------------------------------------------------------------------

     CUMULATIVE VOLUME      L**3       RATES FOR THIS TIME STEP      L**3/T          PACKAGE NAME    
     ------------------                 ------------------------                     ----------------

           IN:                                      IN:
           ---                                      ---
              STO-SS =           2.6287                STO-SS =       1.9668E-02     STORAGE                          
                 WEL =           0.0000                   WEL =           0.0000     WEL                              
                 RIV =       9.8816E-02                   RIV =       1.0337E-02     RIV                              
                 CHD =          22.4299                   CHD =           1.1284     CHD                              

            TOTAL IN =          25.1575              TOTAL IN =           1.1584

          OUT:                                     OUT:
          ----                                     ----
              STO-SS =       4.2991E-03                STO-SS =           0.0000     STORAGE                          
                 WEL =          21.0000                   WEL =           1.0000     WEL                              
                 RIV =           4.2200                   RIV =           0.1633     RIV                              
                 CHD =           0.0000                   CHD =           0.0000     CHD                              

           TOTAL OUT =          25.2243             TOTAL OUT =           1.1633

            IN - OUT =      -6.6798E-02              IN - OUT =      -4.8084E-03

 PERCENT DISCREPANCY =          -0.27     PERCENT DISCREPANCY =          -0.41




         TIME SUMMARY AT END OF TIME STEP    1 IN STRESS PERIOD    3
                          TIME STEP LENGTH =    7.00000    
                        STRESS PERIOD TIME =    7.00000    
                     TOTAL SIMULATION TIME =    21.0000    

end timestep


start timestep kper="4" kstp="1" mode="normal"


 OUTPUT CONTROL FOR STRESS PERIOD 4 IS REPEATED USING SETTINGS FROM A PREVIOUS STRESS PERIOD.

 HEAD WILL BE SAVED ON UNIT 1018 AT END OF TIME STEP    1, STRESS PERIOD    4


  VOLUME BUDGET FOR ENTIRE MODEL AT END OF TIME STEP    1, STRESS PERIOD   4
  ---------------------------------------------------------------------------------------------------

     CUMULATIVE VOLUME      L**3       RATES FOR THIS TIME STEP      L**3/T          PACKAGE NAME    
     ------------------                 ------------------------                     ----------------

           IN:                                      IN:
           ---                                      ---
              STO-SS =           2.6724                STO-SS =       6.2359E-03     STORAGE                          
                 WEL =           0.0000                   WEL =           0.0000     WEL                              
                 RIV =           0.1849                   RIV =       1.2295E-02     RIV                              
                 CHD =          30.3833                   CHD =           1.1362     CHD                              

            TOTAL IN =          33.2405              TOTAL IN =           1.1547

          OUT:                                     OUT:
          ----                                     ----
              STO-SS =       4.2991E-03                STO-SS =           0.0000     STORAGE                          
                 WEL =          28.0000                   WEL =           1.0000     WEL                              
                 RIV =           5.3082                   RIV =           0.1555     RIV                              
                 CHD =           0.0000                   CHD =           0.0000     CHD                              

           TOTAL OUT =          33.3125             TOTAL OUT =           1.1555

            IN - OUT =      -7.1951E-02              IN - OUT =      -7.3608E-04

 PERCENT DISCREPANCY =          -0.22     PERCENT DISCREPANCY =          -0.06




         TIME SUMMARY AT END OF TIME STEP    1 IN STRESS PERIOD    4
                          TIME STEP LENGTH =    7.00000    
                        STRESS PERIOD TIME =    7.00000    
                     TOTAL SIMULATION TIME =    28.0000    

end timestep


start timestep kper="5" kstp="1" mode="normal"


 OUTPUT CONTROL FOR STRESS PERIOD 5 IS REPEATED USING SETTINGS FROM A PREVIOUS STRESS PERIOD.

 HEAD WILL BE SAVED ON UNIT 1018 AT END OF TIME STEP    1, STRESS PERIOD    5


  VOLUME BUDGET FOR ENTIRE MODEL AT END OF TIME STEP    1, STRESS PERIOD   5
  ---------------------------------------------------------------------------------------------------

     CUMULATIVE VOLUME      L**3       RATES FOR THIS TIME STEP      L**3/T          PACKAGE NAME    
     ------------------                 ------------------------                     ----------------

           IN:                                      IN:
           ---                                      ---
              STO-SS =           2.6811                STO-SS =       1.2469E-03     STORAGE                          
                 WEL =           0.0000                   WEL =           0.0000     WEL                              
                 RIV =           0.2734                   RIV =       1.2646E-02     RIV                              
                 CHD =          38.3530                   CHD =           1.1385     CHD                              

            TOTAL IN =          41.3075              TOTAL IN =           1.1524

          OUT:                                     OUT:
          ----                                     ----
              STO-SS =       4.2991E-03                STO-SS =           0.0000     STORAGE                          
                 WEL =          35.0000                   WEL =           1.0000     WEL                              
                 RIV =           6.3903                   RIV =           0.1546     RIV                              
                 CHD =           0.0000                   CHD =           0.0000     CHD                              

           TOTAL OUT =          41.3946             TOTAL OUT =           1.1546

            IN - OUT =      -8.7173E-02              IN - OUT =      -2.1746E-03

 PERCENT DISCREPANCY =          -0.21     PERCENT DISCREPANCY =          -0.19




         TIME SUMMARY AT END OF TIME STEP    1 IN STRESS PERIOD    5
                          TIME STEP LENGTH =    7.00000    
                        STRESS PERIOD TIME =    7.00000    
                     TOTAL SIMULATION TIME =    35.0000    

end timestep


start timestep kper="6" kstp="1" mode="normal"


 OUTPUT CONTROL FOR STRESS PERIOD 6 IS REPEATED USING SETTINGS FROM A PREVIOUS STRESS PERIOD.

 HEAD WILL BE SAVED ON UNIT 1018 AT END OF TIME STEP    1, STRESS PERIOD    6


  VOLUME BUDGET FOR ENTIRE MODEL AT END OF TIME STEP    1, STRESS PERIOD   6
  ---------------------------------------------------------------------------------------------------

     CUMULATIVE VOLUME      L**3       RATES FOR THIS TIME STEP      L**3/T          PACKAGE NAME    
     ------------------                 ------------------------                     ----------------

           IN:                                      IN:
           ---                                      ---
              STO-SS =           2.6820                STO-SS =       1.2484E-04     STORAGE                          
                 WEL =           0.0000                   WEL =           0.0000     WEL                              
                 RIV =           0.3623                   RIV =       1.2694E-02     RIV                              
                 CHD =          46.3232                   CHD =           1.1386     CHD                              

            TOTAL IN =          49.3674              TOTAL IN =           1.1514

          OUT:                                     OUT:
          ----                                     ----
              STO-SS =       4.3000E-03                STO-SS =       1.2689E-07     STORAGE                          
                 WEL =          42.0000                   WEL =           1.0000     WEL                              
                 RIV =           7.4708                   RIV =           0.1543     RIV                              
                 CHD =           0.0000                   CHD =           0.0000     CHD                              

           TOTAL OUT =          49.4751             TOTAL OUT =           1.1543

            IN - OUT =          -0.1077              IN - OUT =      -2.9295E-03

 PERCENT DISCREPANCY =          -0.22     PERCENT DISCREPANCY =          -0.25




         TIME SUMMARY AT END OF TIME STEP    1 IN STRESS PERIOD    6
                          TIME STEP LENGTH =    7.00000    
                        STRESS PERIOD TIME =    7.00000    
                     TOTAL SIMULATION TIME =    42.0000    

end timestep


start timestep kper="7" kstp="1" mode="normal"


 OUTPUT CONTROL FOR STRESS PERIOD 7 IS REPEATED USING SETTINGS FROM A PREVIOUS STRESS PERIOD.

 HEAD WILL BE SAVED ON UNIT 1018 AT END OF TIME STEP    1, STRESS PERIOD    7


  VOLUME BUDGET FOR ENTIRE MODEL AT END OF TIME STEP    1, STRESS PERIOD   7
  ---------------------------------------------------------------------------------------------------

     CUMULATIVE VOLUME      L**3       RATES FOR THIS TIME STEP      L**3/T          PACKAGE NAME    
     ------------------                 ------------------------                     ----------------

           IN:                                      IN:
           ---                                      ---
              STO-SS =           2.6860                STO-SS =       5.7446E-04     STORAGE                          
                 WEL =           0.0000                   WEL =           0.0000     WEL                              
                 RIV =           0.4527                   RIV =       1.2915E-02     RIV                              
                 CHD =          54.2976                   CHD =           1.1392     CHD                              

            TOTAL IN =          57.4363              TOTAL IN =           1.1527

          OUT:                                     OUT:
          ----                                     ----
              STO-SS =       4.3001E-03                STO-SS =       5.7294E-09     STORAGE                          
                 WEL =          49.0000                   WEL =           1.0000     WEL                              
                 RIV =           8.5454                   RIV =           0.1535     RIV                              
                 CHD =           0.0000                   CHD =           0.0000     CHD                              

           TOTAL OUT =          57.5497             TOTAL OUT =           1.1535

            IN - OUT =          -0.1134              IN - OUT =      -8.1335E-04

 PERCENT DISCREPANCY =          -0.20     PERCENT DISCREPANCY =          -0.07




         TIME SUMMARY AT END OF TIME STEP    1 IN STRESS PERIOD    7
                          TIME STEP LENGTH =    7.00000    
                        STRESS PERIOD TIME =    7.00000    
                     TOTAL SIMULATION TIME =    49.0000    

end timestep


start timestep kper="8" kstp="1" mode="normal"


 OUTPUT CONTROL FOR STRESS PERIOD 8 IS REPEATED USING SETTINGS FROM A PREVIOUS STRESS PERIOD.

 HEAD WILL BE SAVED ON UNIT 1018 AT END OF TIME STEP    1, STRESS PERIOD    8


  VOLUME BUDGET FOR ENTIRE MODEL AT END OF TIME STEP    1, STRESS PERIOD   8
  ---------------------------------------------------------------------------------------------------

     CUMULATIVE VOLUME      L**3       RATES FOR THIS TIME STEP      L**3/T          PACKAGE NAME    
     ------------------                 ------------------------                     ----------------

           IN:                                      IN:
           ---                                      ---
              STO-SS =           2.6864                STO-SS =       5.7976E-05     STORAGE                          
                 WEL =           0.0000                   WEL =           0.0000     WEL                              
                 RIV =           0.5433                   RIV =       1.2941E-02     RIV                              
                 CHD =          62.2731                   CHD =           1.1394     CHD                              

            TOTAL IN =          65.5028              TOTAL IN =           1.1524

          OUT:                                     OUT:
          ----                                     ----
              STO-SS =       4.3003E-03                STO-SS =       3.3908E-08     STORAGE                          
                 WEL =          56.0000                   WEL =           1.0000     WEL                              
                 RIV =           9.6198                   RIV =           0.1535     RIV                              
                 CHD =           0.0000                   CHD =           0.0000     CHD                              

           TOTAL OUT =          65.6241             TOTAL OUT =           1.1535

            IN - OUT =          -0.1213              IN - OUT =      -1.1351E-03

 PERCENT DISCREPANCY =          -0.19     PERCENT DISCREPANCY =          -0.10




         TIME SUMMARY AT END OF TIME STEP    1 IN STRESS PERIOD    8
                          TIME STEP LENGTH =    7.00000    
                        STRESS PERIOD TIME =    7.00000    
                     TOTAL SIMULATION TIME =    56.0000    

end timestep


start timestep kper="9" kstp="1" mode="normal"


 OUTPUT CONTROL FOR STRESS PERIOD 9 IS REPEATED USING SETTINGS FROM A PREVIOUS STRESS PERIOD.

 HEAD WILL BE SAVED ON UNIT 1018 AT END OF TIME STEP    1, STRESS PERIOD    9


  VOLUME BUDGET FOR ENTIRE MODEL AT END OF TIME STEP    1, STRESS PERIOD   9
  ---------------------------------------------------------------------------------------------------

     CUMULATIVE VOLUME      L**3       RATES FOR THIS TIME STEP      L**3/T          PACKAGE NAME    
     ------------------                 ------------------------                     ----------------

           IN:                                      IN:
           ---                                      ---
              STO-SS =           2.6877                STO-SS =       1.9224E-04     STORAGE                          
                 WEL =           0.0000                   WEL =           0.0000     WEL                              
                 RIV =           0.6342                   RIV =       1.2996E-02     RIV                              
                 CHD =          70.2511                   CHD =           1.1397     CHD                              

            TOTAL IN =          73.5731              TOTAL IN =           1.1529

          OUT:                                     OUT:
          ----                                     ----
              STO-SS =       4.3003E-03                STO-SS =           0.0000     STORAGE                          
                 WEL =          63.0000                   WEL =           1.0000     WEL                              
                 RIV =          10.6932                   RIV =           0.1533     RIV                              
                 CHD =           0.0000                   CHD =           0.0000     CHD                              

           TOTAL OUT =          73.6975             TOTAL OUT =           1.1533

            IN - OUT =          -0.1245              IN - OUT =      -4.4773E-04

 PERCENT DISCREPANCY =          -0.17     PERCENT DISCREPANCY =          -0.04




         TIME SUMMARY AT END OF TIME STEP    1 IN STRESS PERIOD    9
                          TIME STEP LENGTH =    7.00000    
                        STRESS PERIOD TIME =    7.00000    
                     TOTAL SIMULATION TIME =    63.0000    

end timestep


start timestep kper="10" kstp="1" mode="normal"


 OUTPUT CONTROL FOR STRESS PERIOD 10 IS REPEATED USING SETTINGS FROM A PREVIOUS STRESS PERIOD.

 HEAD WILL BE SAVED ON UNIT 1018 AT END OF TIME STEP    1, STRESS PERIOD   10


  VOLUME BUDGET FOR ENTIRE MODEL AT END OF TIME STEP    1, STRESS PERIOD  10
  ---------------------------------------------------------------------------------------------------

     CUMULATIVE VOLUME      L**3       RATES FOR THIS TIME STEP      L**3/T          PACKAGE NAME    
     ------------------                 ------------------------                     ----------------

           IN:                                      IN:
           ---                                      ---
              STO-SS =           2.6879                STO-SS =       2.4871E-05     STORAGE                          
                 WEL =           0.0000                   WEL =           0.0000     WEL                              
                 RIV =           0.7253                   RIV =       1.3003E-02     RIV                              
                 CHD =          78.2292                   CHD =           1.1397     CHD                              

            TOTAL IN =          81.6423              TOTAL IN =           1.1528

          OUT:                                     OUT:
          ----                                     ----
              STO-SS =       4.3005E-03                STO-SS =       2.2156E-08     STORAGE                          
                 WEL =          70.0000                   WEL =           1.0000     WEL                              
                 RIV =          11.7663                   RIV =           0.1533     RIV                              
                 CHD =           0.0000                   CHD =           0.0000     CHD                              

           TOTAL OUT =          81.7706             TOTAL OUT =           1.1533

            IN - OUT =          -0.1283              IN - OUT =      -5.5027E-04

 PERCENT DISCREPANCY =          -0.16     PERCENT DISCREPANCY =          -0.05




         TIME SUMMARY AT END OF TIME STEP    1 IN STRESS PERIOD   10
                          TIME STEP LENGTH =    7.00000    
                        STRESS PERIOD TIME =    7.00000    
                     TOTAL SIMULATION TIME =    70.0000    

end timestep

