                                   MODFLOW 6
                U.S. GEOLOGICAL SURVEY MODULAR HYDROLOGIC MODEL
                          GROUNDWATER FLOW MODEL (GWF)
                            VERSION 6.6.3 09/29/2025

   MODFLOW 6 compiled Oct 07 2025 23:07:48 with Intel(R) Fortran Intel(R) 64
   Compiler Classic for applications running on Intel(R) 64, Version 2021.7.0
                             Build 20220726_000000

This software has been approved for release by the U.S. Geological 
Survey (USGS). Although the software has been subjected to rigorous 
review, the USGS reserves the right to update the software as needed 
pursuant to further analysis and review. No warranty, expressed or 
implied, is made by the USGS or the U.S. Government as to the 
functionality of the software and related material nor shall the 
fact of release constitute any such warranty. Furthermore, the 
software is released on condition that neither the USGS nor the U.S. 
Government shall be held liable for any damages resulting from its 
authorized or unauthorized use. Also refer to the USGS Water 
Resources Software User Rights Notice for complete use, copyright, 
and distribution information.


As a work of the United States Government, this USGS product is 
in the public domain within the United States. You can copy, 
modify, distribute, and perform the work, even for commercial 
purposes, all without asking permission. Additionally, USGS 
waives copyright and related rights in the work worldwide 
through CC0 1.0 Universal Public Domain Dedication 
(https://creativecommons.org/publicdomain/zero/1.0/).

The following GNU Lesser General Public License (LGPL) libraries
are used in this USGS product:

    SPARSKIT version 2.0
      ilut, luson, and qsplit 
      (https://www-users.cse.umn.edu/~saad/software/SPARSKIT/)

    RCM - Reverse Cuthill McKee Ordering
      (https://people.math.sc.edu/Burkardt/f_src/rcm/rcm.html)

    BLAS - Basic Linear Algebra Subprograms Level 1
      (https://people.math.sc.edu/Burkardt/f_src/blas1_d/blas1_d.html)

    SPARSEKIT - Sparse Matrix Utility Package
      amux, dperm, dvperm, rperm, and cperm
      (https://people.sc.fsu.edu/~jburkardt/f77_src/sparsekit/sparsekit.html)

The following BSD-3 License libraries are used in this USGS product:

    Modern Fortran DAG Library
      Copyright (c) 2018, Jacob Williams
      All rights reserved.
      (https://github.com/jacobwilliams/daglib)

MODFLOW 6 compiler options: /O2 /heap-arrays:0 /fpe:0 /traceback /nologo /fpp
/c /module:win64\mod_mf6\ /object:win64\obj_mf6\

System command used to initiate simulation:
C:\Python\Personal\kfm-ms\codes\binaries\MODFLOW6\windows\mf6.exe

MODFLOW was compiled using uniform precision.

Real Variables
  KIND: 8
  TINY (smallest non-zero value):    2.225074-308
  HUGE (largest value):    1.797693+308
  PRECISION: 15
  SIZE IN BITS: 64

Integer Variables
  KIND: 4
  HUGE (largest value): 2147483647
  SIZE IN BITS: 32

Long Integer Variables
  KIND: 8
  HUGE (largest value): 9223372036854775807
  SIZE IN BITS: 64

Logical Variables
  KIND: 4
  SIZE IN BITS: 32
 
 NAMEFILE OPTIONS:
    FLOWS WILL BE SAVED TO BUDGET FILE SPECIFIED IN OUTPUT CONTROL
 END NAMEFILE OPTIONS:

 DIS -- STRUCTURED GRID DISCRETIZATION PACKAGE, VERSION 2 : 3/27/2014 - INPUT READ FROM MEMPATH: __INPUT__/PHANTOM_3/DIS                           


 NPF -- NODE PROPERTY FLOW PACKAGE, VERSION 1, 3/30/2015 INPUT READ FROM MEMPATH: __INPUT__/PHANTOM_3/NPF                           


 IC -- Initial Conditions Package, Version 8, 3/28/2015 input read from mempath: __INPUT__/PHANTOM_3/IC                            


 Setting Discretization Options
    XORIGIN = .000000000000000
    YORIGIN = .000000000000000
 End Setting Discretization Options

 Setting Discretization Dimensions
    NLAY = 1
    NROW = 50
    NCOL = 50
 End Setting Discretization Dimensions

 Setting Discretization Griddata
    DELR set from input file
    DELC set from input file
    TOP set from input file
    BOTM set from input file
    IDOMAIN set from input file
 End Setting Discretization Griddata


 The specified IDOMAIN results in a reduced number of cells.
 Number of user nodes: 2500
 Number of nodes in solution: 2400


 Setting NPF Options
 End Setting NPF Options

 Setting NPF Griddata
    ICELLTYPE set from input file
    K set from input file
    K33 not provided.  Setting K33 = K.
    K22 not provided.  Setting K22 = K.
 End Setting NPF Griddata


 WEL -- WEL PACKAGE, VERSION 8, 2/22/2014 INPUT READ FROM MEMPATH: __INPUT__/PHANTOM_3/WEL                           

 PROCESSING WEL BASE OPTIONS
 END OF WEL BASE OPTIONS

 PROCESSING WEL OPTIONS
 END OF WEL OPTIONS

 PROCESSING WEL BASE DIMENSIONS
    MAXBOUND =       1
 END OF WEL BASE DIMENSIONS

 RIV -- RIV PACKAGE, VERSION 8, 2/22/2014 INPUT READ FROM MEMPATH: __INPUT__/PHANTOM_3/RIV                           

 PROCESSING RIV BASE OPTIONS
 END OF RIV BASE OPTIONS

 PROCESSING RIV OPTIONS
 END OF RIV OPTIONS

 PROCESSING RIV BASE DIMENSIONS
    MAXBOUND =      48
 END OF RIV BASE DIMENSIONS

 CHD -- CHD PACKAGE, VERSION 8, 2/22/2014 INPUT READ FROM MEMPATH: __INPUT__/PHANTOM_3/CHD                           

 PROCESSING CHD BASE OPTIONS
 END OF CHD BASE OPTIONS

 PROCESSING CHD BASE DIMENSIONS
    MAXBOUND =      48
 END OF CHD BASE DIMENSIONS
    STRT set from input file

 STO -- STORAGE PACKAGE, VERSION 1, 5/19/2014 INPUT READ FROM MEMPATH: __INPUT__/PHANTOM_3/STO                           


 PROCESSING STORAGE OPTIONS
 END OF STORAGE OPTIONS
    BINARY GRID INFORMATION WILL BE WRITTEN TO:
      UNIT NUMBER: 1017
      FILE NAME: phantom_3.dis.grb

 OPENED phantom_3.dis.grb
 FILE TYPE:DATA(BINARY)   UNIT 1017   STATUS:REPLACE             
 FORMAT:UNFORMATTED            ACCESS:STREAM              
 ACTION:READWRITE           

      THE LAST TIME STEP WILL BE PRINTED
      THE LAST TIME STEP WILL BE PRINTED
 # File generated by Flopy version 3.10.0 on 05/18/2026 at 14:43:24.

 PROCESSING OC OPTIONS

    HEAD INFORMATION WILL BE WRITTEN TO:
      UNIT NUMBER: 1018
      FILE NAME: phantom_3.hds

 OPENED phantom_3.hds
 FILE TYPE:DATA(BINARY)   UNIT 1018   STATUS:REPLACE             
 FORMAT:UNFORMATTED            ACCESS:STREAM              
 ACTION:READWRITE           

 END OF OC OPTIONS

start timestep kper="1" kstp="1" mode="normal"


 BEGIN READING OUTPUT CONTROL FOR STRESS PERIOD 1
      ALL TIME STEPS WILL BE SAVED

 END READING OUTPUT CONTROL FOR STRESS PERIOD 1


 PROCESSING STORAGE PERIOD DATA
 END PROCESSING STORAGE PERIOD DATA


 STRESS PERIOD 1 IS TRANSIENT


 HEAD WILL BE SAVED ON UNIT 1018 AT END OF TIME STEP    1, STRESS PERIOD    1


  VOLUME BUDGET FOR ENTIRE MODEL AT END OF TIME STEP    1, STRESS PERIOD   1
  ---------------------------------------------------------------------------------------------------

     CUMULATIVE VOLUME      L**3       RATES FOR THIS TIME STEP      L**3/T          PACKAGE NAME    
     ------------------                 ------------------------                     ----------------

           IN:                                      IN:
           ---                                      ---
              STO-SS =           0.9183                STO-SS =           0.1312     STORAGE                          
                 WEL =           0.0000                   WEL =           0.0000     WEL                              
                 RIV =           0.0000                   RIV =           0.0000     RIV                              
                 CHD =           8.8910                   CHD =           1.2701     CHD                              

            TOTAL IN =           9.8093              TOTAL IN =           1.4013

          OUT:                                     OUT:
          ----                                     ----
              STO-SS =       1.3090E-02                STO-SS =       1.8699E-03     STORAGE                          
                 WEL =           7.0000                   WEL =           1.0000     WEL                              
                 RIV =           2.8068                   RIV =           0.4010     RIV                              
                 CHD =           0.0000                   CHD =           0.0000     CHD                              

           TOTAL OUT =           9.8199             TOTAL OUT =           1.4028

            IN - OUT =      -1.0651E-02              IN - OUT =      -1.5216E-03

 PERCENT DISCREPANCY =          -0.11     PERCENT DISCREPANCY =          -0.11




         TIME SUMMARY AT END OF TIME STEP    1 IN STRESS PERIOD    1
                          TIME STEP LENGTH =    7.00000    
                        STRESS PERIOD TIME =    7.00000    
                     TOTAL SIMULATION TIME =    7.00000    

end timestep


start timestep kper="2" kstp="1" mode="normal"


 END OF FILE DETECTED IN OUTPUT CONTROL.
 CURRENT OUTPUT CONTROL SETTINGS WILL BE 
 REPEATED UNTIL THE END OF THE SIMULATION.

 OUTPUT CONTROL FOR STRESS PERIOD 2 IS REPEATED USING SETTINGS FROM A PREVIOUS STRESS PERIOD.

 HEAD WILL BE SAVED ON UNIT 1018 AT END OF TIME STEP    1, STRESS PERIOD    2


  VOLUME BUDGET FOR ENTIRE MODEL AT END OF TIME STEP    1, STRESS PERIOD   2
  ---------------------------------------------------------------------------------------------------

     CUMULATIVE VOLUME      L**3       RATES FOR THIS TIME STEP      L**3/T          PACKAGE NAME    
     ------------------                 ------------------------                     ----------------

           IN:                                      IN:
           ---                                      ---
              STO-SS =           1.1290                STO-SS =       3.0105E-02     STORAGE                          
                 WEL =           0.0000                   WEL =           0.0000     WEL                              
                 RIV =           0.0000                   RIV =           0.0000     RIV                              
                 CHD =          18.2811                   CHD =           1.3414     CHD                              

            TOTAL IN =          19.4101              TOTAL IN =           1.3716

          OUT:                                     OUT:
          ----                                     ----
              STO-SS =       1.3090E-02                STO-SS =           0.0000     STORAGE                          
                 WEL =          14.0000                   WEL =           1.0000     WEL                              
                 RIV =           5.4337                   RIV =           0.3753     RIV                              
                 CHD =           0.0000                   CHD =           0.0000     CHD                              

           TOTAL OUT =          19.4468             TOTAL OUT =           1.3753

            IN - OUT =      -3.6667E-02              IN - OUT =      -3.7166E-03

 PERCENT DISCREPANCY =          -0.19     PERCENT DISCREPANCY =          -0.27




         TIME SUMMARY AT END OF TIME STEP    1 IN STRESS PERIOD    2
                          TIME STEP LENGTH =    7.00000    
                        STRESS PERIOD TIME =    7.00000    
                     TOTAL SIMULATION TIME =    14.0000    

end timestep


start timestep kper="3" kstp="1" mode="normal"


 OUTPUT CONTROL FOR STRESS PERIOD 3 IS REPEATED USING SETTINGS FROM A PREVIOUS STRESS PERIOD.

 HEAD WILL BE SAVED ON UNIT 1018 AT END OF TIME STEP    1, STRESS PERIOD    3


  VOLUME BUDGET FOR ENTIRE MODEL AT END OF TIME STEP    1, STRESS PERIOD   3
  ---------------------------------------------------------------------------------------------------

     CUMULATIVE VOLUME      L**3       RATES FOR THIS TIME STEP      L**3/T          PACKAGE NAME    
     ------------------                 ------------------------                     ----------------

           IN:                                      IN:
           ---                                      ---
              STO-SS =           1.1872                STO-SS =       8.3063E-03     STORAGE                          
                 WEL =           0.0000                   WEL =           0.0000     WEL                              
                 RIV =           0.0000                   RIV =           0.0000     RIV                              
                 CHD =          27.7680                   CHD =           1.3553     CHD                              

            TOTAL IN =          28.9552              TOTAL IN =           1.3636

          OUT:                                     OUT:
          ----                                     ----
              STO-SS =       1.3090E-02                STO-SS =           0.0000     STORAGE                          
                 WEL =          21.0000                   WEL =           1.0000     WEL                              
                 RIV =           7.9926                   RIV =           0.3656     RIV                              
                 CHD =           0.0000                   CHD =           0.0000     CHD                              

           TOTAL OUT =          29.0057             TOTAL OUT =           1.3656

            IN - OUT =      -5.0424E-02              IN - OUT =      -1.9653E-03

 PERCENT DISCREPANCY =          -0.17     PERCENT DISCREPANCY =          -0.14




         TIME SUMMARY AT END OF TIME STEP    1 IN STRESS PERIOD    3
                          TIME STEP LENGTH =    7.00000    
                        STRESS PERIOD TIME =    7.00000    
                     TOTAL SIMULATION TIME =    21.0000    

end timestep


start timestep kper="4" kstp="1" mode="normal"


 OUTPUT CONTROL FOR STRESS PERIOD 4 IS REPEATED USING SETTINGS FROM A PREVIOUS STRESS PERIOD.

 HEAD WILL BE SAVED ON UNIT 1018 AT END OF TIME STEP    1, STRESS PERIOD    4


  VOLUME BUDGET FOR ENTIRE MODEL AT END OF TIME STEP    1, STRESS PERIOD   4
  ---------------------------------------------------------------------------------------------------

     CUMULATIVE VOLUME      L**3       RATES FOR THIS TIME STEP      L**3/T          PACKAGE NAME    
     ------------------                 ------------------------                     ----------------

           IN:                                      IN:
           ---                                      ---
              STO-SS =           1.2009                STO-SS =       1.9656E-03     STORAGE                          
                 WEL =           0.0000                   WEL =           0.0000     WEL                              
                 RIV =           0.0000                   RIV =           0.0000     RIV                              
                 CHD =          37.2647                   CHD =           1.3567     CHD                              

            TOTAL IN =          38.4656              TOTAL IN =           1.3586

          OUT:                                     OUT:
          ----                                     ----
              STO-SS =       1.3092E-02                STO-SS =       2.8587E-07     STORAGE                          
                 WEL =          28.0000                   WEL =           1.0000     WEL                              
                 RIV =          10.5320                   RIV =           0.3628     RIV                              
                 CHD =           0.0000                   CHD =           0.0000     CHD                              

           TOTAL OUT =          38.5451             TOTAL OUT =           1.3628

            IN - OUT =      -7.9527E-02              IN - OUT =      -4.1575E-03

 PERCENT DISCREPANCY =          -0.21     PERCENT DISCREPANCY =          -0.31




         TIME SUMMARY AT END OF TIME STEP    1 IN STRESS PERIOD    4
                          TIME STEP LENGTH =    7.00000    
                        STRESS PERIOD TIME =    7.00000    
                     TOTAL SIMULATION TIME =    28.0000    

end timestep


start timestep kper="5" kstp="1" mode="normal"


 OUTPUT CONTROL FOR STRESS PERIOD 5 IS REPEATED USING SETTINGS FROM A PREVIOUS STRESS PERIOD.

 HEAD WILL BE SAVED ON UNIT 1018 AT END OF TIME STEP    1, STRESS PERIOD    5


  VOLUME BUDGET FOR ENTIRE MODEL AT END OF TIME STEP    1, STRESS PERIOD   5
  ---------------------------------------------------------------------------------------------------

     CUMULATIVE VOLUME      L**3       RATES FOR THIS TIME STEP      L**3/T          PACKAGE NAME    
     ------------------                 ------------------------                     ----------------

           IN:                                      IN:
           ---                                      ---
              STO-SS =           1.2023                STO-SS =       1.9673E-04     STORAGE                          
                 WEL =           0.0000                   WEL =           0.0000     WEL                              
                 RIV =           0.0000                   RIV =           0.0000     RIV                              
                 CHD =          46.7673                   CHD =           1.3575     CHD                              

            TOTAL IN =          47.9696              TOTAL IN =           1.3577

          OUT:                                     OUT:
          ----                                     ----
              STO-SS =       1.3099E-02                STO-SS =       1.0997E-06     STORAGE                          
                 WEL =          35.0000                   WEL =           1.0000     WEL                              
                 RIV =          13.0675                   RIV =           0.3622     RIV                              
                 CHD =           0.0000                   CHD =           0.0000     CHD                              

           TOTAL OUT =          48.0806             TOTAL OUT =           1.3622

            IN - OUT =          -0.1109              IN - OUT =      -4.4845E-03

 PERCENT DISCREPANCY =          -0.23     PERCENT DISCREPANCY =          -0.33




         TIME SUMMARY AT END OF TIME STEP    1 IN STRESS PERIOD    5
                          TIME STEP LENGTH =    7.00000    
                        STRESS PERIOD TIME =    7.00000    
                     TOTAL SIMULATION TIME =    35.0000    

end timestep


start timestep kper="6" kstp="1" mode="normal"


 OUTPUT CONTROL FOR STRESS PERIOD 6 IS REPEATED USING SETTINGS FROM A PREVIOUS STRESS PERIOD.

 HEAD WILL BE SAVED ON UNIT 1018 AT END OF TIME STEP    1, STRESS PERIOD    6


  VOLUME BUDGET FOR ENTIRE MODEL AT END OF TIME STEP    1, STRESS PERIOD   6
  ---------------------------------------------------------------------------------------------------

     CUMULATIVE VOLUME      L**3       RATES FOR THIS TIME STEP      L**3/T          PACKAGE NAME    
     ------------------                 ------------------------                     ----------------

           IN:                                      IN:
           ---                                      ---
              STO-SS =           1.2061                STO-SS =       5.4078E-04     STORAGE                          
                 WEL =           0.0000                   WEL =           0.0000     WEL                              
                 RIV =           0.0000                   RIV =           0.0000     RIV                              
                 CHD =          56.2782                   CHD =           1.3587     CHD                              

            TOTAL IN =          57.4843              TOTAL IN =           1.3592

          OUT:                                     OUT:
          ----                                     ----
              STO-SS =       1.3099E-02                STO-SS =           0.0000     STORAGE                          
                 WEL =          42.0000                   WEL =           1.0000     WEL                              
                 RIV =          15.5970                   RIV =           0.3614     RIV                              
                 CHD =           0.0000                   CHD =           0.0000     CHD                              

           TOTAL OUT =          57.6101             TOTAL OUT =           1.3614

            IN - OUT =          -0.1258              IN - OUT =      -2.1198E-03

 PERCENT DISCREPANCY =          -0.22     PERCENT DISCREPANCY =          -0.16




         TIME SUMMARY AT END OF TIME STEP    1 IN STRESS PERIOD    6
                          TIME STEP LENGTH =    7.00000    
                        STRESS PERIOD TIME =    7.00000    
                     TOTAL SIMULATION TIME =    42.0000    

end timestep


start timestep kper="7" kstp="1" mode="normal"


 OUTPUT CONTROL FOR STRESS PERIOD 7 IS REPEATED USING SETTINGS FROM A PREVIOUS STRESS PERIOD.

 HEAD WILL BE SAVED ON UNIT 1018 AT END OF TIME STEP    1, STRESS PERIOD    7


  VOLUME BUDGET FOR ENTIRE MODEL AT END OF TIME STEP    1, STRESS PERIOD   7
  ---------------------------------------------------------------------------------------------------

     CUMULATIVE VOLUME      L**3       RATES FOR THIS TIME STEP      L**3/T          PACKAGE NAME    
     ------------------                 ------------------------                     ----------------

           IN:                                      IN:
           ---                                      ---
              STO-SS =           1.2071                STO-SS =       1.3656E-04     STORAGE                          
                 WEL =           0.0000                   WEL =           0.0000     WEL                              
                 RIV =           0.0000                   RIV =           0.0000     RIV                              
                 CHD =          65.7896                   CHD =           1.3588     CHD                              

            TOTAL IN =          66.9966              TOTAL IN =           1.3589

          OUT:                                     OUT:
          ----                                     ----
              STO-SS =       1.3100E-02                STO-SS =       4.5616E-08     STORAGE                          
                 WEL =          49.0000                   WEL =           1.0000     WEL                              
                 RIV =          18.1257                   RIV =           0.3612     RIV                              
                 CHD =           0.0000                   CHD =           0.0000     CHD                              

           TOTAL OUT =          67.1388             TOTAL OUT =           1.3612

            IN - OUT =          -0.1421              IN - OUT =      -2.3409E-03

 PERCENT DISCREPANCY =          -0.21     PERCENT DISCREPANCY =          -0.17




         TIME SUMMARY AT END OF TIME STEP    1 IN STRESS PERIOD    7
                          TIME STEP LENGTH =    7.00000    
                        STRESS PERIOD TIME =    7.00000    
                     TOTAL SIMULATION TIME =    49.0000    

end timestep


start timestep kper="8" kstp="1" mode="normal"


 OUTPUT CONTROL FOR STRESS PERIOD 8 IS REPEATED USING SETTINGS FROM A PREVIOUS STRESS PERIOD.

 HEAD WILL BE SAVED ON UNIT 1018 AT END OF TIME STEP    1, STRESS PERIOD    8


  VOLUME BUDGET FOR ENTIRE MODEL AT END OF TIME STEP    1, STRESS PERIOD   8
  ---------------------------------------------------------------------------------------------------

     CUMULATIVE VOLUME      L**3       RATES FOR THIS TIME STEP      L**3/T          PACKAGE NAME    
     ------------------                 ------------------------                     ----------------

           IN:                                      IN:
           ---                                      ---
              STO-SS =           1.2105                STO-SS =       4.8567E-04     STORAGE                          
                 WEL =           0.0000                   WEL =           0.0000     WEL                              
                 RIV =           0.0000                   RIV =           0.0000     RIV                              
                 CHD =          75.3056                   CHD =           1.3594     CHD                              

            TOTAL IN =          76.5160              TOTAL IN =           1.3599

          OUT:                                     OUT:
          ----                                     ----
              STO-SS =       1.3100E-02                STO-SS =           0.0000     STORAGE                          
                 WEL =          56.0000                   WEL =           1.0000     WEL                              
                 RIV =          20.6497                   RIV =           0.3606     RIV                              
                 CHD =           0.0000                   CHD =           0.0000     CHD                              

           TOTAL OUT =          76.6628             TOTAL OUT =           1.3606

            IN - OUT =          -0.1467              IN - OUT =      -6.5787E-04

 PERCENT DISCREPANCY =          -0.19     PERCENT DISCREPANCY =          -0.05




         TIME SUMMARY AT END OF TIME STEP    1 IN STRESS PERIOD    8
                          TIME STEP LENGTH =    7.00000    
                        STRESS PERIOD TIME =    7.00000    
                     TOTAL SIMULATION TIME =    56.0000    

end timestep


start timestep kper="9" kstp="1" mode="normal"


 OUTPUT CONTROL FOR STRESS PERIOD 9 IS REPEATED USING SETTINGS FROM A PREVIOUS STRESS PERIOD.

 HEAD WILL BE SAVED ON UNIT 1018 AT END OF TIME STEP    1, STRESS PERIOD    9


  VOLUME BUDGET FOR ENTIRE MODEL AT END OF TIME STEP    1, STRESS PERIOD   9
  ---------------------------------------------------------------------------------------------------

     CUMULATIVE VOLUME      L**3       RATES FOR THIS TIME STEP      L**3/T          PACKAGE NAME    
     ------------------                 ------------------------                     ----------------

           IN:                                      IN:
           ---                                      ---
              STO-SS =           1.2107                STO-SS =       3.3960E-05     STORAGE                          
                 WEL =           0.0000                   WEL =           0.0000     WEL                              
                 RIV =           0.0000                   RIV =           0.0000     RIV                              
                 CHD =          84.8220                   CHD =           1.3595     CHD                              

            TOTAL IN =          86.0327              TOTAL IN =           1.3595

          OUT:                                     OUT:
          ----                                     ----
              STO-SS =       1.3100E-02                STO-SS =       3.2516E-11     STORAGE                          
                 WEL =          63.0000                   WEL =           1.0000     WEL                              
                 RIV =          23.1732                   RIV =           0.3605     RIV                              
                 CHD =           0.0000                   CHD =           0.0000     CHD                              

           TOTAL OUT =          86.1863             TOTAL OUT =           1.3605

            IN - OUT =          -0.1536              IN - OUT =      -9.8111E-04

 PERCENT DISCREPANCY =          -0.18     PERCENT DISCREPANCY =          -0.07




         TIME SUMMARY AT END OF TIME STEP    1 IN STRESS PERIOD    9
                          TIME STEP LENGTH =    7.00000    
                        STRESS PERIOD TIME =    7.00000    
                     TOTAL SIMULATION TIME =    63.0000    

end timestep


start timestep kper="10" kstp="1" mode="normal"


 OUTPUT CONTROL FOR STRESS PERIOD 10 IS REPEATED USING SETTINGS FROM A PREVIOUS STRESS PERIOD.

 HEAD WILL BE SAVED ON UNIT 1018 AT END OF TIME STEP    1, STRESS PERIOD   10


  VOLUME BUDGET FOR ENTIRE MODEL AT END OF TIME STEP    1, STRESS PERIOD  10
  ---------------------------------------------------------------------------------------------------

     CUMULATIVE VOLUME      L**3       RATES FOR THIS TIME STEP      L**3/T          PACKAGE NAME    
     ------------------                 ------------------------                     ----------------

           IN:                                      IN:
           ---                                      ---
              STO-SS =           1.2121                STO-SS =       1.9502E-04     STORAGE                          
                 WEL =           0.0000                   WEL =           0.0000     WEL                              
                 RIV =           0.0000                   RIV =           0.0000     RIV                              
                 CHD =          94.3407                   CHD =           1.3598     CHD                              

            TOTAL IN =          95.5528              TOTAL IN =           1.3600

          OUT:                                     OUT:
          ----                                     ----
              STO-SS =       1.3100E-02                STO-SS =           0.0000     STORAGE                          
                 WEL =          70.0000                   WEL =           1.0000     WEL                              
                 RIV =          25.6946                   RIV =           0.3602     RIV                              
                 CHD =           0.0000                   CHD =           0.0000     CHD                              

           TOTAL OUT =          95.7077             TOTAL OUT =           1.3602

            IN - OUT =          -0.1549              IN - OUT =      -1.8538E-04

 PERCENT DISCREPANCY =          -0.16     PERCENT DISCREPANCY =          -0.01




         TIME SUMMARY AT END OF TIME STEP    1 IN STRESS PERIOD   10
                          TIME STEP LENGTH =    7.00000    
                        STRESS PERIOD TIME =    7.00000    
                     TOTAL SIMULATION TIME =    70.0000    

end timestep

